66.249.64.253 - - [30/Apr/2017:06:09:00 +0000] "GET /wp-content/plugins/revslider/public/assets/css/settings.css?ver=5.4.1 HTTP/1.1" 200 7067 "http://sundog-soft.com/" "Mozilla/5.0 (compatible; Googlebot/2.1; +http://www.google.com/bot.html)"
66.249.64.253 - - [30/Apr/2017:06:09:00 +0000] "GET /wp-content/plugins/mailchimp-widget/js/mailchimp-widget-min.js?ver=4.7.4 HTTP/1.1" 200 587 "http://sundog-soft.com/" "Mozilla/5.0 (compatible; Googlebot/2.1; +http://www.google.com/bot.html)"
66.249.64.249 - - [30/Apr/2017:06:09:00 +0000] "GET /wp-content/plugins/contact-form-7/includes/css/styles.css?ver=4.7 HTTP/1.1" 200 634 "http://sundog-soft.com/" "Mozilla/5.0 (compatible; Googlebot/2.1; +http://www.google.com/bot.html)"
66.249.64.249 - - [30/Apr/2017:06:09:00 +0000] "GET /wp-content/plugins/LayerSlider/static/layerslider/js/layerslider.transitions.js?ver=6.3.0 HTTP/1.1" 200 3396 "http://sundog-soft.com/" "Mozilla/5.0 (compatible; Googlebot/2.1; +http://www.google.com/bot.html)"
66.249.64.253 - - [30/Apr/2017:06:09:00 +0000] "GET /wp-content/plugins/tablepress/css/default.min.css?ver=1.8 HTTP/1.1" 200 2739 "http://sundog-soft.com/" "Mozilla/5.0 (compatible; Googlebot/2.1; +http://www.google.com/bot.html)"
66.249.64.253 - - [30/Apr/2017:06:09:00 +0000] "GET /wp-content/plugins/woocommerce/assets/js/frontend/add-to-cart.min.js?ver=3.0.4 HTTP/1.1" 200 803 "http://sundog-soft.com/" "Mozilla/5.0 (compatible; Googlebot/2.1; +http://www.google.com/bot.html)"
66.249.64.253 - - [30/Apr/2017:06:09:01 +0000] "GET /wp-content/plugins/woocommerce/assets/js/frontend/woocommerce.min.js?ver=3.0.4 HTTP/1.1" 200 291 "http://sundog-soft.com/" "Mozilla/5.0 (compatible; Googlebot/2.1; +http://www.google.com/bot.html)"
66.249.64.253 - - [30/Apr/2017:06:09:01 +0000] "GET /wp-content/plugins/js_composer/assets/css/js_composer.min.css?ver=5.1.2 HTTP/1.1" 200 44414 "http://sundog-soft.com/" "Mozilla/5.0 (compatible; Googlebot/2.1; +http://www.google.com/bot.html)"
66.249.64.253 - - [30/Apr/2017:06:09:01 +0000] "GET /wp-content/plugins/revslider/public/assets/js/jquery.themepunch.revolution.min.js?ver=5.4.1 HTTP/1.1" 200 17555 "http://sundog-soft.com/" "Mozilla/5.0 (compatible; Googlebot/2.1; +http://www.google.com/bot.html)"
66.249.64.249 - - [30/Apr/2017:06:09:01 +0000] "GET /wp-content/plugins/revslider/public/assets/js/jquery.themepunch.tools.min.js?ver=5.4.1 HTTP/1.1" 200 37359 "http://sundog-soft.com/" "Mozilla/5.0 (compatible; Googlebot/2.1; +http://www.google.com/bot.html)"
66.249.64.253 - - [30/Apr/2017:06:09:01 +0000] "GET /wp-content/plugins/contact-form-7/includes/js/scripts.js?ver=4.7 HTTP/1.1" 200 3667 "http://sundog-soft.com/" "Mozilla/5.0 (compatible; Googlebot/2.1; +http://www.google.com/bot.html)"
66.249.64.249 - - [30/Apr/2017:06:09:01 +0000] "GET /wp-content/plugins/js_composer/assets/js/dist/js_composer_front.min.js?ver=5.1.2 HTTP/1.1" 200 6450 "http://sundog-soft.com/" "Mozilla/5.0 (compatible; Googlebot/2.1; +http://www.google.com/bot.html)"
66.249.64.249 - - [30/Apr/2017:06:09:01 +0000] "GET /wp-content/plugins/js_composer/assets/lib/bower/font-awesome/fonts/fontawesome-webfont.woff2?v=4.6.3 HTTP/1.1" 200 71893 "http://sundog-soft.com/wp-content/plugins/js_composer/assets/lib/bower/font-awesome/css/font-awesome.min.css?ver=5.1.2" "Mozilla/5.0 (compatible; Googlebot/2.1; +http://www.google.com/bot.html)"
66.249.64.249 - - [30/Apr/2017:06:09:01 +0000] "GET /wp-content/plugins/revslider/public/assets/js/extensions/revolution.extension.navigation.min.js?version=5.4.1 HTTP/1.1" 200 7022 "http://sundog-soft.com/" "Mozilla/5.0 (compatible; Googlebot/2.1; +http://www.google.com/bot.html)"
66.249.64.253 - - [30/Apr/2017:06:09:01 +0000] "GET /wp-content/plugins/revslider/public/assets/js/extensions/revolution.extension.layeranimation.min.js?version=5.4.1 HTTP/1.1" 200 13985 "http://sundog-soft.com/" "Mozilla/5.0 (compatible; Googlebot/2.1; +http://www.google.com/bot.html)"
66.249.64.249 - - [30/Apr/2017:06:09:02 +0000] "GET /wp-includes/js/wp-emoji-release.min.js?ver=4.7.4 HTTP/1.1" 200 4230 "http://sundog-soft.com/" "Mozilla/5.0 (compatible; Googlebot/2.1; +http://www.google.com/bot.html)"
66.249.64.249 - - [30/Apr/2017:06:09:02 +0000] "GET /wp-content/plugins/revslider/public/assets/js/extensions/revolution.extension.slideanims.min.js?version=5.4.1 HTTP/1.1" 200 6800 "http://sundog-soft.com/" "Mozilla/5.0 (compatible; Googlebot/2.1; +http://www.google.com/bot.html)"
66.249.64.253 - - [30/Apr/2017:06:09:02 +0000] "GET /wp-content/plugins/revslider/public/assets/js/extensions/revolution.extension.actions.min.js?version=5.4.1 HTTP/1.1" 200 2694 "http://sundog-soft.com/" "Mozilla/5.0 (compatible; Googlebot/2.1; +http://www.google.com/bot.html)"
54.210.20.202 - - [30/Apr/2017:06:09:02 +0000] "POST /wp-cron.php?doing_wp_cron=1493532542.7692930698394775390625 HTTP/1.1" 200 - "http://sundog-soft.com/wp-cron.php?doing_wp_cron=1493532542.7692930698394775390625" "WordPress/4.7.4; http://sundog-soft.com"
66.249.64.253 - - [30/Apr/2017:06:09:02 +0000] "POST /?wc-ajax=get_refreshed_fragments HTTP/1.1" 200 255 "http://sundog-soft.com/" "Mozilla/5.0 (compatible; Googlebot/2.1; +http://www.google.com/bot.html)"
54.210.20.202 - - [30/Apr/2017:06:09:53 +0000] "POST /wp-cron.php?doing_wp_cron=1493532593.7801280021667480468750 HTTP/1.1" 200 - "http://sundog-soft.com/wp-cron.php?doing_wp_cron=1493532593.7801280021667480468750" "WordPress/4.7.4; http://sundog-soft.com"
193.90.12.87 - - [30/Apr/2017:06:09:53 +0000] "GET / HTTP/1.1" 301 - "-" "Mozilla/5.0 (Windows NT 5.1; rv:7.0.1) Gecko/20100101 Firefox/7.0.1"
193.90.12.87 - - [30/Apr/2017:06:09:55 +0000] "GET / HTTP/1.1" 200 20503 "-" "Mozilla/5.0 (Windows NT 5.1; rv:7.0.1) Gecko/20100101 Firefox/7.0.1"
54.210.20.202 - - [30/Apr/2017:06:09:58 +0000] "POST /wp-cron.php?doing_wp_cron=1493532598.0585720539093017578125 HTTP/1.1" 200 - "http://sundog-soft.com/wp-cron.php?doing_wp_cron=1493532598.0585720539093017578125" "WordPress/4.7.4; http://sundog-soft.com"
193.90.12.87 - - [30/Apr/2017:06:09:57 +0000] "GET / HTTP/1.1" 301 - "http://sundogsoftware.com/" "Mozilla/5.0 (Windows NT 5.1; rv:7.0.1) Gecko/20100101 Firefox/7.0.1"
51.15.53.83 - - [30/Apr/2017:06:09:59 +0000] "GET / HTTP/1.1" 200 20503 "http://sundogsoftware.com/" "Mozilla/5.0 (Windows NT 5.1; rv:7.0.1) Gecko/20100101 Firefox/7.0.1"
66.249.64.249 - - [30/Apr/2017:06:13:08 +0000] "GET /sds/2014/12/3d-water-oculus-rift/ HTTP/1.1" 301 260 "-" "Mozilla/5.0 (Linux; Android 6.0.1; Nexus 5X Build/MMB29P) AppleWebKit/537.36 (KHTML, like Gecko) Chrome/41.0.2272.96 Mobile Safari/537.36 (compatible; Googlebot/2.1; +http://www.google.com/bot.html)"
66.249.64.194 - - [30/Apr/2017:06:13:08 +0000] "GET /2014/12/3d-water-oculus-rift/ HTTP/1.1" 200 15247 "-" "Mozilla/5.0 (Linux; Android 6.0.1; Nexus 5X Build/MMB29P) AppleWebKit/537.36 (KHTML, like Gecko) Chrome/41.0.2272.96 Mobile Safari/537.36 (compatible; Googlebot/2.1; +http://www.google.com/bot.html)"
54.210.20.202 - - [30/Apr/2017:06:13:09 +0000] "GET /sitemap_index.xml HTTP/1.1" 200 389 "http://sundog-soft.com/sitemap_index.xml" "W3 Total Cache"
54.210.20.202 - - [30/Apr/2017:06:13:10 +0000] "GET /post-sitemap.xml HTTP/1.1" 200 13654 "http://sundog-soft.com/post-sitemap.xml" "W3 Total Cache"
216.244.66.246 - - [30/Apr/2017:06:13:10 +0000] "GET /2015/07/now-supporting-visual-studio-2015-and-visual-studio-2013-update-5/ HTTP/1.1" 200 62971 "-" "Mozilla/5.0 (compatible; DotBot/1.1; http://www.opensiteexplorer.org/dotbot, help@moz.com)"
54.210.20.202 - - [30/Apr/2017:06:13:12 +0000] "GET /page-sitemap.xml HTTP/1.1" 200 2198 "http://sundog-soft.com/page-sitemap.xml" "W3 Total Cache"
54.210.20.202 - - [30/Apr/2017:06:13:13 +0000] "GET /product-sitemap.xml HTTP/1.1" 200 555 "http://sundog-soft.com/product-sitemap.xml" "W3 Total Cache"
54.210.20.202 - - [30/Apr/2017:06:13:13 +0000] "GET /creativo_portfolio-sitemap.xml HTTP/1.1" 200 658 "http://sundog-soft.com/creativo_portfolio-sitemap.xml" "W3 Total Cache"
54.210.20.202 - - [30/Apr/2017:06:13:14 +0000] "GET /clients-sitemap.xml HTTP/1.1" 200 3298 "http://sundog-soft.com/clients-sitemap.xml" "W3 Total Cache"
54.210.20.202 - - [30/Apr/2017:06:13:15 +0000] "GET /category-sitemap.xml HTTP/1.1" 200 411 "http://sundog-soft.com/category-sitemap.xml" "W3 Total Cache"
54.210.20.202 - - [30/Apr/2017:06:13:15 +0000] "GET /portfolio_category-sitemap.xml HTTP/1.1" 200 337 "http://sundog-soft.com/portfolio_category-sitemap.xml" "W3 Total Cache"
54.210.20.202 - - [30/Apr/2017:06:13:16 +0000] "GET /author-sitemap.xml HTTP/1.1" 200 347 "http://sundog-soft.com/author-sitemap.xml" "W3 Total Cache"
54.210.20.202 - - [30/Apr/2017:06:13:17 +0000] "GET /clients/buildaworld/ HTTP/1.1" 200 13324 "http://sundog-soft.com/clients/buildaworld/" "WordPress"
54.210.20.202 - - [30/Apr/2017:06:13:18 +0000] "GET /clients/aegis/ HTTP/1.1" 200 13293 "http://sundog-soft.com/clients/aegis/" "WordPress"
54.210.20.202 - - [30/Apr/2017:06:13:19 +0000] "GET /clients/aer/ HTTP/1.1" 200 13290 "http://sundog-soft.com/clients/aer/" "WordPress"
54.210.20.202 - - [30/Apr/2017:06:13:19 +0000] "GET /clients/bosch/ HTTP/1.1" 200 13298 "http://sundog-soft.com/clients/bosch/" "WordPress"
54.210.20.202 - - [30/Apr/2017:06:13:20 +0000] "GET /clients/bongfish/ HTTP/1.1" 200 13313 "http://sundog-soft.com/clients/bongfish/" "WordPress"
54.210.20.202 - - [30/Apr/2017:06:13:21 +0000] "GET /clients/camber/ HTTP/1.1" 200 13300 "http://sundog-soft.com/clients/camber/" "WordPress"
54.210.20.202 - - [30/Apr/2017:06:13:22 +0000] "GET /clients/cassidian/ HTTP/1.1" 200 13302 "http://sundog-soft.com/clients/cassidian/" "WordPress"
54.210.20.202 - - [30/Apr/2017:06:13:23 +0000] "GET /clients/cati/ HTTP/1.1" 200 13302 "http://sundog-soft.com/clients/cati/" "WordPress"
54.210.20.202 - - [30/Apr/2017:06:13:24 +0000] "GET /clients/bt-solution/ HTTP/1.1" 200 13345 "http://sundog-soft.com/clients/bt-solution/" "WordPress"
54.210.20.202 - - [30/Apr/2017:06:13:25 +0000] "GET /clients/bionatics/ HTTP/1.1" 200 13309 "http://sundog-soft.com/clients/bionatics/" "WordPress"
54.210.20.202 - - [30/Apr/2017:06:13:09 +0000] "POST /wp-cron.php?doing_wp_cron=1493532789.2506029605865478515625 HTTP/1.1" 200 - "http://sundog-soft.com/wp-cron.php?doing_wp_cron=1493532789.2506029605865478515625" "WordPress/4.7.4; http://sundog-soft.com"
54.210.20.202 - - [30/Apr/2017:06:13:29 +0000] "POST /wp-cron.php?doing_wp_cron=1493532809.9142570495605468750000 HTTP/1.1" 200 - "http://sundog-soft.com/wp-cron.php?doing_wp_cron=1493532809.9142570495605468750000" "WordPress/4.7.4; http://sundog-soft.com"
199.21.99.207 - - [30/Apr/2017:06:13:29 +0000] "GET /2015/10/skymaxx-pro-3-is-a-success/ HTTP/1.1" 200 14873 "-" "Mozilla/5.0 (compatible; YandexBot/3.0; +http://yandex.com/bots)"
54.210.20.202 - - [30/Apr/2017:06:13:49 +0000] "POST /wp-cron.php?doing_wp_cron=1493532829.6536679267883300781250 HTTP/1.1" 200 - "http://sundog-soft.com/wp-cron.php?doing_wp_cron=1493532829.6536679267883300781250" "WordPress/4.7.4; http://sundog-soft.com"
104.154.198.228 - - [30/Apr/2017:06:13:49 +0000] "GET /feed/ HTTP/1.1" 200 31812 "-" "Java/1.8.0_121"
54.210.20.202 - - [30/Apr/2017:06:13:57 +0000] "POST /wp-cron.php?doing_wp_cron=1493532837.7260720729827880859375 HTTP/1.1" 200 - "http://sundog-soft.com/wp-cron.php?doing_wp_cron=1493532837.7260720729827880859375" "WordPress/4.7.4; http://sundog-soft.com"
185.24.115.153 - - [30/Apr/2017:06:13:57 +0000] "GET /wp-login.php HTTP/1.1" 200 5226 "-" "Mozilla/5.0 (Windows NT 6.0; rv:34.0) Gecko/20100101 Firefox/34.0"
54.210.20.202 - - [30/Apr/2017:06:13:59 +0000] "POST /wp-cron.php?doing_wp_cron=1493532839.2504379749298095703125 HTTP/1.1" 200 - "http://sundog-soft.com/wp-cron.php?doing_wp_cron=1493532839.2504379749298095703125" "WordPress/4.7.4; http://sundog-soft.com"
185.24.115.153 - - [30/Apr/2017:06:13:58 +0000] "POST /wp-login.php HTTP/1.1" 200 6182 "http://sundog-soft.com/wp-login.php" "Mozilla/5.0 (Windows NT 6.0; rv:34.0) Gecko/20100101 Firefox/34.0"
54.210.20.202 - - [30/Apr/2017:06:14:20 +0000] "POST /wp-cron.php?doing_wp_cron=1493532860.5494968891143798828125 HTTP/1.1" 200 - "http://sundog-soft.com/wp-cron.php?doing_wp_cron=1493532860.5494968891143798828125" "WordPress/4.7.4; http://sundog-soft.com"
216.244.66.246 - - [30/Apr/2017:06:14:19 +0000] "GET /robots.txt HTTP/1.1" 200 67 "-" "Mozilla/5.0 (compatible; DotBot/1.1; http://www.opensiteexplorer.org/dotbot, help@moz.com)"
54.210.20.202 - - [30/Apr/2017:06:14:41 +0000] "POST /wp-cron.php?doing_wp_cron=1493532881.1028718948364257812500 HTTP/1.1" 200 - "http://sundog-soft.com/wp-cron.php?doing_wp_cron=1493532881.1028718948364257812500" "WordPress/4.7.4; http://sundog-soft.com"
94.241.14.189 - - [30/Apr/2017:06:14:40 +0000] "GET /wp-login.php HTTP/1.1" 200 5226 "-" "Mozilla/5.0 (Windows NT 6.0; rv:34.0) Gecko/20100101 Firefox/34.0"
54.210.20.202 - - [30/Apr/2017:06:14:42 +0000] "POST /wp-cron.php?doing_wp_cron=1493532882.6263439655303955078125 HTTP/1.1" 200 - "http://sundog-soft.com/wp-cron.php?doing_wp_cron=1493532882.6263439655303955078125" "WordPress/4.7.4; http://sundog-soft.com"
94.241.14.189 - - [30/Apr/2017:06:14:42 +0000] "POST /wp-login.php HTTP/1.1" 200 6182 "http://sundog-soft.com/wp-login.php" "Mozilla/5.0 (Windows NT 6.0; rv:34.0) Gecko/20100101 Firefox/34.0"
67.22.196.183 - - [30/Apr/2017:06:15:44 +0000] "GET /wp-content/uploads/2014/07/TritonGodRays.jpg HTTP/1.1" 200 31178 "https://www.bing.com/" "Mozilla/5.0 (Windows NT 10.0; WOW64; rv:53.0) Gecko/20100101 Firefox/53.0"
54.210.20.202 - - [30/Apr/2017:06:15:45 +0000] "POST /wp-cron.php?doing_wp_cron=1493532945.6528229713439941406250 HTTP/1.1" 200 - "http://sundog-soft.com/wp-cron.php?doing_wp_cron=1493532945.6528229713439941406250" "WordPress/4.7.4; http://sundog-soft.com"
77.37.207.127 - - [30/Apr/2017:06:15:45 +0000] "GET /wp-login.php HTTP/1.1" 200 5226 "-" "Mozilla/5.0 (Windows NT 6.0; rv:34.0) Gecko/20100101 Firefox/34.0"
54.210.20.202 - - [30/Apr/2017:06:15:47 +0000] "POST /wp-cron.php?doing_wp_cron=1493532947.1780169010162353515625 HTTP/1.1" 200 - "http://sundog-soft.com/wp-cron.php?doing_wp_cron=1493532947.1780169010162353515625" "WordPress/4.7.4; http://sundog-soft.com"
77.37.207.127 - - [30/Apr/2017:06:15:46 +0000] "POST /wp-login.php HTTP/1.1" 200 6182 "http://sundog-soft.com/wp-login.php" "Mozilla/5.0 (Windows NT 6.0; rv:34.0) Gecko/20100101 Firefox/34.0"
54.210.20.202 - - [30/Apr/2017:06:17:15 +0000] "POST /wp-cron.php?doing_wp_cron=1493533035.5398459434509277343750 HTTP/1.1" 200 - "http://sundog-soft.com/wp-cron.php?doing_wp_cron=1493533035.5398459434509277343750" "WordPress/4.7.4; http://sundog-soft.com"
180.76.15.146 - - [30/Apr/2017:06:17:14 +0000] "GET /triton-unity HTTP/1.1" 301 - "-" "Mozilla/5.0 (compatible; Baiduspider/2.0; +http://www.baidu.com/search/spider.html)"
54.210.20.202 - - [30/Apr/2017:06:17:17 +0000] "POST /wp-cron.php?doing_wp_cron=1493533037.4650700092315673828125 HTTP/1.1" 200 - "http://sundog-soft.com/wp-cron.php?doing_wp_cron=1493533037.4650700092315673828125" "WordPress/4.7.4; http://sundog-soft.com"
180.76.15.156 - - [30/Apr/2017:06:17:16 +0000] "GET /triton-unity HTTP/1.1" 404 48248 "-" "Mozilla/5.0 (compatible; Baiduspider/2.0; +http://www.baidu.com/search/spider.html)"
54.210.20.202 - - [30/Apr/2017:06:18:23 +0000] "POST /wp-cron.php?doing_wp_cron=1493533103.2302250862121582031250 HTTP/1.1" 200 - "http://sundog-soft.com/wp-cron.php?doing_wp_cron=1493533103.2302250862121582031250" "WordPress/4.7.4; http://sundog-soft.com"
178.70.13.17 - - [30/Apr/2017:06:18:22 +0000] "GET /wp-login.php HTTP/1.1" 200 5226 "-" "Mozilla/5.0 (Windows NT 6.0; rv:34.0) Gecko/20100101 Firefox/34.0"
54.210.20.202 - - [30/Apr/2017:06:18:24 +0000] "POST /wp-cron.php?doing_wp_cron=1493533104.8644568920135498046875 HTTP/1.1" 200 - "http://sundog-soft.com/wp-cron.php?doing_wp_cron=1493533104.8644568920135498046875" "WordPress/4.7.4; http://sundog-soft.com"
178.70.13.17 - - [30/Apr/2017:06:18:24 +0000] "POST /wp-login.php HTTP/1.1" 200 6182 "http://sundog-soft.com/wp-login.php" "Mozilla/5.0 (Windows NT 6.0; rv:34.0) Gecko/20100101 Firefox/34.0"
124.93.196.46 - - [30/Apr/2017:06:18:54 +0000] "GET / HTTP/1.1" 200 20503 "-" "Mozilla/5.0 (Windows; U; MSIE 6.0; Windows NT 5.1; SV1; .NET CLR 2.0.50727; BIDUBrowser 8.4)"
124.93.196.46 - - [30/Apr/2017:06:18:54 +0000] "GET /favicon.ico HTTP/1.1" 200 - "-" "Mozilla/5.0 (Windows; U; MSIE 6.0; Windows NT 5.1; SV1; .NET CLR 2.0.50727; BIDUBrowser 8.4)"
54.210.20.202 - - [30/Apr/2017:06:21:50 +0000] "POST /wp-cron.php?doing_wp_cron=1493533310.5517609119415283203125 HTTP/1.1" 200 - "http://sundog-soft.com/wp-cron.php?doing_wp_cron=1493533310.5517609119415283203125" "WordPress/4.7.4; http://sundog-soft.com"
23.23.222.65 - - [30/Apr/2017:06:21:49 +0000] "HEAD / HTTP/1.1" 301 - "-" "SiteUptime.com"
23.23.222.65 - - [30/Apr/2017:06:21:51 +0000] "HEAD / HTTP/1.1" 200 - "-" "SiteUptime.com"
54.210.20.202 - - [30/Apr/2017:06:22:15 +0000] "POST /wp-cron.php?doing_wp_cron=1493533335.3467381000518798828125 HTTP/1.1" 200 - "http://sundog-soft.com/wp-cron.php?doing_wp_cron=1493533335.3467381000518798828125" "WordPress/4.7.4; http://sundog-soft.com"
8.29.198.27 - - [30/Apr/2017:06:22:14 +0000] "GET /feed/ HTTP/1.1" 304 - "-" "Feedly/1.0 (+http://www.feedly.com/fetcher.html; like FeedFetcher-Google)"
54.210.20.202 - - [30/Apr/2017:06:22:35 +0000] "POST /wp-cron.php?doing_wp_cron=1493533355.6717710494995117187500 HTTP/1.1" 200 - "http://sundog-soft.com/wp-cron.php?doing_wp_cron=1493533355.6717710494995117187500" "WordPress/4.7.4; http://sundog-soft.com"
104.154.198.228 - - [30/Apr/2017:06:22:35 +0000] "GET /feed/ HTTP/1.1" 200 31812 "-" "Java/1.8.0_121"
40.77.167.26 - - [30/Apr/2017:06:23:24 +0000] "GET /2016/03/celebrating-10-years-silverlining/ HTTP/1.1" 200 15114 "-" "Mozilla/5.0 (compatible; bingbot/2.0; +http://www.bing.com/bingbot.htm)"
93.81.7.213 - - [30/Apr/2017:06:23:24 +0000] "GET /wp-login.php HTTP/1.1" 200 5226 "-" "Mozilla/5.0 (Windows NT 6.0; rv:34.0) Gecko/20100101 Firefox/34.0"
54.210.20.202 - - [30/Apr/2017:06:23:25 +0000] "POST /wp-cron.php?doing_wp_cron=1493533405.1335530281066894531250 HTTP/1.1" 200 - "http://sundog-soft.com/wp-cron.php?doing_wp_cron=1493533405.1335530281066894531250" "WordPress/4.7.4; http://sundog-soft.com"
54.210.20.202 - - [30/Apr/2017:06:23:27 +0000] "POST /wp-cron.php?doing_wp_cron=1493533407.0881381034851074218750 HTTP/1.1" 200 - "http://sundog-soft.com/wp-cron.php?doing_wp_cron=1493533407.0881381034851074218750" "WordPress/4.7.4; http://sundog-soft.com"
93.81.7.213 - - [30/Apr/2017:06:23:26 +0000] "POST /wp-login.php HTTP/1.1" 200 6182 "http://sundog-soft.com/wp-login.php" "Mozilla/5.0 (Windows NT 6.0; rv:34.0) Gecko/20100101 Firefox/34.0"
54.210.20.202 - - [30/Apr/2017:06:23:45 +0000] "POST /wp-cron.php?doing_wp_cron=1493533425.8855109214782714843750 HTTP/1.1" 200 - "http://sundog-soft.com/wp-cron.php?doing_wp_cron=1493533425.8855109214782714843750" "WordPress/4.7.4; http://sundog-soft.com"
8.29.198.27 - - [30/Apr/2017:06:23:45 +0000] "GET /feed/ HTTP/1.1" 304 - "-" "Feedly/1.0 (+http://www.feedly.com/fetcher.html; like FeedFetcher-Google)"
54.210.20.202 - - [30/Apr/2017:06:23:57 +0000] "POST /wp-cron.php?doing_wp_cron=1493533437.0678000450134277343750 HTTP/1.1" 200 - "http://sundog-soft.com/wp-cron.php?doing_wp_cron=1493533437.0678000450134277343750" "WordPress/4.7.4; http://sundog-soft.com"
77.75.79.101 - - [30/Apr/2017:06:23:56 +0000] "GET /robots.txt HTTP/1.1" 200 67 "-" "Mozilla/5.0 (compatible; SeznamBot/3.2; +http://napoveda.seznam.cz/en/seznambot-intro/)"
54.80.187.225 - - [30/Apr/2017:06:23:59 +0000] "HEAD /sds/features/ocean-and-water-rendering-with-triton/ HTTP/1.1" 301 - "-" "Mozilla/5.0 (Linux; U; Android 4.2.2; en-us; GT-P5210 Build/JDQ39) AppleWebKit/534.30 (KHTML, like Gecko) Version/4.0 Safari/534.30"
54.80.187.225 - - [30/Apr/2017:06:23:59 +0000] "HEAD /features/ocean-and-water-rendering-with-triton/ HTTP/1.1" 200 - "-" "Mozilla/5.0 (Linux; U; Android 4.2.2; en-us; GT-P5210 Build/JDQ39) AppleWebKit/534.30 (KHTML, like Gecko) Version/4.0 Safari/534.30"
54.80.187.225 - - [30/Apr/2017:06:23:59 +0000] "GET /features/ocean-and-water-rendering-with-triton/ HTTP/1.1" 200 83788 "-" "Mozilla/5.0 (Linux; U; Android 4.2.2; en-us; GT-P5210 Build/JDQ39) AppleWebKit/534.30 (KHTML, like Gecko) Version/4.0 Safari/534.30"
54.210.20.202 - - [30/Apr/2017:06:24:06 +0000] "POST /wp-cron.php?doing_wp_cron=1493533446.5159490108489990234375 HTTP/1.1" 200 - "http://sundog-soft.com/wp-cron.php?doing_wp_cron=1493533446.5159490108489990234375" "WordPress/4.7.4; http://sundog-soft.com"
77.75.79.101 - - [30/Apr/2017:06:24:05 +0000] "GET /portfolio-items/sundog-game-demo-video/ HTTP/1.1" 200 12974 "-" "Mozilla/5.0 (compatible; SeznamBot/3.2; +http://napoveda.seznam.cz/en/seznambot-intro/)"
54.210.20.202 - - [30/Apr/2017:06:24:11 +0000] "POST /wp-cron.php?doing_wp_cron=1493533451.8423230648040771484375 HTTP/1.1" 200 - "http://sundog-soft.com/wp-cron.php?doing_wp_cron=1493533451.8423230648040771484375" "WordPress/4.7.4; http://sundog-soft.com"
77.75.79.101 - - [30/Apr/2017:06:24:11 +0000] "GET /2014/01/triton-ocean-sdk-40-faster/ HTTP/1.1" 200 14776 "-" "Mozilla/5.0 (compatible; SeznamBot/3.2; +http://napoveda.seznam.cz/en/seznambot-intro/)"
54.210.20.202 - - [30/Apr/2017:06:24:17 +0000] "POST /wp-cron.php?doing_wp_cron=1493533457.2731270790100097656250 HTTP/1.1" 200 - "http://sundog-soft.com/wp-cron.php?doing_wp_cron=1493533457.2731270790100097656250" "WordPress/4.7.4; http://sundog-soft.com"
77.75.79.101 - - [30/Apr/2017:06:24:16 +0000] "GET /evaluate/demos/ HTTP/1.1" 200 14712 "-" "Mozilla/5.0 (compatible; SeznamBot/3.2; +http://napoveda.seznam.cz/en/seznambot-intro/)"
54.210.20.202 - - [30/Apr/2017:06:24:20 +0000] "POST /wp-cron.php?doing_wp_cron=1493533460.9656500816345214843750 HTTP/1.1" 200 - "http://sundog-soft.com/wp-cron.php?doing_wp_cron=1493533460.9656500816345214843750" "WordPress/4.7.4; http://sundog-soft.com"
84.42.28.172 - - [30/Apr/2017:06:24:20 +0000] "GET /wp-login.php HTTP/1.1" 200 5226 "-" "Mozilla/5.0 (Windows NT 6.0; rv:34.0) Gecko/20100101 Firefox/34.0"
54.210.20.202 - - [30/Apr/2017:06:24:22 +0000] "POST /wp-cron.php?doing_wp_cron=1493533462.5244278907775878906250 HTTP/1.1" 200 - "http://sundog-soft.com/wp-cron.php?doing_wp_cron=1493533462.5244278907775878906250" "WordPress/4.7.4; http://sundog-soft.com"
84.42.28.172 - - [30/Apr/2017:06:24:21 +0000] "POST /wp-login.php HTTP/1.1" 200 6182 "http://sundog-soft.com/wp-login.php" "Mozilla/5.0 (Windows NT 6.0; rv:34.0) Gecko/20100101 Firefox/34.0"
54.210.20.202 - - [30/Apr/2017:06:25:53 +0000] "POST /wp-cron.php?doing_wp_cron=1493533553.6216950416564941406250 HTTP/1.1" 200 - "http://sundog-soft.com/wp-cron.php?doing_wp_cron=1493533553.6216950416564941406250" "WordPress/4.7.4; http://sundog-soft.com"
212.26.236.137 - - [30/Apr/2017:06:25:53 +0000] "GET /wp-login.php HTTP/1.1" 200 5226 "-" "Mozilla/5.0 (Windows NT 6.0; rv:34.0) Gecko/20100101 Firefox/34.0"
54.210.20.202 - - [30/Apr/2017:06:25:55 +0000] "POST /wp-cron.php?doing_wp_cron=1493533555.1883358955383300781250 HTTP/1.1" 200 - "http://sundog-soft.com/wp-cron.php?doing_wp_cron=1493533555.1883358955383300781250" "WordPress/4.7.4; http://sundog-soft.com"
212.26.236.137 - - [30/Apr/2017:06:25:54 +0000] "POST /wp-login.php HTTP/1.1" 200 6182 "http://sundog-soft.com/wp-login.php" "Mozilla/5.0 (Windows NT 6.0; rv:34.0) Gecko/20100101 Firefox/34.0"
54.210.20.202 - - [30/Apr/2017:06:26:33 +0000] "POST /wp-cron.php?doing_wp_cron=1493533593.5579240322113037109375 HTTP/1.1" 200 - "http://sundog-soft.com/wp-cron.php?doing_wp_cron=1493533593.5579240322113037109375" "WordPress/4.7.4; http://sundog-soft.com"
82.53.106.58 - - [30/Apr/2017:06:26:32 +0000] "GET /wp-login.php HTTP/1.1" 200 5226 "-" "Mozilla/5.0 (Windows NT 6.0; rv:34.0) Gecko/20100101 Firefox/34.0"
54.210.20.202 - - [30/Apr/2017:06:26:35 +0000] "POST /wp-cron.php?doing_wp_cron=1493533595.0634429454803466796875 HTTP/1.1" 200 - "http://sundog-soft.com/wp-cron.php?doing_wp_cron=1493533595.0634429454803466796875" "WordPress/4.7.4; http://sundog-soft.com"
82.53.106.58 - - [30/Apr/2017:06:26:34 +0000] "POST /wp-login.php HTTP/1.1" 200 6182 "http://sundog-soft.com/wp-login.php" "Mozilla/5.0 (Windows NT 6.0; rv:34.0) Gecko/20100101 Firefox/34.0"
178.79.143.171 - - [30/Apr/2017:06:27:04 +0000] "GET /sds/feed/ HTTP/1.1" 301 236 "-" "arss/testing; fsfeel@gmail.com"
54.210.20.202 - - [30/Apr/2017:06:27:05 +0000] "POST /wp-cron.php?doing_wp_cron=1493533625.6734569072723388671875 HTTP/1.1" 200 - "http://sundog-soft.com/wp-cron.php?doing_wp_cron=1493533625.6734569072723388671875" "WordPress/4.7.4; http://sundog-soft.com"
178.79.143.171 - - [30/Apr/2017:06:27:05 +0000] "GET /feed/ HTTP/1.1" 200 31812 "-" "arss/testing; fsfeel@gmail.com"
54.210.20.202 - - [30/Apr/2017:06:27:14 +0000] "POST /wp-cron.php?doing_wp_cron=1493533634.7208929061889648437500 HTTP/1.1" 200 - "http://sundog-soft.com/wp-cron.php?doing_wp_cron=1493533634.7208929061889648437500" "WordPress/4.7.4; http://sundog-soft.com"
109.196.139.60 - - [30/Apr/2017:06:27:14 +0000] "GET /wp-login.php HTTP/1.1" 200 5226 "-" "Mozilla/5.0 (Windows NT 6.0; rv:34.0) Gecko/20100101 Firefox/34.0"
54.210.20.202 - - [30/Apr/2017:06:27:16 +0000] "POST /wp-cron.php?doing_wp_cron=1493533636.2623829841613769531250 HTTP/1.1" 200 - "http://sundog-soft.com/wp-cron.php?doing_wp_cron=1493533636.2623829841613769531250" "WordPress/4.7.4; http://sundog-soft.com"
109.196.139.60 - - [30/Apr/2017:06:27:15 +0000] "POST /wp-login.php HTTP/1.1" 200 6182 "http://sundog-soft.com/wp-login.php" "Mozilla/5.0 (Windows NT 6.0; rv:34.0) Gecko/20100101 Firefox/34.0"
54.210.20.202 - - [30/Apr/2017:06:27:28 +0000] "POST /wp-cron.php?doing_wp_cron=1493533648.0630679130554199218750 HTTP/1.1" 200 - "http://sundog-soft.com/wp-cron.php?doing_wp_cron=1493533648.0630679130554199218750" "WordPress/4.7.4; http://sundog-soft.com"
188.234.221.21 - - [30/Apr/2017:06:27:27 +0000] "GET /wp-login.php HTTP/1.1" 200 5226 "-" "Mozilla/5.0 (Windows NT 6.0; rv:34.0) Gecko/20100101 Firefox/34.0"
54.210.20.202 - - [30/Apr/2017:06:27:29 +0000] "POST /wp-cron.php?doing_wp_cron=1493533649.5866639614105224609375 HTTP/1.1" 200 - "http://sundog-soft.com/wp-cron.php?doing_wp_cron=1493533649.5866639614105224609375" "WordPress/4.7.4; http://sundog-soft.com"
188.234.221.21 - - [30/Apr/2017:06:27:28 +0000] "POST /wp-login.php HTTP/1.1" 200 6182 "http://sundog-soft.com/wp-login.php" "Mozilla/5.0 (Windows NT 6.0; rv:34.0) Gecko/20100101 Firefox/34.0"
54.210.20.202 - - [30/Apr/2017:06:27:35 +0000] "POST /wp-cron.php?doing_wp_cron=1493533655.5982580184936523437500 HTTP/1.1" 200 - "http://sundog-soft.com/wp-cron.php?doing_wp_cron=1493533655.5982580184936523437500" "WordPress/4.7.4; http://sundog-soft.com"
194.187.170.117 - - [30/Apr/2017:06:27:35 +0000] "GET /robots.txt HTTP/1.0" 200 67 "-" "Mozilla/5.0 (compatible; Qwantify/2.4w; +https://www.qwant.com/)/2.4w"
54.210.20.202 - - [30/Apr/2017:06:27:37 +0000] "POST /wp-cron.php?doing_wp_cron=1493533657.1420888900756835937500 HTTP/1.1" 200 - "http://sundog-soft.com/wp-cron.php?doing_wp_cron=1493533657.1420888900756835937500" "WordPress/4.7.4; http://sundog-soft.com"
194.187.170.117 - - [30/Apr/2017:06:27:36 +0000] "GET /category/uncategorized/page/4/ HTTP/1.0" 200 14553 "-" "Mozilla/5.0 (compatible; Qwantify/2.4w; +https://www.qwant.com/)/2.4w"
66.249.64.249 - - [30/Apr/2017:06:28:08 +0000] "GET /sds/feed/ HTTP/1.1" 301 236 "-" "Mozilla/5.0 (compatible; Googlebot/2.1; +http://www.google.com/bot.html)"
54.210.20.202 - - [30/Apr/2017:06:28:09 +0000] "POST /wp-cron.php?doing_wp_cron=1493533689.4796578884124755859375 HTTP/1.1" 200 - "http://sundog-soft.com/wp-cron.php?doing_wp_cron=1493533689.4796578884124755859375" "WordPress/4.7.4; http://sundog-soft.com"
66.249.64.253 - - [30/Apr/2017:06:28:08 +0000] "GET /feed/ HTTP/1.1" 304 - "-" "Mozilla/5.0 (compatible; Googlebot/2.1; +http://www.google.com/bot.html)"
199.21.99.207 - - [30/Apr/2017:06:28:19 +0000] "GET /2014/09/comparing-triton-waveworks-osgocean-hydrax/ HTTP/1.1" 200 15373 "-" "Mozilla/5.0 (compatible; YandexBot/3.0; +http://yandex.com/bots)"
54.210.20.202 - - [30/Apr/2017:06:28:20 +0000] "GET /sitemap_index.xml HTTP/1.1" 200 389 "http://sundog-soft.com/sitemap_index.xml" "W3 Total Cache"
54.210.20.202 - - [30/Apr/2017:06:28:21 +0000] "GET /post-sitemap.xml HTTP/1.1" 200 13654 "http://sundog-soft.com/post-sitemap.xml" "W3 Total Cache"
54.210.20.202 - - [30/Apr/2017:06:28:22 +0000] "GET /page-sitemap.xml HTTP/1.1" 200 2198 "http://sundog-soft.com/page-sitemap.xml" "W3 Total Cache"
54.210.20.202 - - [30/Apr/2017:06:28:23 +0000] "GET /product-sitemap.xml HTTP/1.1" 200 555 "http://sundog-soft.com/product-sitemap.xml" "W3 Total Cache"
54.210.20.202 - - [30/Apr/2017:06:28:23 +0000] "GET /creativo_portfolio-sitemap.xml HTTP/1.1" 200 658 "http://sundog-soft.com/creativo_portfolio-sitemap.xml" "W3 Total Cache"
54.210.20.202 - - [30/Apr/2017:06:28:24 +0000] "GET /clients-sitemap.xml HTTP/1.1" 200 3298 "http://sundog-soft.com/clients-sitemap.xml" "W3 Total Cache"
54.210.20.202 - - [30/Apr/2017:06:28:25 +0000] "GET /category-sitemap.xml HTTP/1.1" 200 411 "http://sundog-soft.com/category-sitemap.xml" "W3 Total Cache"
54.210.20.202 - - [30/Apr/2017:06:28:25 +0000] "GET /portfolio_category-sitemap.xml HTTP/1.1" 200 337 "http://sundog-soft.com/portfolio_category-sitemap.xml" "W3 Total Cache"
54.210.20.202 - - [30/Apr/2017:06:28:26 +0000] "GET /author-sitemap.xml HTTP/1.1" 200 347 "http://sundog-soft.com/author-sitemap.xml" "W3 Total Cache"
54.210.20.202 - - [30/Apr/2017:06:28:27 +0000] "GET /clients/aerosim/ HTTP/1.1" 200 13299 "http://sundog-soft.com/clients/aerosim/" "WordPress"
54.210.20.202 - - [30/Apr/2017:06:28:28 +0000] "GET /clients/airbus/ HTTP/1.1" 200 13304 "http://sundog-soft.com/clients/airbus/" "WordPress"
54.210.20.202 - - [30/Apr/2017:06:28:29 +0000] "GET /clients/fantasy-fish/ HTTP/1.1" 200 13343 "http://sundog-soft.com/clients/fantasy-fish/" "WordPress"
54.210.20.202 - - [30/Apr/2017:06:28:29 +0000] "GET /clients/bae-systems/ HTTP/1.1" 200 13333 "http://sundog-soft.com/clients/bae-systems/" "WordPress"
54.210.20.202 - - [30/Apr/2017:06:28:30 +0000] "GET /clients/globalsim/ HTTP/1.1" 200 13313 "http://sundog-soft.com/clients/globalsim/" "WordPress"
54.210.20.202 - - [30/Apr/2017:06:28:31 +0000] "GET /clients/heartwood/ HTTP/1.1" 200 13308 "http://sundog-soft.com/clients/heartwood/" "WordPress"
54.210.20.202 - - [30/Apr/2017:06:28:32 +0000] "GET /clients/rsc/ HTTP/1.1" 200 13303 "http://sundog-soft.com/clients/rsc/" "WordPress"
54.210.20.202 - - [30/Apr/2017:06:28:33 +0000] "GET /clients/rio-tinto/ HTTP/1.1" 200 13328 "http://sundog-soft.com/clients/rio-tinto/" "WordPress"
54.210.20.202 - - [30/Apr/2017:06:28:34 +0000] "GET /clients/sanlab/ HTTP/1.1" 200 13293 "http://sundog-soft.com/clients/sanlab/" "WordPress"
54.210.20.202 - - [30/Apr/2017:06:28:35 +0000] "GET /clients/sea/ HTTP/1.1" 200 13290 "http://sundog-soft.com/clients/sea/" "WordPress"
54.210.20.202 - - [30/Apr/2017:06:28:20 +0000] "POST /wp-cron.php?doing_wp_cron=1493533700.1937429904937744140625 HTTP/1.1" 200 - "http://sundog-soft.com/wp-cron.php?doing_wp_cron=1493533700.1937429904937744140625" "WordPress/4.7.4; http://sundog-soft.com"
54.210.20.202 - - [30/Apr/2017:06:29:05 +0000] "POST /wp-cron.php?doing_wp_cron=1493533745.3963699340820312500000 HTTP/1.1" 200 - "http://sundog-soft.com/wp-cron.php?doing_wp_cron=1493533745.3963699340820312500000" "WordPress/4.7.4; http://sundog-soft.com"
46.190.115.87 - - [30/Apr/2017:06:29:04 +0000] "GET /wp-login.php HTTP/1.1" 200 5226 "-" "Mozilla/5.0 (Windows NT 6.0; rv:34.0) Gecko/20100101 Firefox/34.0"
54.210.20.202 - - [30/Apr/2017:06:29:06 +0000] "POST /wp-cron.php?doing_wp_cron=1493533746.9579889774322509765625 HTTP/1.1" 200 - "http://sundog-soft.com/wp-cron.php?doing_wp_cron=1493533746.9579889774322509765625" "WordPress/4.7.4; http://sundog-soft.com"
46.190.115.87 - - [30/Apr/2017:06:29:06 +0000] "POST /wp-login.php HTTP/1.1" 200 6182 "http://sundog-soft.com/wp-login.php" "Mozilla/5.0 (Windows NT 6.0; rv:34.0) Gecko/20100101 Firefox/34.0"
54.210.20.202 - - [30/Apr/2017:06:30:13 +0000] "POST /wp-cron.php?doing_wp_cron=1493533813.1635758876800537109375 HTTP/1.1" 200 - "http://sundog-soft.com/wp-cron.php?doing_wp_cron=1493533813.1635758876800537109375" "WordPress/4.7.4; http://sundog-soft.com"
199.21.99.207 - - [30/Apr/2017:06:30:12 +0000] "GET /2012/08/sundog-launches-silverlining-3d-sky-and-cloud-simulation-technology-for-android-phones-and-tablets/ HTTP/1.1" 200 15277 "-" "Mozilla/5.0 (compatible; YandexBot/3.0; +http://yandex.com/bots)"
54.210.20.202 - - [30/Apr/2017:06:30:52 +0000] "POST /wp-cron.php?doing_wp_cron=1493533852.3906219005584716796875 HTTP/1.1" 200 - "http://sundog-soft.com/wp-cron.php?doing_wp_cron=1493533852.3906219005584716796875" "WordPress/4.7.4; http://sundog-soft.com"
104.154.198.228 - - [30/Apr/2017:06:30:51 +0000] "GET /feed/ HTTP/1.1" 200 31812 "-" "Java/1.8.0_121"
54.210.20.202 - - [30/Apr/2017:06:32:00 +0000] "POST /wp-cron.php?doing_wp_cron=1493533920.9898169040679931640625 HTTP/1.1" 200 - "http://sundog-soft.com/wp-cron.php?doing_wp_cron=1493533920.9898169040679931640625" "WordPress/4.7.4; http://sundog-soft.com"
98.215.61.95 - - [30/Apr/2017:06:32:00 +0000] "GET /wp-login.php HTTP/1.1" 200 5226 "-" "Mozilla/5.0 (Windows NT 6.0; rv:34.0) Gecko/20100101 Firefox/34.0"
54.210.20.202 - - [30/Apr/2017:06:32:02 +0000] "POST /wp-cron.php?doing_wp_cron=1493533922.4514250755310058593750 HTTP/1.1" 200 - "http://sundog-soft.com/wp-cron.php?doing_wp_cron=1493533922.4514250755310058593750" "WordPress/4.7.4; http://sundog-soft.com"
98.215.61.95 - - [30/Apr/2017:06:32:01 +0000] "POST /wp-login.php HTTP/1.1" 200 6182 "http://sundog-soft.com/wp-login.php" "Mozilla/5.0 (Windows NT 6.0; rv:34.0) Gecko/20100101 Firefox/34.0"
54.210.20.202 - - [30/Apr/2017:06:32:17 +0000] "POST /wp-cron.php?doing_wp_cron=1493533937.8666710853576660156250 HTTP/1.1" 200 - "http://sundog-soft.com/wp-cron.php?doing_wp_cron=1493533937.8666710853576660156250" "WordPress/4.7.4; http://sundog-soft.com"
40.77.167.26 - - [30/Apr/2017:06:32:17 +0000] "GET /2014/05/silverlining-3-adds-hi-res-cloud-detail-towering-cumulus/ HTTP/1.1" 200 16475 "-" "Mozilla/5.0 (compatible; bingbot/2.0; +http://www.bing.com/bingbot.htm)"
40.77.167.26 - - [30/Apr/2017:06:33:02 +0000] "GET /wp-content/plugins/revslider/public/assets/js/jquery.themepunch.tools.min.js?ver=5.4.1 HTTP/1.1" 200 37359 "-" "Mozilla/5.0 (compatible; bingbot/2.0; +http://www.bing.com/bingbot.htm)"
157.55.39.209 - - [30/Apr/2017:06:33:07 +0000] "GET /wp-content/plugins/contact-form-7/includes/js/scripts.js?ver=4.7 HTTP/1.1" 200 3667 "-" "Mozilla/5.0 (compatible; bingbot/2.0; +http://www.bing.com/bingbot.htm)"
157.55.39.209 - - [30/Apr/2017:06:33:07 +0000] "GET /wp-content/plugins/mailchimp-widget/js/mailchimp-widget-min.js?ver=4.7.4 HTTP/1.1" 200 587 "-" "Mozilla/5.0 (compatible; bingbot/2.0; +http://www.bing.com/bingbot.htm)"
54.210.20.202 - - [30/Apr/2017:06:33:32 +0000] "POST /wp-cron.php?doing_wp_cron=1493534012.1767749786376953125000 HTTP/1.1" 200 - "http://sundog-soft.com/wp-cron.php?doing_wp_cron=1493534012.1767749786376953125000" "WordPress/4.7.4; http://sundog-soft.com"
108.171.129.169 - - [30/Apr/2017:06:33:31 +0000] "GET /feed/ HTTP/1.1" 200 31812 "-" "Mozilla/5.0 (Windows NT 6.1; Win64; x64; rv:53.0) Gecko/20100101 Firefox/53.0"
54.210.20.202 - - [30/Apr/2017:06:33:40 +0000] "POST /wp-cron.php?doing_wp_cron=1493534020.1557700634002685546875 HTTP/1.1" 200 - "http://sundog-soft.com/wp-cron.php?doing_wp_cron=1493534020.1557700634002685546875" "WordPress/4.7.4; http://sundog-soft.com"
213.87.121.194 - - [30/Apr/2017:06:33:39 +0000] "GET /wp-login.php HTTP/1.1" 200 5226 "-" "Mozilla/5.0 (Windows NT 6.0; rv:34.0) Gecko/20100101 Firefox/34.0"
54.210.20.202 - - [30/Apr/2017:06:33:41 +0000] "POST /wp-cron.php?doing_wp_cron=1493534021.7684309482574462890625 HTTP/1.1" 200 - "http://sundog-soft.com/wp-cron.php?doing_wp_cron=1493534021.7684309482574462890625" "WordPress/4.7.4; http://sundog-soft.com"
213.87.121.194 - - [30/Apr/2017:06:33:41 +0000] "POST /wp-login.php HTTP/1.1" 200 6182 "http://sundog-soft.com/wp-login.php" "Mozilla/5.0 (Windows NT 6.0; rv:34.0) Gecko/20100101 Firefox/34.0"
54.210.20.202 - - [30/Apr/2017:06:33:49 +0000] "POST /wp-cron.php?doing_wp_cron=1493534029.7467300891876220703125 HTTP/1.1" 200 - "http://sundog-soft.com/wp-cron.php?doing_wp_cron=1493534029.7467300891876220703125" "WordPress/4.7.4; http://sundog-soft.com"
180.76.15.140 - - [30/Apr/2017:06:33:49 +0000] "GET /2010/06/opengl-3-2-support-and-no-more-popping-clouds/ HTTP/1.1" 301 - "-" "Mozilla/5.0 (compatible; Baiduspider/2.0; +http://www.baidu.com/search/spider.html)"
54.210.20.202 - - [30/Apr/2017:06:33:51 +0000] "POST /wp-cron.php?doing_wp_cron=1493534031.6427309513092041015625 HTTP/1.1" 200 - "http://sundog-soft.com/wp-cron.php?doing_wp_cron=1493534031.6427309513092041015625" "WordPress/4.7.4; http://sundog-soft.com"
180.76.15.5 - - [30/Apr/2017:06:33:51 +0000] "GET /2010/06/opengl-3-2-support-and-no-more-popping-clouds/ HTTP/1.1" 200 15466 "-" "Mozilla/5.0 (compatible; Baiduspider/2.0; +http://www.baidu.com/search/spider.html)"

217.182.132.91 - - [30/Apr/2017:06:35:14 +0000] "GET /wp-content/uploads/2011/09/Triton1.jpg HTTP/1.1" 200 160386 "-" "Mozilla/5.0 (compatible; AhrefsBot/5.2; +http://ahrefs.com/robot/)"
66.249.64.249 - - [30/Apr/2017:06:35:24 +0000] "GET /sds/wp-content/uploads/2016/03/stallwarning-300x108.jpg HTTP/1.1" 301 282 "-" "Googlebot-Image/1.0"
66.249.64.253 - - [30/Apr/2017:06:35:25 +0000] "GET /wp-content/uploads/2016/03/stallwarning-300x108.jpg HTTP/1.1" 200 8671 "-" "Googlebot-Image/1.0"
54.210.20.202 - - [30/Apr/2017:06:35:52 +0000] "POST /wp-cron.php?doing_wp_cron=1493534152.0822339057922363281250 HTTP/1.1" 200 - "http://sundog-soft.com/wp-cron.php?doing_wp_cron=1493534152.0822339057922363281250" "WordPress/4.7.4; http://sundog-soft.com"
77.37.207.127 - - [30/Apr/2017:06:35:51 +0000] "GET /wp-login.php HTTP/1.1" 200 5226 "-" "Mozilla/5.0 (Windows NT 6.0; rv:34.0) Gecko/20100101 Firefox/34.0"
54.210.20.202 - - [30/Apr/2017:06:35:53 +0000] "POST /wp-cron.php?doing_wp_cron=1493534153.6555058956146240234375 HTTP/1.1" 200 - "http://sundog-soft.com/wp-cron.php?doing_wp_cron=1493534153.6555058956146240234375" "WordPress/4.7.4; http://sundog-soft.com"
77.37.207.127 - - [30/Apr/2017:06:35:53 +0000] "POST /wp-login.php HTTP/1.1" 200 6182 "http://sundog-soft.com/wp-login.php" "Mozilla/5.0 (Windows NT 6.0; rv:34.0) Gecko/20100101 Firefox/34.0"
54.210.20.202 - - [30/Apr/2017:06:36:13 +0000] "POST /wp-cron.php?doing_wp_cron=1493534173.0697669982910156250000 HTTP/1.1" 200 - "http://sundog-soft.com/wp-cron.php?doing_wp_cron=1493534173.0697669982910156250000" "WordPress/4.7.4; http://sundog-soft.com"
88.147.152.209 - - [30/Apr/2017:06:36:12 +0000] "GET /wp-login.php HTTP/1.1" 200 5226 "-" "Mozilla/5.0 (Windows NT 6.0; rv:34.0) Gecko/20100101 Firefox/34.0"
54.210.20.202 - - [30/Apr/2017:06:36:14 +0000] "POST /wp-cron.php?doing_wp_cron=1493534174.6735320091247558593750 HTTP/1.1" 200 - "http://sundog-soft.com/wp-cron.php?doing_wp_cron=1493534174.6735320091247558593750" "WordPress/4.7.4; http://sundog-soft.com"
88.147.152.209 - - [30/Apr/2017:06:36:14 +0000] "POST /wp-login.php HTTP/1.1" 200 6182 "http://sundog-soft.com/wp-login.php" "Mozilla/5.0 (Windows NT 6.0; rv:34.0) Gecko/20100101 Firefox/34.0"
54.210.20.202 - - [30/Apr/2017:06:36:59 +0000] "POST /wp-cron.php?doing_wp_cron=1493534219.7729010581970214843750 HTTP/1.1" 200 - "http://sundog-soft.com/wp-cron.php?doing_wp_cron=1493534219.7729010581970214843750" "WordPress/4.7.4; http://sundog-soft.com"
185.25.32.33 - - [30/Apr/2017:06:36:59 +0000] "GET /robots.txt HTTP/1.1" 200 67 "-" "robots"
94.142.242.84 - - [30/Apr/2017:06:37:02 +0000] "GET / HTTP/1.1" 200 20503 "-" "Mozilla/5.0 (Windows NT 5.1; rv:7.0.1) Gecko/20100101 Firefox/7.0.1"
185.25.32.33 - - [30/Apr/2017:06:37:04 +0000] "GET /sds/feed/ HTTP/1.1" 301 236 "-" "magpie-crawler/1.1 (U; Linux amd64; en-GB; +http://www.brandwatch.net)"
54.210.20.202 - - [30/Apr/2017:06:37:05 +0000] "POST /wp-cron.php?doing_wp_cron=1493534225.8197898864746093750000 HTTP/1.1" 200 - "http://sundog-soft.com/wp-cron.php?doing_wp_cron=1493534225.8197898864746093750000" "WordPress/4.7.4; http://sundog-soft.com"
185.38.14.215 - - [30/Apr/2017:06:37:05 +0000] "POST / HTTP/1.1" 200 20542 "http://sundog-soft.com/" "Mozilla/5.0 (Windows NT 5.1; rv:7.0.1) Gecko/20100101 Firefox/7.0.1"
54.210.20.202 - - [30/Apr/2017:06:37:08 +0000] "POST /wp-cron.php?doing_wp_cron=1493534228.9016969203948974609375 HTTP/1.1" 200 - "http://sundog-soft.com/wp-cron.php?doing_wp_cron=1493534228.9016969203948974609375" "WordPress/4.7.4; http://sundog-soft.com"
185.25.32.33 - - [30/Apr/2017:06:37:08 +0000] "GET /feed/ HTTP/1.1" 200 31812 "-" "magpie-crawler/1.1 (U; Linux amd64; en-GB; +http://www.brandwatch.net)"
54.210.20.202 - - [30/Apr/2017:06:37:53 +0000] "POST /wp-cron.php?doing_wp_cron=1493534273.9580419063568115234375 HTTP/1.1" 200 - "http://sundog-soft.com/wp-cron.php?doing_wp_cron=1493534273.9580419063568115234375" "WordPress/4.7.4; http://sundog-soft.com"
157.55.39.123 - - [30/Apr/2017:06:37:53 +0000] "GET /2015/02/training-astronauts/ HTTP/1.1" 200 14915 "-" "Mozilla/5.0 (compatible; bingbot/2.0; +http://www.bing.com/bingbot.htm)"
54.210.20.202 - - [30/Apr/2017:06:38:03 +0000] "POST /wp-cron.php?doing_wp_cron=1493534283.3077919483184814453125 HTTP/1.1" 200 - "http://sundog-soft.com/wp-cron.php?doing_wp_cron=1493534283.3077919483184814453125" "WordPress/4.7.4; http://sundog-soft.com"
202.62.16.216 - - [30/Apr/2017:06:38:02 +0000] "GET /wp-login.php HTTP/1.1" 200 5226 "-" "Mozilla/5.0 (Windows NT 6.0; rv:34.0) Gecko/20100101 Firefox/34.0"
54.210.20.202 - - [30/Apr/2017:06:38:05 +0000] "POST /wp-cron.php?doing_wp_cron=1493534285.0563910007476806640625 HTTP/1.1" 200 - "http://sundog-soft.com/wp-cron.php?doing_wp_cron=1493534285.0563910007476806640625" "WordPress/4.7.4; http://sundog-soft.com"
202.62.16.216 - - [30/Apr/2017:06:38:04 +0000] "POST /wp-login.php HTTP/1.1" 200 6182 "http://sundog-soft.com/wp-login.php" "Mozilla/5.0 (Windows NT 6.0; rv:34.0) Gecko/20100101 Firefox/34.0"
54.210.20.202 - - [30/Apr/2017:06:38:46 +0000] "POST /wp-cron.php?doing_wp_cron=1493534326.9460520744323730468750 HTTP/1.1" 200 - "http://sundog-soft.com/wp-cron.php?doing_wp_cron=1493534326.9460520744323730468750" "WordPress/4.7.4; http://sundog-soft.com"
5.141.215.83 - - [30/Apr/2017:06:38:46 +0000] "GET /wp-login.php HTTP/1.1" 200 5226 "-" "Mozilla/5.0 (Windows NT 6.0; rv:34.0) Gecko/20100101 Firefox/34.0"
54.210.20.202 - - [30/Apr/2017:06:38:48 +0000] "POST /wp-cron.php?doing_wp_cron=1493534328.5644099712371826171875 HTTP/1.1" 200 - "http://sundog-soft.com/wp-cron.php?doing_wp_cron=1493534328.5644099712371826171875" "WordPress/4.7.4; http://sundog-soft.com"
5.141.215.83 - - [30/Apr/2017:06:38:47 +0000] "POST /wp-login.php HTTP/1.1" 200 6182 "http://sundog-soft.com/wp-login.php" "Mozilla/5.0 (Windows NT 6.0; rv:34.0) Gecko/20100101 Firefox/34.0"
54.210.20.202 - - [30/Apr/2017:06:40:29 +0000] "POST /wp-cron.php?doing_wp_cron=1493534429.1704480648040771484375 HTTP/1.1" 200 - "http://sundog-soft.com/wp-cron.php?doing_wp_cron=1493534429.1704480648040771484375" "WordPress/4.7.4; http://sundog-soft.com"
104.154.198.228 - - [30/Apr/2017:06:40:28 +0000] "GET /feed/ HTTP/1.1" 200 31812 "-" "Java/1.8.0_121"
54.210.20.202 - - [30/Apr/2017:06:42:07 +0000] "POST /wp-cron.php?doing_wp_cron=1493534527.4555220603942871093750 HTTP/1.1" 200 - "http://sundog-soft.com/wp-cron.php?doing_wp_cron=1493534527.4555220603942871093750" "WordPress/4.7.4; http://sundog-soft.com"
180.76.15.33 - - [30/Apr/2017:06:42:06 +0000] "GET / HTTP/1.1" 301 - "-" "Mozilla/5.0 (compatible; Baiduspider/2.0; +http://www.baidu.com/search/spider.html)"
54.210.20.202 - - [30/Apr/2017:06:43:11 +0000] "POST /wp-cron.php?doing_wp_cron=1493534591.5125310420989990234375 HTTP/1.1" 200 - "http://sundog-soft.com/wp-cron.php?doing_wp_cron=1493534591.5125310420989990234375" "WordPress/4.7.4; http://sundog-soft.com"
180.76.15.151 - - [30/Apr/2017:06:43:10 +0000] "GET / HTTP/1.1" 301 - "-" "Mozilla/5.0 (compatible; Baiduspider/2.0; +http://www.baidu.com/search/spider.html)"
89.139.189.84 - - [30/Apr/2017:06:44:32 +0000] "GET /wp-login.php HTTP/1.1" 200 5226 "-" "Mozilla/5.0 (Windows NT 6.0; rv:34.0) Gecko/20100101 Firefox/34.0"
54.210.20.202 - - [30/Apr/2017:06:44:33 +0000] "GET /sitemap_index.xml HTTP/1.1" 200 389 "http://sundog-soft.com/sitemap_index.xml" "W3 Total Cache"
89.139.189.84 - - [30/Apr/2017:06:44:34 +0000] "POST /wp-login.php HTTP/1.1" 200 6182 "http://sundog-soft.com/wp-login.php" "Mozilla/5.0 (Windows NT 6.0; rv:34.0) Gecko/20100101 Firefox/34.0"
54.210.20.202 - - [30/Apr/2017:06:44:34 +0000] "GET /post-sitemap.xml HTTP/1.1" 200 13654 "http://sundog-soft.com/post-sitemap.xml" "W3 Total Cache"
54.210.20.202 - - [30/Apr/2017:06:44:35 +0000] "GET /page-sitemap.xml HTTP/1.1" 200 2198 "http://sundog-soft.com/page-sitemap.xml" "W3 Total Cache"
54.210.20.202 - - [30/Apr/2017:06:44:36 +0000] "GET /product-sitemap.xml HTTP/1.1" 200 555 "http://sundog-soft.com/product-sitemap.xml" "W3 Total Cache"
54.210.20.202 - - [30/Apr/2017:06:44:37 +0000] "GET /creativo_portfolio-sitemap.xml HTTP/1.1" 200 658 "http://sundog-soft.com/creativo_portfolio-sitemap.xml" "W3 Total Cache"
54.210.20.202 - - [30/Apr/2017:06:44:37 +0000] "GET /clients-sitemap.xml HTTP/1.1" 200 3298 "http://sundog-soft.com/clients-sitemap.xml" "W3 Total Cache"
54.210.20.202 - - [30/Apr/2017:06:44:38 +0000] "GET /category-sitemap.xml HTTP/1.1" 200 411 "http://sundog-soft.com/category-sitemap.xml" "W3 Total Cache"
54.210.20.202 - - [30/Apr/2017:06:44:39 +0000] "GET /portfolio_category-sitemap.xml HTTP/1.1" 200 337 "http://sundog-soft.com/portfolio_category-sitemap.xml" "W3 Total Cache"
54.210.20.202 - - [30/Apr/2017:06:44:39 +0000] "GET /author-sitemap.xml HTTP/1.1" 200 347 "http://sundog-soft.com/author-sitemap.xml" "W3 Total Cache"
54.210.20.202 - - [30/Apr/2017:06:44:40 +0000] "GET /clients/simlat/ HTTP/1.1" 200 13293 "http://sundog-soft.com/clients/simlat/" "WordPress"
54.210.20.202 - - [30/Apr/2017:06:44:41 +0000] "GET /clients/rik-corp/ HTTP/1.1" 200 13325 "http://sundog-soft.com/clients/rik-corp/" "WordPress"
54.210.20.202 - - [30/Apr/2017:06:44:42 +0000] "GET /clients/rfactor-2/ HTTP/1.1" 200 13312 "http://sundog-soft.com/clients/rfactor-2/" "WordPress"
54.210.20.202 - - [30/Apr/2017:06:44:43 +0000] "GET /clients/portal-da-brasil/ HTTP/1.1" 200 13347 "http://sundog-soft.com/clients/portal-da-brasil/" "WordPress"
54.210.20.202 - - [30/Apr/2017:06:44:44 +0000] "GET /clients/playnet-inc/ HTTP/1.1" 200 13320 "http://sundog-soft.com/clients/playnet-inc/" "WordPress"
54.210.20.202 - - [30/Apr/2017:06:44:45 +0000] "GET /clients/presagis/ HTTP/1.1" 200 13309 "http://sundog-soft.com/clients/presagis/" "WordPress"
54.210.20.202 - - [30/Apr/2017:06:44:45 +0000] "GET /clients/raydon/ HTTP/1.1" 200 13306 "http://sundog-soft.com/clients/raydon/" "WordPress"
54.210.20.202 - - [30/Apr/2017:06:44:46 +0000] "GET /clients/red-giant/ HTTP/1.1" 200 13319 "http://sundog-soft.com/clients/red-giant/" "WordPress"
54.210.20.202 - - [30/Apr/2017:06:44:47 +0000] "GET /clients/simurban/ HTTP/1.1" 200 13302 "http://sundog-soft.com/clients/simurban/" "WordPress"
54.210.20.202 - - [30/Apr/2017:06:44:48 +0000] "GET /clients/te-simulation/ HTTP/1.1" 200 13351 "http://sundog-soft.com/clients/te-simulation/" "WordPress"
54.210.20.202 - - [30/Apr/2017:06:44:33 +0000] "POST /wp-cron.php?doing_wp_cron=1493534672.9974119663238525390625 HTTP/1.1" 200 - "http://sundog-soft.com/wp-cron.php?doing_wp_cron=1493534672.9974119663238525390625" "WordPress/4.7.4; http://sundog-soft.com"
54.210.20.202 - - [30/Apr/2017:06:45:08 +0000] "POST /wp-cron.php?doing_wp_cron=1493534708.2818410396575927734375 HTTP/1.1" 200 - "http://sundog-soft.com/wp-cron.php?doing_wp_cron=1493534708.2818410396575927734375" "WordPress/4.7.4; http://sundog-soft.com"
185.26.92.74 - - [30/Apr/2017:06:45:07 +0000] "GET /robots.txt HTTP/1.1" 200 67 "-" "GarlikCrawler/1.2 (http://garlik.com/, crawler@garlik.com)"
185.26.92.74 - - [30/Apr/2017:06:45:09 +0000] "GET / HTTP/1.1" 200 20503 "-" "GarlikCrawler/1.2 (http://garlik.com/, crawler@garlik.com)"
185.26.92.74 - - [30/Apr/2017:06:45:12 +0000] "GET /sds/blog/ HTTP/1.1" 301 236 "-" "GarlikCrawler/1.2 (http://garlik.com/, crawler@garlik.com)"
54.210.20.202 - - [30/Apr/2017:06:45:12 +0000] "POST /wp-cron.php?doing_wp_cron=1493534712.7871210575103759765625 HTTP/1.1" 200 - "http://sundog-soft.com/wp-cron.php?doing_wp_cron=1493534712.7871210575103759765625" "WordPress/4.7.4; http://sundog-soft.com"
185.26.92.74 - - [30/Apr/2017:06:45:12 +0000] "GET /blog/ HTTP/1.1" 200 14913 "-" "GarlikCrawler/1.2 (http://garlik.com/, crawler@garlik.com)"
54.210.20.202 - - [30/Apr/2017:06:45:17 +0000] "POST /wp-cron.php?doing_wp_cron=1493534717.8160030841827392578125 HTTP/1.1" 200 - "http://sundog-soft.com/wp-cron.php?doing_wp_cron=1493534717.8160030841827392578125" "WordPress/4.7.4; http://sundog-soft.com"
180.76.15.22 - - [30/Apr/2017:06:45:17 +0000] "GET /2013/04/ HTTP/1.1" 200 13287 "-" "Mozilla/5.0 (compatible; Baiduspider/2.0; +http://www.baidu.com/search/spider.html)"
185.26.92.74 - - [30/Apr/2017:06:45:18 +0000] "GET /gallery/ HTTP/1.1" 301 - "-" "GarlikCrawler/1.2 (http://garlik.com/, crawler@garlik.com)"
54.210.20.202 - - [30/Apr/2017:06:45:20 +0000] "POST /wp-cron.php?doing_wp_cron=1493534720.1958260536193847656250 HTTP/1.1" 200 - "http://sundog-soft.com/wp-cron.php?doing_wp_cron=1493534720.1958260536193847656250" "WordPress/4.7.4; http://sundog-soft.com"
185.26.92.74 - - [30/Apr/2017:06:45:19 +0000] "GET /evaluate/gallery/ HTTP/1.1" 200 15233 "-" "GarlikCrawler/1.2 (http://garlik.com/, crawler@garlik.com)"
185.26.92.74 - - [30/Apr/2017:06:45:23 +0000] "GET /sds/our-software-licensing-agreement/ HTTP/1.1" 301 264 "-" "GarlikCrawler/1.2 (http://garlik.com/, crawler@garlik.com)"
