216.244.66.246 - - [30/Apr/2017:04:28:11 +0000] "GET /docs/triton/pages.html HTTP/1.1" 200 5639 "-" "Mozilla/5.0 (compatible; DotBot/1.1; http://www.opensiteexplorer.org/dotbot, help@moz.com)"
199.21.99.207 - - [30/Apr/2017:04:29:44 +0000] "GET /docs/triton/class_triton_1_1_wind_fetch-members.html HTTP/1.1" 200 1845 "-" "Mozilla/5.0 (compatible; YandexBot/3.0; +http://yandex.com/bots)"
199.21.99.207 - - [30/Apr/2017:04:29:57 +0000] "GET /docs/triton/class_triton_1_1_breaking_waves_parameters-members.html HTTP/1.1" 200 1967 "-" "Mozilla/5.0 (compatible; YandexBot/3.0; +http://yandex.com/bots)"
100.43.90.9 - - [30/Apr/2017:04:30:13 +0000] "GET /docs/html/functions_rela.html HTTP/1.1" 200 882 "-" "Mozilla/5.0 (compatible; YandexBot/3.0; +http://yandex.com/bots)"
217.182.132.36 - - [30/Apr/2017:04:30:31 +0000] "GET /2012/08/sundog-software-featured-in-august-2012-issue-of-develop/ HTTP/1.1" 200 14326 "-" "Mozilla/5.0 (compatible; AhrefsBot/5.2; +http://ahrefs.com/robot/)"
54.210.20.202 - - [30/Apr/2017:04:30:58 +0000] "POST /wp-cron.php?doing_wp_cron=1493526658.6017329692840576171875 HTTP/1.1" 200 - "http://sundog-soft.com/wp-cron.php?doing_wp_cron=1493526658.6017329692840576171875" "WordPress/4.7.4; http://sundog-soft.com"
77.247.181.163 - - [30/Apr/2017:04:30:57 +0000] "GET / HTTP/1.1" 301 - "-" "Mozilla/5.0 (Windows NT 5.1; rv:7.0.1) Gecko/20100101 Firefox/7.0.1"
46.101.139.248 - - [30/Apr/2017:04:31:00 +0000] "GET / HTTP/1.1" 200 20503 "-" "Mozilla/5.0 (Windows NT 5.1; rv:7.0.1) Gecko/20100101 Firefox/7.0.1"
54.210.20.202 - - [30/Apr/2017:04:31:03 +0000] "POST /wp-cron.php?doing_wp_cron=1493526663.8020460605621337890625 HTTP/1.1" 200 - "http://sundog-soft.com/wp-cron.php?doing_wp_cron=1493526663.8020460605621337890625" "WordPress/4.7.4; http://sundog-soft.com"
46.101.139.248 - - [30/Apr/2017:04:31:03 +0000] "GET / HTTP/1.1" 301 - "http://sundogsoftware.com/" "Mozilla/5.0 (Windows NT 5.1; rv:7.0.1) Gecko/20100101 Firefox/7.0.1"
199.21.99.207 - - [30/Apr/2017:04:31:09 +0000] "GET /docs/html/functions_func_0x6c.html HTTP/1.1" 200 1299 "-" "Mozilla/5.0 (compatible; YandexBot/3.0; +http://yandex.com/bots)"
199.21.99.207 - - [30/Apr/2017:04:31:23 +0000] "GET /docs/triton/functions_func_0x68.html HTTP/1.1" 200 1707 "-" "Mozilla/5.0 (compatible; YandexBot/3.0; +http://yandex.com/bots)"
54.210.20.202 - - [30/Apr/2017:04:32:02 +0000] "POST /wp-cron.php?doing_wp_cron=1493526722.2566750049591064453125 HTTP/1.1" 200 - "http://sundog-soft.com/wp-cron.php?doing_wp_cron=1493526722.2566750049591064453125" "WordPress/4.7.4; http://sundog-soft.com"
5.141.214.11 - - [30/Apr/2017:04:32:01 +0000] "GET /wp-login.php HTTP/1.1" 200 5226 "-" "Mozilla/5.0 (Windows NT 6.0; rv:34.0) Gecko/20100101 Firefox/34.0"
54.210.20.202 - - [30/Apr/2017:04:32:03 +0000] "POST /wp-cron.php?doing_wp_cron=1493526723.9208920001983642578125 HTTP/1.1" 200 - "http://sundog-soft.com/wp-cron.php?doing_wp_cron=1493526723.9208920001983642578125" "WordPress/4.7.4; http://sundog-soft.com"
5.141.214.11 - - [30/Apr/2017:04:32:03 +0000] "POST /wp-login.php HTTP/1.1" 200 6182 "http://sundog-soft.com/wp-login.php" "Mozilla/5.0 (Windows NT 6.0; rv:34.0) Gecko/20100101 Firefox/34.0"
54.210.20.202 - - [30/Apr/2017:04:32:36 +0000] "POST /wp-cron.php?doing_wp_cron=1493526756.7188360691070556640625 HTTP/1.1" 200 - "http://sundog-soft.com/wp-cron.php?doing_wp_cron=1493526756.7188360691070556640625" "WordPress/4.7.4; http://sundog-soft.com"
212.109.27.134 - - [30/Apr/2017:04:32:36 +0000] "GET /wp-login.php HTTP/1.1" 200 5226 "-" "Mozilla/5.0 (Windows NT 6.0; rv:34.0) Gecko/20100101 Firefox/34.0"
54.210.20.202 - - [30/Apr/2017:04:32:38 +0000] "POST /wp-cron.php?doing_wp_cron=1493526758.2967031002044677734375 HTTP/1.1" 200 - "http://sundog-soft.com/wp-cron.php?doing_wp_cron=1493526758.2967031002044677734375" "WordPress/4.7.4; http://sundog-soft.com"
212.109.27.134 - - [30/Apr/2017:04:32:37 +0000] "POST /wp-login.php HTTP/1.1" 200 6182 "http://sundog-soft.com/wp-login.php" "Mozilla/5.0 (Windows NT 6.0; rv:34.0) Gecko/20100101 Firefox/34.0"
54.210.20.202 - - [30/Apr/2017:04:33:15 +0000] "POST /wp-cron.php?doing_wp_cron=1493526795.5258820056915283203125 HTTP/1.1" 200 - "http://sundog-soft.com/wp-cron.php?doing_wp_cron=1493526795.5258820056915283203125" "WordPress/4.7.4; http://sundog-soft.com"
104.154.198.228 - - [30/Apr/2017:04:33:14 +0000] "GET /feed/ HTTP/1.1" 200 31812 "-" "Java/1.8.0_121"
54.210.20.202 - - [30/Apr/2017:04:33:31 +0000] "POST /wp-cron.php?doing_wp_cron=1493526811.7200520038604736328125 HTTP/1.1" 200 - "http://sundog-soft.com/wp-cron.php?doing_wp_cron=1493526811.7200520038604736328125" "WordPress/4.7.4; http://sundog-soft.com"
108.171.129.169 - - [30/Apr/2017:04:33:31 +0000] "GET /feed/ HTTP/1.1" 200 31812 "-" "Mozilla/5.0 (Windows NT 6.1; Win64; x64; rv:53.0) Gecko/20100101 Firefox/53.0"
54.210.20.202 - - [30/Apr/2017:04:33:58 +0000] "POST /wp-cron.php?doing_wp_cron=1493526837.9989309310913085937500 HTTP/1.1" 200 - "http://sundog-soft.com/wp-cron.php?doing_wp_cron=1493526837.9989309310913085937500" "WordPress/4.7.4; http://sundog-soft.com"
217.118.90.49 - - [30/Apr/2017:04:33:57 +0000] "GET /wp-login.php HTTP/1.1" 200 5226 "-" "Mozilla/5.0 (Windows NT 6.0; rv:34.0) Gecko/20100101 Firefox/34.0"
54.210.20.202 - - [30/Apr/2017:04:33:59 +0000] "POST /wp-cron.php?doing_wp_cron=1493526839.5685200691223144531250 HTTP/1.1" 200 - "http://sundog-soft.com/wp-cron.php?doing_wp_cron=1493526839.5685200691223144531250" "WordPress/4.7.4; http://sundog-soft.com"
217.118.90.49 - - [30/Apr/2017:04:33:58 +0000] "POST /wp-login.php HTTP/1.1" 200 6182 "http://sundog-soft.com/wp-login.php" "Mozilla/5.0 (Windows NT 6.0; rv:34.0) Gecko/20100101 Firefox/34.0"
109.163.234.2 - - [30/Apr/2017:04:34:09 +0000] "GET / HTTP/1.1" 200 20503 "-" "Mozilla/5.0 (Windows NT 5.1; rv:7.0.1) Gecko/20100101 Firefox/7.0.1"
54.210.20.202 - - [30/Apr/2017:04:34:11 +0000] "POST /wp-cron.php?doing_wp_cron=1493526851.0895419120788574218750 HTTP/1.1" 200 - "http://sundog-soft.com/wp-cron.php?doing_wp_cron=1493526851.0895419120788574218750" "WordPress/4.7.4; http://sundog-soft.com"
109.163.234.2 - - [30/Apr/2017:04:34:10 +0000] "POST / HTTP/1.1" 200 20542 "http://sundog-soft.com/" "Mozilla/5.0 (Windows NT 5.1; rv:7.0.1) Gecko/20100101 Firefox/7.0.1"
81.30.223.226 - - [30/Apr/2017:04:34:20 +0000] "GET /wp-login.php HTTP/1.1" 200 5226 "-" "Mozilla/5.0 (Windows NT 6.0; rv:34.0) Gecko/20100101 Firefox/34.0"
54.210.20.202 - - [30/Apr/2017:04:34:21 +0000] "POST /wp-cron.php?doing_wp_cron=1493526861.3935019969940185546875 HTTP/1.1" 200 - "http://sundog-soft.com/wp-cron.php?doing_wp_cron=1493526861.3935019969940185546875" "WordPress/4.7.4; http://sundog-soft.com"
84.42.28.172 - - [30/Apr/2017:04:34:20 +0000] "GET /wp-login.php HTTP/1.1" 200 5226 "-" "Mozilla/5.0 (Windows NT 6.0; rv:34.0) Gecko/20100101 Firefox/34.0"
81.30.223.226 - - [30/Apr/2017:04:34:22 +0000] "POST /wp-login.php HTTP/1.1" 200 6182 "http://sundog-soft.com/wp-login.php" "Mozilla/5.0 (Windows NT 6.0; rv:34.0) Gecko/20100101 Firefox/34.0"
54.210.20.202 - - [30/Apr/2017:04:34:23 +0000] "POST /wp-cron.php?doing_wp_cron=1493526863.8034720420837402343750 HTTP/1.1" 200 - "http://sundog-soft.com/wp-cron.php?doing_wp_cron=1493526863.8034720420837402343750" "WordPress/4.7.4; http://sundog-soft.com"
84.42.28.172 - - [30/Apr/2017:04:34:22 +0000] "POST /wp-login.php HTTP/1.1" 200 6182 "http://sundog-soft.com/wp-login.php" "Mozilla/5.0 (Windows NT 6.0; rv:34.0) Gecko/20100101 Firefox/34.0"
54.210.20.202 - - [30/Apr/2017:04:34:55 +0000] "POST /wp-cron.php?doing_wp_cron=1493526895.7230939865112304687500 HTTP/1.1" 200 - "http://sundog-soft.com/wp-cron.php?doing_wp_cron=1493526895.7230939865112304687500" "WordPress/4.7.4; http://sundog-soft.com"
180.76.15.140 - - [30/Apr/2017:04:34:55 +0000] "GET / HTTP/1.1" 301 - "-" "Mozilla/5.0 (compatible; Baiduspider/2.0; +http://www.baidu.com/search/spider.html)"
54.210.20.202 - - [30/Apr/2017:04:35:45 +0000] "POST /wp-cron.php?doing_wp_cron=1493526945.0879158973693847656250 HTTP/1.1" 200 - "http://sundog-soft.com/wp-cron.php?doing_wp_cron=1493526945.0879158973693847656250" "WordPress/4.7.4; http://sundog-soft.com"
180.76.15.160 - - [30/Apr/2017:04:35:44 +0000] "GET / HTTP/1.1" 301 - "-" "Mozilla/5.0 (compatible; Baiduspider/2.0; +http://www.baidu.com/search/spider.html)"
117.193.31.89 - - [30/Apr/2017:04:35:48 +0000] "GET /docs/triton/advanced.html HTTP/1.1" 200 8579 "-" "Mozilla/5.0 (Windows NT 10.0; WOW64) AppleWebKit/537.36 (KHTML, like Gecko) Chrome/58.0.3029.81 Safari/537.36"
117.193.31.89 - - [30/Apr/2017:04:35:51 +0000] "GET /favicon.ico HTTP/1.1" 200 - "http://www.sundog-soft.com/docs/triton/advanced.html" "Mozilla/5.0 (Windows NT 10.0; WOW64) AppleWebKit/537.36 (KHTML, like Gecko) Chrome/58.0.3029.81 Safari/537.36"
54.210.20.202 - - [30/Apr/2017:04:37:02 +0000] "POST /wp-cron.php?doing_wp_cron=1493527021.9930109977722167968750 HTTP/1.1" 200 - "http://sundog-soft.com/wp-cron.php?doing_wp_cron=1493527021.9930109977722167968750" "WordPress/4.7.4; http://sundog-soft.com"
34.195.252.134 - - [30/Apr/2017:04:37:01 +0000] "GET /robots.txt HTTP/1.1" 200 67 "-" "Amazon CloudFront"
54.210.20.202 - - [30/Apr/2017:04:37:12 +0000] "POST /wp-cron.php?doing_wp_cron=1493527032.8261559009552001953125 HTTP/1.1" 200 - "http://sundog-soft.com/wp-cron.php?doing_wp_cron=1493527032.8261559009552001953125" "WordPress/4.7.4; http://sundog-soft.com"
142.160.107.21 - - [30/Apr/2017:04:37:12 +0000] "GET /2015/05/simulated-water-refraction-using-transparency/ HTTP/1.1" 200 15687 "-" "Mozilla/5.0 (Macintosh; Intel Mac OS X 10_12_4) AppleWebKit/537.36 (KHTML, like Gecko) Chrome/58.0.3029.81 Safari/537.36"
142.160.107.21 - - [30/Apr/2017:04:37:14 +0000] "GET /favicon.ico HTTP/1.1" 200 - "http://sundog-soft.com/2015/05/simulated-water-refraction-using-transparency/" "Mozilla/5.0 (Macintosh; Intel Mac OS X 10_12_4) AppleWebKit/537.36 (KHTML, like Gecko) Chrome/58.0.3029.81 Safari/537.36"
54.210.20.202 - - [30/Apr/2017:04:37:15 +0000] "POST /wp-cron.php?doing_wp_cron=1493527035.2365489006042480468750 HTTP/1.1" 200 - "http://sundog-soft.com/wp-cron.php?doing_wp_cron=1493527035.2365489006042480468750" "WordPress/4.7.4; http://sundog-soft.com"
142.160.107.21 - - [30/Apr/2017:04:37:14 +0000] "POST /2015/05/simulated-water-refraction-using-transparency/?wc-ajax=get_refreshed_fragments HTTP/1.1" 200 255 "http://sundog-soft.com/2015/05/simulated-water-refraction-using-transparency/" "Mozilla/5.0 (Macintosh; Intel Mac OS X 10_12_4) AppleWebKit/537.36 (KHTML, like Gecko) Chrome/58.0.3029.81 Safari/537.36"
180.76.15.134 - - [30/Apr/2017:04:37:51 +0000] "GET /docs/html/_frustum_8h.html HTTP/1.1" 200 1678 "-" "Mozilla/5.0 (compatible; Baiduspider/2.0; +http://www.baidu.com/search/spider.html)"
92.247.181.8 - - [30/Apr/2017:04:37:53 +0000] "GET /sds/feed/ HTTP/1.1" 301 236 "http://sundog-soft.com/" "Mozilla/5.0 (compatible; inoreader.com-like FeedFetcher-Google)"
92.247.181.8 - - [30/Apr/2017:04:37:53 +0000] "GET /feed/ HTTP/1.1" 304 - "http://sundog-soft.com/" "Mozilla/5.0 (compatible; inoreader.com-like FeedFetcher-Google)"
54.210.20.202 - - [30/Apr/2017:04:37:54 +0000] "GET /sitemap_index.xml HTTP/1.1" 200 389 "http://sundog-soft.com/sitemap_index.xml" "W3 Total Cache"
54.210.20.202 - - [30/Apr/2017:04:37:55 +0000] "GET /post-sitemap.xml HTTP/1.1" 200 13654 "http://sundog-soft.com/post-sitemap.xml" "W3 Total Cache"
54.210.20.202 - - [30/Apr/2017:04:37:56 +0000] "GET /page-sitemap.xml HTTP/1.1" 200 2198 "http://sundog-soft.com/page-sitemap.xml" "W3 Total Cache"
54.210.20.202 - - [30/Apr/2017:04:37:57 +0000] "GET /product-sitemap.xml HTTP/1.1" 200 555 "http://sundog-soft.com/product-sitemap.xml" "W3 Total Cache"
54.210.20.202 - - [30/Apr/2017:04:37:57 +0000] "GET /creativo_portfolio-sitemap.xml HTTP/1.1" 200 658 "http://sundog-soft.com/creativo_portfolio-sitemap.xml" "W3 Total Cache"
54.210.20.202 - - [30/Apr/2017:04:37:58 +0000] "GET /clients-sitemap.xml HTTP/1.1" 200 3298 "http://sundog-soft.com/clients-sitemap.xml" "W3 Total Cache"
54.210.20.202 - - [30/Apr/2017:04:37:59 +0000] "GET /category-sitemap.xml HTTP/1.1" 200 411 "http://sundog-soft.com/category-sitemap.xml" "W3 Total Cache"
54.210.20.202 - - [30/Apr/2017:04:37:59 +0000] "GET /portfolio_category-sitemap.xml HTTP/1.1" 200 337 "http://sundog-soft.com/portfolio_category-sitemap.xml" "W3 Total Cache"
54.210.20.202 - - [30/Apr/2017:04:38:00 +0000] "GET /author-sitemap.xml HTTP/1.1" 200 347 "http://sundog-soft.com/author-sitemap.xml" "W3 Total Cache"
54.210.20.202 - - [30/Apr/2017:04:38:01 +0000] "GET /features/ HTTP/1.1" 200 13327 "http://sundog-soft.com/features/" "WordPress"
54.210.20.202 - - [30/Apr/2017:04:38:02 +0000] "GET /3d-oceans-openscenegraph/ HTTP/1.1" 200 15016 "http://sundog-soft.com/3d-oceans-openscenegraph/" "WordPress"
54.210.20.202 - - [30/Apr/2017:04:38:02 +0000] "GET /3d-water-oceans-torque-3d/ HTTP/1.1" 200 14953 "http://sundog-soft.com/3d-water-oceans-torque-3d/" "WordPress"
54.210.20.202 - - [30/Apr/2017:04:38:03 +0000] "GET /features/ocean-and-water-rendering-with-triton/unity-water-effects-with-triton-for-unity-pro/ HTTP/1.1" 200 16358 "http://sundog-soft.com/features/ocean-and-water-rendering-with-triton/unity-water-effects-with-triton-for-unity-pro/" "WordPress"
54.210.20.202 - - [30/Apr/2017:04:38:03 +0000] "GET /evaluate/download/ HTTP/1.1" 200 15884 "http://sundog-soft.com/evaluate/download/" "WordPress"
54.210.20.202 - - [30/Apr/2017:04:38:03 +0000] "GET /dynamic-skies-3d-clouds-openscenegraph/ HTTP/1.1" 200 14967 "http://sundog-soft.com/dynamic-skies-3d-clouds-openscenegraph/" "WordPress"
54.210.20.202 - - [30/Apr/2017:04:38:04 +0000] "GET /dynamic-skies-3d-clouds-ogre/ HTTP/1.1" 200 14905 "http://sundog-soft.com/dynamic-skies-3d-clouds-ogre/" "WordPress"
54.210.20.202 - - [30/Apr/2017:04:38:05 +0000] "GET /3d-water-oceans-ogre/ HTTP/1.1" 200 14943 "http://sundog-soft.com/3d-water-oceans-ogre/" "WordPress"
54.210.20.202 - - [30/Apr/2017:04:38:05 +0000] "GET / HTTP/1.1" 200 20503 "http://sundog-soft.com/" "WordPress"
54.210.20.202 - - [30/Apr/2017:04:38:05 +0000] "GET /product/silverlining-product-license-without-source-code/ HTTP/1.1" 200 14513 "http://sundog-soft.com/product/silverlining-product-license-without-source-code/" "WordPress"
54.210.20.202 - - [30/Apr/2017:04:37:54 +0000] "POST /wp-cron.php?doing_wp_cron=1493527074.2895140647888183593750 HTTP/1.1" 200 - "http://sundog-soft.com/wp-cron.php?doing_wp_cron=1493527074.2895140647888183593750" "WordPress/4.7.4; http://sundog-soft.com"
54.210.20.202 - - [30/Apr/2017:04:38:22 +0000] "POST /wp-cron.php?doing_wp_cron=1493527102.2734150886535644531250 HTTP/1.1" 200 - "http://sundog-soft.com/wp-cron.php?doing_wp_cron=1493527102.2734150886535644531250" "WordPress/4.7.4; http://sundog-soft.com"
66.249.64.194 - - [30/Apr/2017:04:38:21 +0000] "GET /robots.txt HTTP/1.1" 200 67 "-" "Mozilla/5.0 (compatible; Googlebot/2.1; +http://www.google.com/bot.html)"
66.249.64.253 - - [30/Apr/2017:04:38:23 +0000] "GET /features/ocean-and-water-rendering-with-triton/unity-water-effects-with-triton-for-unity-pro/ HTTP/1.1" 200 16358 "-" "Mozilla/5.0 (compatible; Googlebot/2.1; +http://www.google.com/bot.html)"
142.160.107.21 - - [30/Apr/2017:04:38:56 +0000] "GET /features/ocean-and-water-rendering-with-triton/ HTTP/1.1" 200 16609 "https://www.google.ca/" "Mozilla/5.0 (Windows NT 6.1; WOW64) AppleWebKit/537.36 (KHTML, like Gecko) Chrome/57.0.2987.133 Safari/537.36"
142.160.107.21 - - [30/Apr/2017:04:38:56 +0000] "GET /wp-content/plugins/LayerSlider/static/layerslider/css/layerslider.css?ver=6.3.0 HTTP/1.1" 200 3792 "http://sundog-soft.com/features/ocean-and-water-rendering-with-triton/" "Mozilla/5.0 (Windows NT 6.1; WOW64) AppleWebKit/537.36 (KHTML, like Gecko) Chrome/57.0.2987.133 Safari/537.36"
142.160.107.21 - - [30/Apr/2017:04:38:56 +0000] "GET /wp-content/plugins/contact-form-7/includes/css/styles.css?ver=4.7 HTTP/1.1" 200 634 "http://sundog-soft.com/features/ocean-and-water-rendering-with-triton/" "Mozilla/5.0 (Windows NT 6.1; WOW64) AppleWebKit/537.36 (KHTML, like Gecko) Chrome/57.0.2987.133 Safari/537.36"
142.160.107.21 - - [30/Apr/2017:04:38:56 +0000] "GET /wp-content/plugins/revslider/public/assets/css/settings.css?ver=5.4.1 HTTP/1.1" 200 7067 "http://sundog-soft.com/features/ocean-and-water-rendering-with-triton/" "Mozilla/5.0 (Windows NT 6.1; WOW64) AppleWebKit/537.36 (KHTML, like Gecko) Chrome/57.0.2987.133 Safari/537.36"
142.160.107.21 - - [30/Apr/2017:04:38:56 +0000] "GET /wp-content/plugins/tablepress/css/default.min.css?ver=1.8 HTTP/1.1" 200 2739 "http://sundog-soft.com/features/ocean-and-water-rendering-with-triton/" "Mozilla/5.0 (Windows NT 6.1; WOW64) AppleWebKit/537.36 (KHTML, like Gecko) Chrome/57.0.2987.133 Safari/537.36"
142.160.107.21 - - [30/Apr/2017:04:38:56 +0000] "GET /wp-content/plugins/mailchimp-for-wp/assets/css/form-basic.min.css?ver=4.1.1 HTTP/1.1" 200 697 "http://sundog-soft.com/features/ocean-and-water-rendering-with-triton/" "Mozilla/5.0 (Windows NT 6.1; WOW64) AppleWebKit/537.36 (KHTML, like Gecko) Chrome/57.0.2987.133 Safari/537.36"
142.160.107.21 - - [30/Apr/2017:04:38:56 +0000] "GET /wp-content/plugins/js_composer/assets/lib/bower/font-awesome/css/font-awesome.min.css?ver=5.1.2 HTTP/1.1" 200 6684 "http://sundog-soft.com/features/ocean-and-water-rendering-with-triton/" "Mozilla/5.0 (Windows NT 6.1; WOW64) AppleWebKit/537.36 (KHTML, like Gecko) Chrome/57.0.2987.133 Safari/537.36"
142.160.107.21 - - [30/Apr/2017:04:38:56 +0000] "GET /wp-content/plugins/mailchimp-widget/js/mailchimp-widget-min.js?ver=4.7.4 HTTP/1.1" 200 587 "http://sundog-soft.com/features/ocean-and-water-rendering-with-triton/" "Mozilla/5.0 (Windows NT 6.1; WOW64) AppleWebKit/537.36 (KHTML, like Gecko) Chrome/57.0.2987.133 Safari/537.36"
142.160.107.21 - - [30/Apr/2017:04:38:56 +0000] "GET /wp-content/plugins/LayerSlider/static/layerslider/js/layerslider.transitions.js?ver=6.3.0 HTTP/1.1" 200 3396 "http://sundog-soft.com/features/ocean-and-water-rendering-with-triton/" "Mozilla/5.0 (Windows NT 6.1; WOW64) AppleWebKit/537.36 (KHTML, like Gecko) Chrome/57.0.2987.133 Safari/537.36"
142.160.107.21 - - [30/Apr/2017:04:38:56 +0000] "GET /wp-content/plugins/LayerSlider/static/layerslider/js/greensock.js?ver=1.19.0 HTTP/1.1" 200 39570 "http://sundog-soft.com/features/ocean-and-water-rendering-with-triton/" "Mozilla/5.0 (Windows NT 6.1; WOW64) AppleWebKit/537.36 (KHTML, like Gecko) Chrome/57.0.2987.133 Safari/537.36"
142.160.107.21 - - [30/Apr/2017:04:38:56 +0000] "GET /wp-content/plugins/js_composer/assets/css/js_composer.min.css?ver=5.1.2 HTTP/1.1" 200 44414 "http://sundog-soft.com/features/ocean-and-water-rendering-with-triton/" "Mozilla/5.0 (Windows NT 6.1; WOW64) AppleWebKit/537.36 (KHTML, like Gecko) Chrome/57.0.2987.133 Safari/537.36"
142.160.107.21 - - [30/Apr/2017:04:38:56 +0000] "GET /wp-content/plugins/LayerSlider/static/layerslider/js/layerslider.kreaturamedia.jquery.js?ver=6.3.0 HTTP/1.1" 200 42430 "http://sundog-soft.com/features/ocean-and-water-rendering-with-triton/" "Mozilla/5.0 (Windows NT 6.1; WOW64) AppleWebKit/537.36 (KHTML, like Gecko) Chrome/57.0.2987.133 Safari/537.36"
142.160.107.21 - - [30/Apr/2017:04:38:57 +0000] "GET /wp-content/plugins/woocommerce/assets/js/frontend/add-to-cart.min.js?ver=3.0.4 HTTP/1.1" 200 803 "http://sundog-soft.com/features/ocean-and-water-rendering-with-triton/" "Mozilla/5.0 (Windows NT 6.1; WOW64) AppleWebKit/537.36 (KHTML, like Gecko) Chrome/57.0.2987.133 Safari/537.36"
142.160.107.21 - - [30/Apr/2017:04:38:57 +0000] "GET /wp-content/plugins/js_composer/assets/js/vendors/woocommerce-add-to-cart.js?ver=5.1.2 HTTP/1.1" 200 351 "http://sundog-soft.com/features/ocean-and-water-rendering-with-triton/" "Mozilla/5.0 (Windows NT 6.1; WOW64) AppleWebKit/537.36 (KHTML, like Gecko) Chrome/57.0.2987.133 Safari/537.36"
142.160.107.21 - - [30/Apr/2017:04:38:57 +0000] "GET /wp-content/plugins/contact-form-7/includes/js/jquery.form.min.js?ver=3.51.0-2014.06.20 HTTP/1.1" 200 5860 "http://sundog-soft.com/features/ocean-and-water-rendering-with-triton/" "Mozilla/5.0 (Windows NT 6.1; WOW64) AppleWebKit/537.36 (KHTML, like Gecko) Chrome/57.0.2987.133 Safari/537.36"
142.160.107.21 - - [30/Apr/2017:04:38:57 +0000] "GET /wp-content/plugins/contact-form-7/includes/js/scripts.js?ver=4.7 HTTP/1.1" 200 3667 "http://sundog-soft.com/features/ocean-and-water-rendering-with-triton/" "Mozilla/5.0 (Windows NT 6.1; WOW64) AppleWebKit/537.36 (KHTML, like Gecko) Chrome/57.0.2987.133 Safari/537.36"
142.160.107.21 - - [30/Apr/2017:04:38:57 +0000] "GET /wp-content/plugins/woocommerce/assets/js/jquery-blockui/jquery.blockUI.min.js?ver=2.70 HTTP/1.1" 200 3547 "http://sundog-soft.com/features/ocean-and-water-rendering-with-triton/" "Mozilla/5.0 (Windows NT 6.1; WOW64) AppleWebKit/537.36 (KHTML, like Gecko) Chrome/57.0.2987.133 Safari/537.36"
142.160.107.21 - - [30/Apr/2017:04:38:57 +0000] "GET /wp-content/plugins/woocommerce/assets/js/js-cookie/js.cookie.min.js?ver=2.1.4 HTTP/1.1" 200 987 "http://sundog-soft.com/features/ocean-and-water-rendering-with-triton/" "Mozilla/5.0 (Windows NT 6.1; WOW64) AppleWebKit/537.36 (KHTML, like Gecko) Chrome/57.0.2987.133 Safari/537.36"
142.160.107.21 - - [30/Apr/2017:04:38:57 +0000] "GET /wp-content/plugins/woocommerce/assets/js/frontend/woocommerce.min.js?ver=3.0.4 HTTP/1.1" 200 291 "http://sundog-soft.com/features/ocean-and-water-rendering-with-triton/" "Mozilla/5.0 (Windows NT 6.1; WOW64) AppleWebKit/537.36 (KHTML, like Gecko) Chrome/57.0.2987.133 Safari/537.36"
142.160.107.21 - - [30/Apr/2017:04:38:57 +0000] "GET /wp-content/plugins/woocommerce/assets/js/frontend/cart-fragments.min.js?ver=3.0.4 HTTP/1.1" 200 925 "http://sundog-soft.com/features/ocean-and-water-rendering-with-triton/" "Mozilla/5.0 (Windows NT 6.1; WOW64) AppleWebKit/537.36 (KHTML, like Gecko) Chrome/57.0.2987.133 Safari/537.36"
142.160.107.21 - - [30/Apr/2017:04:38:57 +0000] "GET /wp-content/plugins/js_composer/assets/js/dist/js_composer_front.min.js?ver=5.1.2 HTTP/1.1" 200 6450 "http://sundog-soft.com/features/ocean-and-water-rendering-with-triton/" "Mozilla/5.0 (Windows NT 6.1; WOW64) AppleWebKit/537.36 (KHTML, like Gecko) Chrome/57.0.2987.133 Safari/537.36"
142.160.107.21 - - [30/Apr/2017:04:38:57 +0000] "GET /wp-content/plugins/revslider/public/assets/js/jquery.themepunch.tools.min.js?ver=5.4.1 HTTP/1.1" 200 37359 "http://sundog-soft.com/features/ocean-and-water-rendering-with-triton/" "Mozilla/5.0 (Windows NT 6.1; WOW64) AppleWebKit/537.36 (KHTML, like Gecko) Chrome/57.0.2987.133 Safari/537.36"
142.160.107.21 - - [30/Apr/2017:04:38:57 +0000] "GET /wp-content/plugins/revslider/public/assets/js/jquery.themepunch.revolution.min.js?ver=5.4.1 HTTP/1.1" 200 17555 "http://sundog-soft.com/features/ocean-and-water-rendering-with-triton/" "Mozilla/5.0 (Windows NT 6.1; WOW64) AppleWebKit/537.36 (KHTML, like Gecko) Chrome/57.0.2987.133 Safari/537.36"
142.160.107.21 - - [30/Apr/2017:04:38:57 +0000] "GET /wp-includes/js/wp-emoji-release.min.js?ver=4.7.4 HTTP/1.1" 200 4230 "http://sundog-soft.com/features/ocean-and-water-rendering-with-triton/" "Mozilla/5.0 (Windows NT 6.1; WOW64) AppleWebKit/537.36 (KHTML, like Gecko) Chrome/57.0.2987.133 Safari/537.36"
52.15.127.173 - - [30/Apr/2017:04:38:57 +0000] "GET /wp-content/uploads/2014/05/shoreline-specular.jpg HTTP/1.1" 200 30799 "-" "Amazon CloudFront"
142.160.107.21 - - [30/Apr/2017:04:38:57 +0000] "GET /wp-content/plugins/js_composer/assets/lib/bower/font-awesome/fonts/fontawesome-webfont.woff2?v=4.6.3 HTTP/1.1" 200 71893 "http://sundog-soft.com/wp-content/plugins/js_composer/assets/lib/bower/font-awesome/css/font-awesome.min.css?ver=5.1.2" "Mozilla/5.0 (Windows NT 6.1; WOW64) AppleWebKit/537.36 (KHTML, like Gecko) Chrome/57.0.2987.133 Safari/537.36"
52.15.127.156 - - [30/Apr/2017:04:38:57 +0000] "GET /wp-content/uploads/2011/07/newwake2-360x187.jpg HTTP/1.1" 200 11057 "-" "Amazon CloudFront"
52.15.127.128 - - [30/Apr/2017:04:38:57 +0000] "GET /wp-content/uploads/2009/12/destroyer-360x187.jpg HTTP/1.1" 200 6997 "-" "Amazon CloudFront"
142.160.107.21 - - [30/Apr/2017:04:38:58 +0000] "GET /favicon.ico HTTP/1.1" 200 - "http://sundog-soft.com/features/ocean-and-water-rendering-with-triton/" "Mozilla/5.0 (Windows NT 6.1; WOW64) AppleWebKit/537.36 (KHTML, like Gecko) Chrome/57.0.2987.133 Safari/537.36"
54.210.20.202 - - [30/Apr/2017:04:38:58 +0000] "POST /wp-cron.php?doing_wp_cron=1493527138.4255080223083496093750 HTTP/1.1" 200 - "http://sundog-soft.com/wp-cron.php?doing_wp_cron=1493527138.4255080223083496093750" "WordPress/4.7.4; http://sundog-soft.com"
142.160.107.21 - - [30/Apr/2017:04:38:57 +0000] "POST /features/ocean-and-water-rendering-with-triton/?wc-ajax=get_refreshed_fragments HTTP/1.1" 200 255 "http://sundog-soft.com/features/ocean-and-water-rendering-with-triton/" "Mozilla/5.0 (Windows NT 6.1; WOW64) AppleWebKit/537.36 (KHTML, like Gecko) Chrome/57.0.2987.133 Safari/537.36"
::1 - - [30/Apr/2017:04:39:03 +0000] "OPTIONS * HTTP/1.0" 200 - "-" "Apache/2.4.25 (Amazon) OpenSSL/1.0.1k-fips PHP/5.6.30 (internal dummy connection)"
::1 - - [30/Apr/2017:04:39:04 +0000] "OPTIONS * HTTP/1.0" 200 - "-" "Apache/2.4.25 (Amazon) OpenSSL/1.0.1k-fips PHP/5.6.30 (internal dummy connection)"
::1 - - [30/Apr/2017:04:39:05 +0000] "OPTIONS * HTTP/1.0" 200 - "-" "Apache/2.4.25 (Amazon) OpenSSL/1.0.1k-fips PHP/5.6.30 (internal dummy connection)"
142.160.107.21 - - [30/Apr/2017:04:39:05 +0000] "GET /2015/05/simulated-water-refraction-using-transparency/ HTTP/1.1" 200 15687 "https://www.google.ca/" "Mozilla/5.0 (Windows NT 6.1; WOW64) AppleWebKit/537.36 (KHTML, like Gecko) Chrome/57.0.2987.133 Safari/537.36"
::1 - - [30/Apr/2017:04:39:06 +0000] "OPTIONS * HTTP/1.0" 200 - "-" "Apache/2.4.25 (Amazon) OpenSSL/1.0.1k-fips PHP/5.6.30 (internal dummy connection)"
52.15.127.156 - - [30/Apr/2017:04:39:06 +0000] "GET /wp-content/uploads/2015/05/refract-above-300x163.jpg HTTP/1.1" 200 5797 "-" "Amazon CloudFront"
52.15.127.150 - - [30/Apr/2017:04:39:06 +0000] "GET /wp-content/uploads/2015/05/refract-under-300x163.jpg HTTP/1.1" 200 4802 "-" "Amazon CloudFront"
142.160.107.21 - - [30/Apr/2017:04:39:06 +0000] "GET /favicon.ico HTTP/1.1" 200 - "http://sundog-soft.com/2015/05/simulated-water-refraction-using-transparency/" "Mozilla/5.0 (Windows NT 6.1; WOW64) AppleWebKit/537.36 (KHTML, like Gecko) Chrome/57.0.2987.133 Safari/537.36"
::1 - - [30/Apr/2017:04:39:14 +0000] "OPTIONS * HTTP/1.0" 200 - "-" "Apache/2.4.25 (Amazon) OpenSSL/1.0.1k-fips PHP/5.6.30 (internal dummy connection)"
66.249.64.194 - - [30/Apr/2017:04:39:15 +0000] "GET /sds/feed/ HTTP/1.1" 301 236 "-" "Mozilla/5.0 (compatible; Googlebot/2.1; +http://www.google.com/bot.html)"
54.210.20.202 - - [30/Apr/2017:04:39:16 +0000] "POST /wp-cron.php?doing_wp_cron=1493527156.5531759262084960937500 HTTP/1.1" 200 - "http://sundog-soft.com/wp-cron.php?doing_wp_cron=1493527156.5531759262084960937500" "WordPress/4.7.4; http://sundog-soft.com"
66.249.64.194 - - [30/Apr/2017:04:39:15 +0000] "GET /feed/ HTTP/1.1" 304 - "-" "Mozilla/5.0 (compatible; Googlebot/2.1; +http://www.google.com/bot.html)"
54.210.20.202 - - [30/Apr/2017:04:40:09 +0000] "POST /wp-cron.php?doing_wp_cron=1493527209.7325980663299560546875 HTTP/1.1" 200 - "http://sundog-soft.com/wp-cron.php?doing_wp_cron=1493527209.7325980663299560546875" "WordPress/4.7.4; http://sundog-soft.com"
77.75.78.167 - - [30/Apr/2017:04:40:09 +0000] "GET /robots.txt HTTP/1.1" 200 67 "-" "Mozilla/5.0 (compatible; SeznamBot/3.2; +http://napoveda.seznam.cz/en/seznambot-intro/)"
77.75.78.167 - - [30/Apr/2017:04:40:14 +0000] "GET /docs/triton/inherits.html HTTP/1.1" 304 - "-" "Mozilla/5.0 (compatible; SeznamBot/3.2; +http://napoveda.seznam.cz/en/seznambot-intro/)"
142.160.107.21 - - [30/Apr/2017:04:40:15 +0000] "GET /favicon.ico HTTP/1.1" 200 - "http://sundog-soft.com/2015/05/simulated-water-refraction-using-transparency/" "Mozilla/5.0 (Macintosh; Intel Mac OS X 10_12_4) AppleWebKit/537.36 (KHTML, like Gecko) Chrome/58.0.3029.81 Safari/537.36"
54.210.20.202 - - [30/Apr/2017:04:41:10 +0000] "POST /wp-cron.php?doing_wp_cron=1493527270.5999140739440917968750 HTTP/1.1" 200 - "http://sundog-soft.com/wp-cron.php?doing_wp_cron=1493527270.5999140739440917968750" "WordPress/4.7.4; http://sundog-soft.com"
104.154.198.228 - - [30/Apr/2017:04:41:10 +0000] "GET /feed/ HTTP/1.1" 200 31812 "-" "Java/1.8.0_121"
66.249.64.194 - - [30/Apr/2017:04:42:34 +0000] "GET /sds/2015/11/were-pulling-our-packages-from-the-unity-asset-store/ HTTP/1.1" 301 292 "-" "Mozilla/5.0 (compatible; Googlebot/2.1; +http://www.google.com/bot.html)"
54.210.20.202 - - [30/Apr/2017:04:42:36 +0000] "POST /wp-cron.php?doing_wp_cron=1493527356.0423069000244140625000 HTTP/1.1" 200 - "http://sundog-soft.com/wp-cron.php?doing_wp_cron=1493527356.0423069000244140625000" "WordPress/4.7.4; http://sundog-soft.com"
66.249.64.194 - - [30/Apr/2017:04:42:35 +0000] "GET /2015/11/were-pulling-our-packages-from-the-unity-asset-store/ HTTP/1.1" 200 15232 "-" "Mozilla/5.0 (compatible; Googlebot/2.1; +http://www.google.com/bot.html)"
27.197.175.231 - - [30/Apr/2017:04:43:13 +0000] "GET / HTTP/1.1" 200 20503 "-" "Mozilla/5.0 (iPhone; CPU iPhone OS 10_3_1 like Mac OS X) AppleWebKit/603.1.30 (KHTML, like Gecko) Version/10.0 Mobile/14E304 Safari/602.1"
199.21.99.207 - - [30/Apr/2017:04:45:44 +0000] "GET /docs/html/functions_func.html HTTP/1.1" 200 1364 "-" "Mozilla/5.0 (compatible; YandexBot/3.0; +http://yandex.com/bots)"
54.210.20.202 - - [30/Apr/2017:04:46:33 +0000] "POST /wp-cron.php?doing_wp_cron=1493527593.7714629173278808593750 HTTP/1.1" 200 - "http://sundog-soft.com/wp-cron.php?doing_wp_cron=1493527593.7714629173278808593750" "WordPress/4.7.4; http://sundog-soft.com"
157.55.39.209 - - [30/Apr/2017:04:46:33 +0000] "GET /clients/visionscape/ HTTP/1.1" 200 13305 "-" "Mozilla/5.0 (compatible; bingbot/2.0; +http://www.bing.com/bingbot.htm)"
199.21.99.207 - - [30/Apr/2017:04:46:42 +0000] "GET /docs/html/class_silver_lining_1_1_vector3f.html HTTP/1.1" 200 2927 "-" "Mozilla/5.0 (compatible; YandexBot/3.0; +http://yandex.com/bots)"
178.79.143.171 - - [30/Apr/2017:04:46:54 +0000] "GET /sds/feed/ HTTP/1.1" 301 236 "-" "arss/testing; fsfeel@gmail.com"
54.210.20.202 - - [30/Apr/2017:04:46:55 +0000] "POST /wp-cron.php?doing_wp_cron=1493527615.5621449947357177734375 HTTP/1.1" 200 - "http://sundog-soft.com/wp-cron.php?doing_wp_cron=1493527615.5621449947357177734375" "WordPress/4.7.4; http://sundog-soft.com"
178.79.143.171 - - [30/Apr/2017:04:46:54 +0000] "GET /feed/ HTTP/1.1" 200 31812 "-" "arss/testing; fsfeel@gmail.com"
54.210.20.202 - - [30/Apr/2017:04:49:13 +0000] "POST /wp-cron.php?doing_wp_cron=1493527753.5352709293365478515625 HTTP/1.1" 200 - "http://sundog-soft.com/wp-cron.php?doing_wp_cron=1493527753.5352709293365478515625" "WordPress/4.7.4; http://sundog-soft.com"
104.154.198.228 - - [30/Apr/2017:04:49:12 +0000] "GET /feed/ HTTP/1.1" 200 31812 "-" "Java/1.8.0_121"
54.210.20.202 - - [30/Apr/2017:04:49:53 +0000] "POST /wp-cron.php?doing_wp_cron=1493527793.4577770233154296875000 HTTP/1.1" 200 - "http://sundog-soft.com/wp-cron.php?doing_wp_cron=1493527793.4577770233154296875000" "WordPress/4.7.4; http://sundog-soft.com"
46.61.242.63 - - [30/Apr/2017:04:49:52 +0000] "GET /wp-login.php HTTP/1.1" 200 5226 "-" "Mozilla/5.0 (Windows NT 6.0; rv:34.0) Gecko/20100101 Firefox/34.0"
54.210.20.202 - - [30/Apr/2017:04:49:55 +0000] "POST /wp-cron.php?doing_wp_cron=1493527795.0175139904022216796875 HTTP/1.1" 200 - "http://sundog-soft.com/wp-cron.php?doing_wp_cron=1493527795.0175139904022216796875" "WordPress/4.7.4; http://sundog-soft.com"
46.61.242.63 - - [30/Apr/2017:04:49:54 +0000] "POST /wp-login.php HTTP/1.1" 200 6182 "http://sundog-soft.com/wp-login.php" "Mozilla/5.0 (Windows NT 6.0; rv:34.0) Gecko/20100101 Firefox/34.0"
123.125.71.112 - - [30/Apr/2017:04:50:41 +0000] "GET /features/real-time-3d-clouds/ HTTP/1.1" 200 83592 "-" "Mozilla/5.0 (iPhone; CPU iPhone OS 8_0 like Mac OS X) AppleWebKit/600.1.3 (KHTML, like Gecko) Version/8.0 Mobile/12A4345d Safari/600.1.4"
220.181.108.116 - - [30/Apr/2017:04:50:44 +0000] "GET /wp-content/plugins/tablepress/css/default.min.css?ver=1.8 HTTP/1.1" 200 5897 "http://sundog-soft.com/features/real-time-3d-clouds/" "Mozilla/5.0 (iPhone; CPU iPhone OS 8_0 like Mac OS X) AppleWebKit/600.1.3 (KHTML, like Gecko) Version/8.0 Mobile/12A4345d Safari/600.1.4"
220.181.108.95 - - [30/Apr/2017:04:50:44 +0000] "GET /wp-content/plugins/mailchimp-for-wp/assets/css/form-basic.min.css?ver=4.1.1 HTTP/1.1" 200 2659 "http://sundog-soft.com/features/real-time-3d-clouds/" "Mozilla/5.0 (iPhone; CPU iPhone OS 8_0 like Mac OS X) AppleWebKit/600.1.3 (KHTML, like Gecko) Version/8.0 Mobile/12A4345d Safari/600.1.4"
123.125.71.92 - - [30/Apr/2017:04:50:44 +0000] "GET /wp-content/plugins/revslider/public/assets/css/settings.css?ver=5.4.1 HTTP/1.1" 200 29789 "http://sundog-soft.com/features/real-time-3d-clouds/" "Mozilla/5.0 (iPhone; CPU iPhone OS 8_0 like Mac OS X) AppleWebKit/600.1.3 (KHTML, like Gecko) Version/8.0 Mobile/12A4345d Safari/600.1.4"
123.125.71.103 - - [30/Apr/2017:04:50:44 +0000] "GET /wp-content/plugins/LayerSlider/static/layerslider/css/layerslider.css?ver=6.3.0 HTTP/1.1" 200 20482 "http://sundog-soft.com/features/real-time-3d-clouds/" "Mozilla/5.0 (iPhone; CPU iPhone OS 8_0 like Mac OS X) AppleWebKit/600.1.3 (KHTML, like Gecko) Version/8.0 Mobile/12A4345d Safari/600.1.4"
123.125.71.75 - - [30/Apr/2017:04:50:44 +0000] "GET /wp-includes/js/wp-emoji-release.min.js?ver=4.7.4 HTTP/1.1" 200 11414 "http://sundog-soft.com/features/real-time-3d-clouds/" "Mozilla/5.0 (iPhone; CPU iPhone OS 8_0 like Mac OS X) AppleWebKit/600.1.3 (KHTML, like Gecko) Version/8.0 Mobile/12A4345d Safari/600.1.4"
220.181.108.167 - - [30/Apr/2017:04:50:45 +0000] "GET /wp-content/plugins/contact-form-7/includes/css/styles.css?ver=4.7 HTTP/1.1" 200 1606 "http://sundog-soft.com/features/real-time-3d-clouds/" "Mozilla/5.0 (iPhone; CPU iPhone OS 8_0 like Mac OS X) AppleWebKit/600.1.3 (KHTML, like Gecko) Version/8.0 Mobile/12A4345d Safari/600.1.4"
123.125.71.83 - - [30/Apr/2017:04:50:49 +0000] "GET /wp-content/plugins/js_composer/assets/css/js_composer.min.css?ver=5.1.2 HTTP/1.1" 200 459328 "http://sundog-soft.com/features/real-time-3d-clouds/" "Mozilla/5.0 (iPhone; CPU iPhone OS 8_0 like Mac OS X) AppleWebKit/600.1.3 (KHTML, like Gecko) Version/8.0 Mobile/12A4345d Safari/600.1.4"
220.181.108.107 - - [30/Apr/2017:04:50:51 +0000] "GET /wp-content/plugins/mailchimp-widget/js/mailchimp-widget-min.js?ver=4.7.4 HTTP/1.1" 200 1053 "http://sundog-soft.com/features/real-time-3d-clouds/" "Mozilla/5.0 (iPhone; CPU iPhone OS 8_0 like Mac OS X) AppleWebKit/600.1.3 (KHTML, like Gecko) Version/8.0 Mobile/12A4345d Safari/600.1.4"
220.181.108.108 - - [30/Apr/2017:04:50:52 +0000] "GET /wp-content/plugins/LayerSlider/static/layerslider/js/greensock.js?ver=1.19.0 HTTP/1.1" 200 117557 "http://sundog-soft.com/features/real-time-3d-clouds/" "Mozilla/5.0 (iPhone; CPU iPhone OS 8_0 like Mac OS X) AppleWebKit/600.1.3 (KHTML, like Gecko) Version/8.0 Mobile/12A4345d Safari/600.1.4"
220.181.108.109 - - [30/Apr/2017:04:50:55 +0000] "GET /wp-content/plugins/LayerSlider/static/layerslider/js/layerslider.kreaturamedia.jquery.js?ver=6.3.0 HTTP/1.1" 200 111080 "http://sundog-soft.com/features/real-time-3d-clouds/" "Mozilla/5.0 (iPhone; CPU iPhone OS 8_0 like Mac OS X) AppleWebKit/600.1.3 (KHTML, like Gecko) Version/8.0 Mobile/12A4345d Safari/600.1.4"
54.210.20.202 - - [30/Apr/2017:04:51:33 +0000] "POST /wp-cron.php?doing_wp_cron=1493527893.4882850646972656250000 HTTP/1.1" 200 - "http://sundog-soft.com/wp-cron.php?doing_wp_cron=1493527893.4882850646972656250000" "WordPress/4.7.4; http://sundog-soft.com"
23.23.222.67 - - [30/Apr/2017:04:51:32 +0000] "HEAD / HTTP/1.1" 301 - "-" "SiteUptime.com"
23.23.222.67 - - [30/Apr/2017:04:51:34 +0000] "HEAD / HTTP/1.1" 200 - "-" "SiteUptime.com"
54.210.20.202 - - [30/Apr/2017:04:51:53 +0000] "POST /wp-cron.php?doing_wp_cron=1493527913.8000850677490234375000 HTTP/1.1" 200 - "http://sundog-soft.com/wp-cron.php?doing_wp_cron=1493527913.8000850677490234375000" "WordPress/4.7.4; http://sundog-soft.com"
8.29.198.26 - - [30/Apr/2017:04:51:53 +0000] "GET /feed/ HTTP/1.1" 304 - "-" "Feedly/1.0 (+http://www.feedly.com/fetcher.html; like FeedFetcher-Google)"
188.234.246.104 - - [30/Apr/2017:04:53:09 +0000] "GET /wp-login.php HTTP/1.1" 200 5226 "-" "Mozilla/5.0 (Windows NT 6.0; rv:34.0) Gecko/20100101 Firefox/34.0"
54.210.20.202 - - [30/Apr/2017:04:53:10 +0000] "GET /sitemap_index.xml HTTP/1.1" 200 389 "http://sundog-soft.com/sitemap_index.xml" "W3 Total Cache"
188.234.246.104 - - [30/Apr/2017:04:53:11 +0000] "POST /wp-login.php HTTP/1.1" 200 6182 "http://sundog-soft.com/wp-login.php" "Mozilla/5.0 (Windows NT 6.0; rv:34.0) Gecko/20100101 Firefox/34.0"
54.210.20.202 - - [30/Apr/2017:04:53:11 +0000] "GET /post-sitemap.xml HTTP/1.1" 200 13654 "http://sundog-soft.com/post-sitemap.xml" "W3 Total Cache"
54.210.20.202 - - [30/Apr/2017:04:53:12 +0000] "GET /page-sitemap.xml HTTP/1.1" 200 2198 "http://sundog-soft.com/page-sitemap.xml" "W3 Total Cache"
54.210.20.202 - - [30/Apr/2017:04:53:13 +0000] "GET /product-sitemap.xml HTTP/1.1" 200 555 "http://sundog-soft.com/product-sitemap.xml" "W3 Total Cache"
54.210.20.202 - - [30/Apr/2017:04:53:14 +0000] "GET /creativo_portfolio-sitemap.xml HTTP/1.1" 200 658 "http://sundog-soft.com/creativo_portfolio-sitemap.xml" "W3 Total Cache"
54.210.20.202 - - [30/Apr/2017:04:53:14 +0000] "GET /clients-sitemap.xml HTTP/1.1" 200 3298 "http://sundog-soft.com/clients-sitemap.xml" "W3 Total Cache"
54.210.20.202 - - [30/Apr/2017:04:53:15 +0000] "GET /category-sitemap.xml HTTP/1.1" 200 411 "http://sundog-soft.com/category-sitemap.xml" "W3 Total Cache"
54.210.20.202 - - [30/Apr/2017:04:53:16 +0000] "GET /portfolio_category-sitemap.xml HTTP/1.1" 200 337 "http://sundog-soft.com/portfolio_category-sitemap.xml" "W3 Total Cache"
54.210.20.202 - - [30/Apr/2017:04:53:16 +0000] "GET /author-sitemap.xml HTTP/1.1" 200 347 "http://sundog-soft.com/author-sitemap.xml" "W3 Total Cache"
54.210.20.202 - - [30/Apr/2017:04:53:17 +0000] "GET /product/silverlining-product-license-source-code/ HTTP/1.1" 200 14520 "http://sundog-soft.com/product/silverlining-product-license-source-code/" "WordPress"
54.210.20.202 - - [30/Apr/2017:04:53:18 +0000] "GET /product/triton-product-license-source-code/ HTTP/1.1" 200 14567 "http://sundog-soft.com/product/triton-product-license-source-code/" "WordPress"
54.210.20.202 - - [30/Apr/2017:04:53:19 +0000] "GET /product/triton-product-license-without-source-code/ HTTP/1.1" 200 14649 "http://sundog-soft.com/product/triton-product-license-without-source-code/" "WordPress"
54.210.20.202 - - [30/Apr/2017:04:53:20 +0000] "GET /product/12-month-support-maintenance-plan/ HTTP/1.1" 200 13985 "http://sundog-soft.com/product/12-month-support-maintenance-plan/" "WordPress"
54.210.20.202 - - [30/Apr/2017:04:53:21 +0000] "GET /shop/ HTTP/1.1" 200 12779 "http://sundog-soft.com/shop/" "WordPress"
54.210.20.202 - - [30/Apr/2017:04:53:21 +0000] "GET /portfolio-items/sundog-game-demo-video/ HTTP/1.1" 200 12974 "http://sundog-soft.com/portfolio-items/sundog-game-demo-video/" "WordPress"
54.210.20.202 - - [30/Apr/2017:04:53:22 +0000] "GET /portfolio-items/the-triton-ocean-sdk/ HTTP/1.1" 200 13028 "http://sundog-soft.com/portfolio-items/the-triton-ocean-sdk/" "WordPress"
8.29.198.25 - - [30/Apr/2017:04:53:23 +0000] "GET /feed/ HTTP/1.1" 304 - "-" "Feedly/1.0 (+http://www.feedly.com/fetcher.html; like FeedFetcher-Google)"
54.210.20.202 - - [30/Apr/2017:04:53:23 +0000] "GET /portfolio-items/silverlining-sky-3d-clouds-sdk/ HTTP/1.1" 200 12854 "http://sundog-soft.com/portfolio-items/silverlining-sky-3d-clouds-sdk/" "WordPress"
54.210.20.202 - - [30/Apr/2017:04:53:24 +0000] "GET /portfolio-items/sundog-demo-reel/ HTTP/1.1" 200 13003 "http://sundog-soft.com/portfolio-items/sundog-demo-reel/" "WordPress"
54.210.20.202 - - [30/Apr/2017:04:53:25 +0000] "GET /portfolio-items/silverlining-for-android-demo/ HTTP/1.1" 200 12972 "http://sundog-soft.com/portfolio-items/silverlining-for-android-demo/" "WordPress"
54.210.20.202 - - [30/Apr/2017:04:53:10 +0000] "POST /wp-cron.php?doing_wp_cron=1493527990.0030438899993896484375 HTTP/1.1" 200 - "http://sundog-soft.com/wp-cron.php?doing_wp_cron=1493527990.0030438899993896484375" "WordPress/4.7.4; http://sundog-soft.com"
45.32.144.70 - - [30/Apr/2017:04:53:30 +0000] "GET / HTTP/1.1" 200 20503 "-" "CATExplorador/1.0beta (sistemes at domini dot cat; http://domini.cat/catexplorador.html)"
54.210.20.202 - - [30/Apr/2017:04:53:40 +0000] "POST /wp-cron.php?doing_wp_cron=1493528020.9205329418182373046875 HTTP/1.1" 200 - "http://sundog-soft.com/wp-cron.php?doing_wp_cron=1493528020.9205329418182373046875" "WordPress/4.7.4; http://sundog-soft.com"
52.59.102.61 - - [30/Apr/2017:04:53:40 +0000] "GET /robots.txt HTTP/1.1" 200 67 "-" "Mozilla/5.0 (compatible; Cliqzbot/1.0; +http://cliqz.com/company/cliqzbot)"
52.59.102.61 - - [30/Apr/2017:04:53:42 +0000] "GET /sds/2014/06/extending-water-shaders-cloud-shaders HTTP/1.1" 301 276 "-" "Mozilla/5.0 (compatible; Cliqzbot/1.0; +http://cliqz.com/company/cliqzbot)"
54.210.20.202 - - [30/Apr/2017:04:53:44 +0000] "POST /wp-cron.php?doing_wp_cron=1493528024.4014899730682373046875 HTTP/1.1" 200 - "http://sundog-soft.com/wp-cron.php?doing_wp_cron=1493528024.4014899730682373046875" "WordPress/4.7.4; http://sundog-soft.com"
52.59.102.61 - - [30/Apr/2017:04:53:43 +0000] "GET /2014/06/extending-water-shaders-cloud-shaders HTTP/1.1" 301 - "-" "Mozilla/5.0 (compatible; Cliqzbot/1.0; +http://cliqz.com/company/cliqzbot)"
54.210.20.202 - - [30/Apr/2017:04:53:46 +0000] "POST /wp-cron.php?doing_wp_cron=1493528026.4635109901428222656250 HTTP/1.1" 200 - "http://sundog-soft.com/wp-cron.php?doing_wp_cron=1493528026.4635109901428222656250" "WordPress/4.7.4; http://sundog-soft.com"
52.59.102.61 - - [30/Apr/2017:04:53:45 +0000] "GET /2014/06/extending-water-shaders-cloud-shaders/ HTTP/1.1" 200 16895 "-" "Mozilla/5.0 (compatible; Cliqzbot/1.0; +http://cliqz.com/company/cliqzbot)"
216.244.66.246 - - [30/Apr/2017:04:54:20 +0000] "GET /sds/2013/12/sundog-iitsec-2013/?show=slide HTTP/1.1" 301 269 "-" "Mozilla/5.0 (compatible; DotBot/1.1; http://www.opensiteexplorer.org/dotbot, help@moz.com)"
216.244.66.246 - - [30/Apr/2017:04:54:22 +0000] "GET /sds/2013/05/amd-features-triton-3d-ocean-sdk/feed/ HTTP/1.1" 301 277 "-" "Mozilla/5.0 (compatible; DotBot/1.1; http://www.opensiteexplorer.org/dotbot, help@moz.com)"
5.140.68.18 - - [30/Apr/2017:04:54:21 +0000] "GET /wp-login.php HTTP/1.1" 200 5226 "-" "Mozilla/5.0 (Windows NT 6.0; rv:34.0) Gecko/20100101 Firefox/34.0"
109.196.139.60 - - [30/Apr/2017:04:54:21 +0000] "GET /wp-login.php HTTP/1.1" 200 5226 "-" "Mozilla/5.0 (Windows NT 6.0; rv:34.0) Gecko/20100101 Firefox/34.0"
54.210.20.202 - - [30/Apr/2017:04:54:22 +0000] "POST /wp-cron.php?doing_wp_cron=1493528062.5775229930877685546875 HTTP/1.1" 200 - "http://sundog-soft.com/wp-cron.php?doing_wp_cron=1493528062.5775229930877685546875" "WordPress/4.7.4; http://sundog-soft.com"
212.164.137.23 - - [30/Apr/2017:04:54:22 +0000] "GET /wp-login.php HTTP/1.1" 200 5226 "-" "Mozilla/5.0 (Windows NT 6.0; rv:34.0) Gecko/20100101 Firefox/34.0"
5.140.68.18 - - [30/Apr/2017:04:54:23 +0000] "POST /wp-login.php HTTP/1.1" 200 6182 "http://sundog-soft.com/wp-login.php" "Mozilla/5.0 (Windows NT 6.0; rv:34.0) Gecko/20100101 Firefox/34.0"
109.196.139.60 - - [30/Apr/2017:04:54:24 +0000] "POST /wp-login.php HTTP/1.1" 200 6182 "http://sundog-soft.com/wp-login.php" "Mozilla/5.0 (Windows NT 6.0; rv:34.0) Gecko/20100101 Firefox/34.0"
216.244.66.246 - - [30/Apr/2017:04:54:24 +0000] "GET /2011/10/triton-for-linux-beta-available/feed/ HTTP/1.1" 403 2711 "-" "Mozilla/5.0 (compatible; DotBot/1.1; http://www.opensiteexplorer.org/dotbot, help@moz.com)"
212.164.137.23 - - [30/Apr/2017:04:54:25 +0000] "POST /wp-login.php HTTP/1.1" 200 6182 "http://sundog-soft.com/wp-login.php" "Mozilla/5.0 (Windows NT 6.0; rv:34.0) Gecko/20100101 Firefox/34.0"
54.210.20.202 - - [30/Apr/2017:04:54:27 +0000] "POST /wp-cron.php?doing_wp_cron=1493528067.4625060558319091796875 HTTP/1.1" 200 - "http://sundog-soft.com/wp-cron.php?doing_wp_cron=1493528067.4625060558319091796875" "WordPress/4.7.4; http://sundog-soft.com"
157.55.39.209 - - [30/Apr/2017:04:54:24 +0000] "GET /2015/04/announcing-silverlining-4/ HTTP/1.1" 200 15633 "-" "Mozilla/5.0 (compatible; bingbot/2.0; +http://www.bing.com/bingbot.htm)"
54.210.20.202 - - [30/Apr/2017:04:56:05 +0000] "POST /wp-cron.php?doing_wp_cron=1493528165.8410739898681640625000 HTTP/1.1" 200 - "http://sundog-soft.com/wp-cron.php?doing_wp_cron=1493528165.8410739898681640625000" "WordPress/4.7.4; http://sundog-soft.com"
213.208.162.82 - - [30/Apr/2017:04:56:05 +0000] "GET /wp-login.php HTTP/1.1" 200 5226 "-" "Mozilla/5.0 (Windows NT 6.0; rv:34.0) Gecko/20100101 Firefox/34.0"
54.210.20.202 - - [30/Apr/2017:04:56:07 +0000] "POST /wp-cron.php?doing_wp_cron=1493528167.3771150112152099609375 HTTP/1.1" 200 - "http://sundog-soft.com/wp-cron.php?doing_wp_cron=1493528167.3771150112152099609375" "WordPress/4.7.4; http://sundog-soft.com"
213.208.162.82 - - [30/Apr/2017:04:56:06 +0000] "POST /wp-login.php HTTP/1.1" 200 6182 "http://sundog-soft.com/wp-login.php" "Mozilla/5.0 (Windows NT 6.0; rv:34.0) Gecko/20100101 Firefox/34.0"
54.196.81.152 - - [30/Apr/2017:04:57:25 +0000] "GET /wp-content/plugins/woocommerce/readme.txt HTTP/1.1" 200 9947 "-" "Mozilla/5.0 (Windows NT 6.3; WOW64) AppleWebKit/537.36 (KHTML, like Gecko) Chrome/34.0.1847.137 Safari/537.36"
54.210.20.202 - - [30/Apr/2017:04:57:40 +0000] "POST /wp-cron.php?doing_wp_cron=1493528260.2029950618743896484375 HTTP/1.1" 200 - "http://sundog-soft.com/wp-cron.php?doing_wp_cron=1493528260.2029950618743896484375" "WordPress/4.7.4; http://sundog-soft.com"
217.23.180.70 - - [30/Apr/2017:04:57:39 +0000] "GET /wp-login.php HTTP/1.1" 200 5226 "-" "Mozilla/5.0 (Windows NT 6.0; rv:34.0) Gecko/20100101 Firefox/34.0"
54.210.20.202 - - [30/Apr/2017:04:57:41 +0000] "POST /wp-cron.php?doing_wp_cron=1493528261.7914190292358398437500 HTTP/1.1" 200 - "http://sundog-soft.com/wp-cron.php?doing_wp_cron=1493528261.7914190292358398437500" "WordPress/4.7.4; http://sundog-soft.com"
217.23.180.70 - - [30/Apr/2017:04:57:41 +0000] "POST /wp-login.php HTTP/1.1" 200 6182 "http://sundog-soft.com/wp-login.php" "Mozilla/5.0 (Windows NT 6.0; rv:34.0) Gecko/20100101 Firefox/34.0"
54.210.20.202 - - [30/Apr/2017:04:58:14 +0000] "POST /wp-cron.php?doing_wp_cron=1493528294.4192459583282470703125 HTTP/1.1" 200 - "http://sundog-soft.com/wp-cron.php?doing_wp_cron=1493528294.4192459583282470703125" "WordPress/4.7.4; http://sundog-soft.com"
104.154.198.228 - - [30/Apr/2017:04:58:13 +0000] "GET /feed/ HTTP/1.1" 200 31812 "-" "Java/1.8.0_121"
199.21.99.207 - - [30/Apr/2017:04:58:23 +0000] "GET /docs/html/pages.html HTTP/1.1" 200 790 "-" "Mozilla/5.0 (compatible; YandexBot/3.0; +http://yandex.com/bots)"
54.210.20.202 - - [30/Apr/2017:04:58:33 +0000] "POST /wp-cron.php?doing_wp_cron=1493528313.6036279201507568359375 HTTP/1.1" 200 - "http://sundog-soft.com/wp-cron.php?doing_wp_cron=1493528313.6036279201507568359375" "WordPress/4.7.4; http://sundog-soft.com"
66.249.64.42 - - [30/Apr/2017:04:58:33 +0000] "GET /docs/html/class_triton_1_1_ocean-members.html HTTP/1.1" 301 - "-" "Mozilla/5.0 (compatible; Googlebot/2.1; +http://www.google.com/bot.html)"
54.210.20.202 - - [30/Apr/2017:04:58:35 +0000] "POST /wp-cron.php?doing_wp_cron=1493528315.1349589824676513671875 HTTP/1.1" 200 - "http://sundog-soft.com/wp-cron.php?doing_wp_cron=1493528315.1349589824676513671875" "WordPress/4.7.4; http://sundog-soft.com"
66.249.64.249 - - [30/Apr/2017:04:58:34 +0000] "GET /docs/html/class_triton_1_1_ocean-members.html HTTP/1.1" 404 48353 "-" "Mozilla/5.0 (compatible; Googlebot/2.1; +http://www.google.com/bot.html)"
54.210.20.202 - - [30/Apr/2017:04:59:01 +0000] "POST /wp-cron.php?doing_wp_cron=1493528341.4670820236206054687500 HTTP/1.1" 200 - "http://sundog-soft.com/wp-cron.php?doing_wp_cron=1493528341.4670820236206054687500" "WordPress/4.7.4; http://sundog-soft.com"
199.21.99.207 - - [30/Apr/2017:04:59:00 +0000] "GET /2016/09/tips-drawing-distant-clouds/ HTTP/1.1" 200 15335 "-" "Mozilla/5.0 (compatible; YandexBot/3.0; +http://yandex.com/bots)"
54.210.20.202 - - [30/Apr/2017:04:59:32 +0000] "POST /wp-cron.php?doing_wp_cron=1493528372.0827939510345458984375 HTTP/1.1" 200 - "http://sundog-soft.com/wp-cron.php?doing_wp_cron=1493528372.0827939510345458984375" "WordPress/4.7.4; http://sundog-soft.com"
62.205.91.119 - - [30/Apr/2017:04:59:31 +0000] "GET /wp-login.php HTTP/1.1" 200 5226 "-" "Mozilla/5.0 (Windows NT 6.0; rv:34.0) Gecko/20100101 Firefox/34.0"
54.210.20.202 - - [30/Apr/2017:04:59:33 +0000] "POST /wp-cron.php?doing_wp_cron=1493528373.6387848854064941406250 HTTP/1.1" 200 - "http://sundog-soft.com/wp-cron.php?doing_wp_cron=1493528373.6387848854064941406250" "WordPress/4.7.4; http://sundog-soft.com"
62.205.91.119 - - [30/Apr/2017:04:59:33 +0000] "POST /wp-login.php HTTP/1.1" 200 6182 "http://sundog-soft.com/wp-login.php" "Mozilla/5.0 (Windows NT 6.0; rv:34.0) Gecko/20100101 Firefox/34.0"
54.210.20.202 - - [30/Apr/2017:04:59:39 +0000] "POST /wp-cron.php?doing_wp_cron=1493528379.5491778850555419921875 HTTP/1.1" 200 - "http://sundog-soft.com/wp-cron.php?doing_wp_cron=1493528379.5491778850555419921875" "WordPress/4.7.4; http://sundog-soft.com"
199.21.99.207 - - [30/Apr/2017:04:59:38 +0000] "GET /2011/04/silverlining-2-13-better-dx9-support/ HTTP/1.1" 200 14425 "-" "Mozilla/5.0 (compatible; YandexBot/3.0; +http://yandex.com/bots)"
54.210.20.202 - - [30/Apr/2017:05:00:26 +0000] "POST /wp-cron.php?doing_wp_cron=1493528426.1676769256591796875000 HTTP/1.1" 200 - "http://sundog-soft.com/wp-cron.php?doing_wp_cron=1493528426.1676769256591796875000" "WordPress/4.7.4; http://sundog-soft.com"
185.119.81.11 - - [30/Apr/2017:05:00:25 +0000] "GET /wp-login.php HTTP/1.1" 200 5226 "-" "Mozilla/5.0 (Windows NT 10.0; WOW64) AppleWebKit/537.36 (KHTML, like Gecko) Chrome/51.0.2704.103 Safari/537.36"
