54.210.20.202 - - [30/Apr/2017:06:45:23 +0000] "POST /wp-cron.php?doing_wp_cron=1493534723.8991940021514892578125 HTTP/1.1" 200 - "http://sundog-soft.com/wp-cron.php?doing_wp_cron=1493534723.8991940021514892578125" "WordPress/4.7.4; http://sundog-soft.com"
185.26.92.74 - - [30/Apr/2017:06:45:23 +0000] "GET /our-software-licensing-agreement/ HTTP/1.1" 200 15952 "-" "GarlikCrawler/1.2 (http://garlik.com/, crawler@garlik.com)"
54.210.20.202 - - [30/Apr/2017:06:45:27 +0000] "POST /wp-cron.php?doing_wp_cron=1493534727.6721169948577880859375 HTTP/1.1" 200 - "http://sundog-soft.com/wp-cron.php?doing_wp_cron=1493534727.6721169948577880859375" "WordPress/4.7.4; http://sundog-soft.com"
185.26.92.74 - - [30/Apr/2017:06:45:27 +0000] "GET /portfolio-items/silverlining-sky-3d-clouds-sdk/%20target= HTTP/1.1" 404 48380 "-" "GarlikCrawler/1.2 (http://garlik.com/, crawler@garlik.com)"
54.210.20.202 - - [30/Apr/2017:06:45:33 +0000] "POST /wp-cron.php?doing_wp_cron=1493534733.3154981136322021484375 HTTP/1.1" 200 - "http://sundog-soft.com/wp-cron.php?doing_wp_cron=1493534733.3154981136322021484375" "WordPress/4.7.4; http://sundog-soft.com"
185.26.92.74 - - [30/Apr/2017:06:45:32 +0000] "GET /portfolio-items/the-triton-ocean-sdk/%20target= HTTP/1.1" 404 48350 "-" "GarlikCrawler/1.2 (http://garlik.com/, crawler@garlik.com)"
54.210.20.202 - - [30/Apr/2017:06:45:39 +0000] "POST /wp-cron.php?doing_wp_cron=1493534739.0503540039062500000000 HTTP/1.1" 200 - "http://sundog-soft.com/wp-cron.php?doing_wp_cron=1493534739.0503540039062500000000" "WordPress/4.7.4; http://sundog-soft.com"
185.26.92.74 - - [30/Apr/2017:06:45:38 +0000] "GET /portfolio-items/sundog-game-demo-video/%20target= HTTP/1.1" 404 48356 "-" "GarlikCrawler/1.2 (http://garlik.com/, crawler@garlik.com)"
54.210.20.202 - - [30/Apr/2017:06:45:41 +0000] "POST /wp-cron.php?doing_wp_cron=1493534741.3254749774932861328125 HTTP/1.1" 200 - "http://sundog-soft.com/wp-cron.php?doing_wp_cron=1493534741.3254749774932861328125" "WordPress/4.7.4; http://sundog-soft.com"
37.230.228.60 - - [30/Apr/2017:06:45:40 +0000] "GET /wp-login.php HTTP/1.1" 200 5226 "-" "Mozilla/5.0 (Windows NT 6.0; rv:34.0) Gecko/20100101 Firefox/34.0"
54.210.20.202 - - [30/Apr/2017:06:45:42 +0000] "POST /wp-cron.php?doing_wp_cron=1493534742.9432830810546875000000 HTTP/1.1" 200 - "http://sundog-soft.com/wp-cron.php?doing_wp_cron=1493534742.9432830810546875000000" "WordPress/4.7.4; http://sundog-soft.com"
37.230.228.60 - - [30/Apr/2017:06:45:42 +0000] "POST /wp-login.php HTTP/1.1" 200 6182 "http://sundog-soft.com/wp-login.php" "Mozilla/5.0 (Windows NT 6.0; rv:34.0) Gecko/20100101 Firefox/34.0"
54.210.20.202 - - [30/Apr/2017:06:45:44 +0000] "POST /wp-cron.php?doing_wp_cron=1493534744.3317461013793945312500 HTTP/1.1" 200 - "http://sundog-soft.com/wp-cron.php?doing_wp_cron=1493534744.3317461013793945312500" "WordPress/4.7.4; http://sundog-soft.com"
185.26.92.74 - - [30/Apr/2017:06:45:43 +0000] "GET /portfolio-items/sundog-demo-reel/%20target= HTTP/1.1" 404 48338 "-" "GarlikCrawler/1.2 (http://garlik.com/, crawler@garlik.com)"
54.210.20.202 - - [30/Apr/2017:06:45:49 +0000] "POST /wp-cron.php?doing_wp_cron=1493534749.7623159885406494140625 HTTP/1.1" 200 - "http://sundog-soft.com/wp-cron.php?doing_wp_cron=1493534749.7623159885406494140625" "WordPress/4.7.4; http://sundog-soft.com"
185.26.92.74 - - [30/Apr/2017:06:45:49 +0000] "GET /2016/12/skymaxx-pro-4-releases-tomorrow/ HTTP/1.1" 200 14409 "-" "GarlikCrawler/1.2 (http://garlik.com/, crawler@garlik.com)"
54.210.20.202 - - [30/Apr/2017:06:45:55 +0000] "POST /wp-cron.php?doing_wp_cron=1493534755.2913000583648681640625 HTTP/1.1" 200 - "http://sundog-soft.com/wp-cron.php?doing_wp_cron=1493534755.2913000583648681640625" "WordPress/4.7.4; http://sundog-soft.com"
185.26.92.74 - - [30/Apr/2017:06:45:54 +0000] "GET /2016/12/happy-holidays-sundog-software/ HTTP/1.1" 200 14582 "-" "GarlikCrawler/1.2 (http://garlik.com/, crawler@garlik.com)"
54.210.20.202 - - [30/Apr/2017:06:46:00 +0000] "POST /wp-cron.php?doing_wp_cron=1493534760.8986229896545410156250 HTTP/1.1" 200 - "http://sundog-soft.com/wp-cron.php?doing_wp_cron=1493534760.8986229896545410156250" "WordPress/4.7.4; http://sundog-soft.com"
185.26.92.74 - - [30/Apr/2017:06:46:00 +0000] "GET /2016/12/thanks-fantastic-iitsec/ HTTP/1.1" 200 14891 "-" "GarlikCrawler/1.2 (http://garlik.com/, crawler@garlik.com)"
54.210.20.202 - - [30/Apr/2017:06:46:06 +0000] "POST /wp-cron.php?doing_wp_cron=1493534766.1702458858489990234375 HTTP/1.1" 200 - "http://sundog-soft.com/wp-cron.php?doing_wp_cron=1493534766.1702458858489990234375" "WordPress/4.7.4; http://sundog-soft.com"
185.26.92.74 - - [30/Apr/2017:06:46:05 +0000] "GET /2016/12/syncing-silverlining-clouds-across-multiple-displays/ HTTP/1.1" 200 14878 "-" "GarlikCrawler/1.2 (http://garlik.com/, crawler@garlik.com)"
54.210.20.202 - - [30/Apr/2017:06:46:07 +0000] "POST /wp-cron.php?doing_wp_cron=1493534767.7607369422912597656250 HTTP/1.1" 200 - "http://sundog-soft.com/wp-cron.php?doing_wp_cron=1493534767.7607369422912597656250" "WordPress/4.7.4; http://sundog-soft.com"
42.118.131.44 - - [30/Apr/2017:06:46:07 +0000] "GET /wp-login.php HTTP/1.1" 200 5226 "-" "Mozilla/5.0 (Windows NT 6.0; rv:34.0) Gecko/20100101 Firefox/34.0"
54.210.20.202 - - [30/Apr/2017:06:46:09 +0000] "POST /wp-cron.php?doing_wp_cron=1493534769.4198520183563232421875 HTTP/1.1" 200 - "http://sundog-soft.com/wp-cron.php?doing_wp_cron=1493534769.4198520183563232421875" "WordPress/4.7.4; http://sundog-soft.com"
42.118.131.44 - - [30/Apr/2017:06:46:08 +0000] "POST /wp-login.php HTTP/1.1" 200 6182 "http://sundog-soft.com/wp-login.php" "Mozilla/5.0 (Windows NT 6.0; rv:34.0) Gecko/20100101 Firefox/34.0"
54.210.20.202 - - [30/Apr/2017:06:46:11 +0000] "POST /wp-cron.php?doing_wp_cron=1493534771.2985060214996337890625 HTTP/1.1" 200 - "http://sundog-soft.com/wp-cron.php?doing_wp_cron=1493534771.2985060214996337890625" "WordPress/4.7.4; http://sundog-soft.com"
185.26.92.74 - - [30/Apr/2017:06:46:10 +0000] "GET /2016/10/iitsec-coming-want-meet/ HTTP/1.1" 200 14857 "-" "GarlikCrawler/1.2 (http://garlik.com/, crawler@garlik.com)"
54.210.20.202 - - [30/Apr/2017:06:46:19 +0000] "POST /wp-cron.php?doing_wp_cron=1493534779.5328319072723388671875 HTTP/1.1" 200 - "http://sundog-soft.com/wp-cron.php?doing_wp_cron=1493534779.5328319072723388671875" "WordPress/4.7.4; http://sundog-soft.com"
185.26.92.74 - - [30/Apr/2017:06:46:18 +0000] "GET /blog/page/2/ HTTP/1.1" 200 15213 "-" "GarlikCrawler/1.2 (http://garlik.com/, crawler@garlik.com)"
54.210.20.202 - - [30/Apr/2017:06:46:23 +0000] "POST /wp-cron.php?doing_wp_cron=1493534783.8808240890502929687500 HTTP/1.1" 200 - "http://sundog-soft.com/wp-cron.php?doing_wp_cron=1493534783.8808240890502929687500" "WordPress/4.7.4; http://sundog-soft.com"
185.26.92.74 - - [30/Apr/2017:06:46:23 +0000] "GET /2016/09/sundog-software-top-training-simulation-company/ HTTP/1.1" 200 14451 "-" "GarlikCrawler/1.2 (http://garlik.com/, crawler@garlik.com)"
54.210.20.202 - - [30/Apr/2017:06:46:32 +0000] "POST /wp-cron.php?doing_wp_cron=1493534792.3657889366149902343750 HTTP/1.1" 200 - "http://sundog-soft.com/wp-cron.php?doing_wp_cron=1493534792.3657889366149902343750" "WordPress/4.7.4; http://sundog-soft.com"
185.26.92.74 - - [30/Apr/2017:06:46:31 +0000] "GET /category/uncategorized/ HTTP/1.1" 200 14671 "-" "GarlikCrawler/1.2 (http://garlik.com/, crawler@garlik.com)"
54.210.20.202 - - [30/Apr/2017:06:46:39 +0000] "POST /wp-cron.php?doing_wp_cron=1493534799.4844670295715332031250 HTTP/1.1" 200 - "http://sundog-soft.com/wp-cron.php?doing_wp_cron=1493534799.4844670295715332031250" "WordPress/4.7.4; http://sundog-soft.com"
185.26.92.74 - - [30/Apr/2017:06:46:38 +0000] "GET /robots.txt HTTP/1.1" 200 67 "-" "GarlikCrawler/1.2 (http://garlik.com/, crawler@garlik.com)"
185.26.92.74 - - [30/Apr/2017:06:46:40 +0000] "GET /docs/html/usage.html HTTP/1.1" 200 25320 "-" "GarlikCrawler/1.2 (http://garlik.com/, crawler@garlik.com)"
185.26.92.74 - - [30/Apr/2017:06:46:46 +0000] "GET /docs/html/class_silver_lining_1_1_cloud_layer.html HTTP/1.1" 200 23828 "-" "GarlikCrawler/1.2 (http://garlik.com/, crawler@garlik.com)"
185.26.92.74 - - [30/Apr/2017:06:46:49 +0000] "GET /docs/html/class_silver_lining_1_1_random_number_generator.html HTTP/1.1" 200 2021 "-" "GarlikCrawler/1.2 (http://garlik.com/, crawler@garlik.com)"
54.210.20.202 - - [30/Apr/2017:06:47:02 +0000] "POST /wp-cron.php?doing_wp_cron=1493534822.6153609752655029296875 HTTP/1.1" 200 - "http://sundog-soft.com/wp-cron.php?doing_wp_cron=1493534822.6153609752655029296875" "WordPress/4.7.4; http://sundog-soft.com"
185.26.92.74 - - [30/Apr/2017:06:47:02 +0000] "GET /2016/09/help-test-new-overcast-clouds/ HTTP/1.1" 200 14967 "-" "GarlikCrawler/1.2 (http://garlik.com/, crawler@garlik.com)"
198.40.51.146 - - [30/Apr/2017:06:47:06 +0000] "GET /features/ocean-and-water-rendering-with-triton/ HTTP/1.1" 200 16609 "-" "Mozilla/5.0 (X11; Linux x86_64) AppleWebKit/537.36 (KHTML, like Gecko) Chrome/48.0.2564.116 Safari/537.36 (Knil)"
178.79.143.171 - - [30/Apr/2017:06:47:06 +0000] "GET /sds/feed/ HTTP/1.1" 301 236 "-" "arss/testing; fsfeel@gmail.com"
54.210.20.202 - - [30/Apr/2017:06:47:06 +0000] "POST /wp-cron.php?doing_wp_cron=1493534826.6029028892517089843750 HTTP/1.1" 200 - "http://sundog-soft.com/wp-cron.php?doing_wp_cron=1493534826.6029028892517089843750" "WordPress/4.7.4; http://sundog-soft.com"
185.26.92.74 - - [30/Apr/2017:06:47:06 +0000] "GET /2016/09/we-got-a-gtx1080/ HTTP/1.1" 200 14697 "-" "GarlikCrawler/1.2 (http://garlik.com/, crawler@garlik.com)"
178.79.143.171 - - [30/Apr/2017:06:47:06 +0000] "GET /feed/ HTTP/1.1" 200 31812 "-" "arss/testing; fsfeel@gmail.com"
54.210.20.202 - - [30/Apr/2017:06:47:19 +0000] "POST /wp-cron.php?doing_wp_cron=1493534839.0075519084930419921875 HTTP/1.1" 200 - "http://sundog-soft.com/wp-cron.php?doing_wp_cron=1493534839.0075519084930419921875" "WordPress/4.7.4; http://sundog-soft.com"
185.26.92.74 - - [30/Apr/2017:06:47:18 +0000] "GET /2016/09/tips-drawing-distant-clouds/ HTTP/1.1" 200 15335 "-" "GarlikCrawler/1.2 (http://garlik.com/, crawler@garlik.com)"
54.210.20.202 - - [30/Apr/2017:06:47:32 +0000] "POST /wp-cron.php?doing_wp_cron=1493534852.4308030605316162109375 HTTP/1.1" 200 - "http://sundog-soft.com/wp-cron.php?doing_wp_cron=1493534852.4308030605316162109375" "WordPress/4.7.4; http://sundog-soft.com"
185.26.92.74 - - [30/Apr/2017:06:47:31 +0000] "GET /2016/08/using-height-maps-triton-finer-points/ HTTP/1.1" 200 16810 "-" "GarlikCrawler/1.2 (http://garlik.com/, crawler@garlik.com)"
54.210.20.202 - - [30/Apr/2017:06:47:36 +0000] "POST /wp-cron.php?doing_wp_cron=1493534856.4824540615081787109375 HTTP/1.1" 200 - "http://sundog-soft.com/wp-cron.php?doing_wp_cron=1493534856.4824540615081787109375" "WordPress/4.7.4; http://sundog-soft.com"
185.26.92.74 - - [30/Apr/2017:06:47:35 +0000] "GET /2016/08/using-triton-hdr/ HTTP/1.1" 200 15032 "-" "GarlikCrawler/1.2 (http://garlik.com/, crawler@garlik.com)"
54.210.20.202 - - [30/Apr/2017:06:47:41 +0000] "POST /wp-cron.php?doing_wp_cron=1493534861.5387649536132812500000 HTTP/1.1" 200 - "http://sundog-soft.com/wp-cron.php?doing_wp_cron=1493534861.5387649536132812500000" "WordPress/4.7.4; http://sundog-soft.com"
185.26.92.74 - - [30/Apr/2017:06:47:40 +0000] "GET /evaluate/ HTTP/1.1" 200 12710 "-" "GarlikCrawler/1.2 (http://garlik.com/, crawler@garlik.com)"
185.26.92.74 - - [30/Apr/2017:06:47:45 +0000] "GET /sds/2016/04/real-weather-connector-x-plane-launched/ HTTP/1.1" 301 279 "-" "GarlikCrawler/1.2 (http://garlik.com/, crawler@garlik.com)"
54.210.20.202 - - [30/Apr/2017:06:47:46 +0000] "POST /wp-cron.php?doing_wp_cron=1493534866.5524280071258544921875 HTTP/1.1" 200 - "http://sundog-soft.com/wp-cron.php?doing_wp_cron=1493534866.5524280071258544921875" "WordPress/4.7.4; http://sundog-soft.com"
185.26.92.74 - - [30/Apr/2017:06:47:45 +0000] "GET /2016/04/real-weather-connector-x-plane-launched/ HTTP/1.1" 200 15253 "-" "GarlikCrawler/1.2 (http://garlik.com/, crawler@garlik.com)"
54.210.20.202 - - [30/Apr/2017:06:47:52 +0000] "POST /wp-cron.php?doing_wp_cron=1493534872.0882570743560791015625 HTTP/1.1" 200 - "http://sundog-soft.com/wp-cron.php?doing_wp_cron=1493534872.0882570743560791015625" "WordPress/4.7.4; http://sundog-soft.com"
185.26.92.74 - - [30/Apr/2017:06:47:51 +0000] "GET /blog/page/3/ HTTP/1.1" 200 14864 "-" "GarlikCrawler/1.2 (http://garlik.com/, crawler@garlik.com)"
54.210.20.202 - - [30/Apr/2017:06:47:58 +0000] "POST /wp-cron.php?doing_wp_cron=1493534878.3756070137023925781250 HTTP/1.1" 200 - "http://sundog-soft.com/wp-cron.php?doing_wp_cron=1493534878.3756070137023925781250" "WordPress/4.7.4; http://sundog-soft.com"
185.26.92.74 - - [30/Apr/2017:06:47:57 +0000] "GET /blog/page/4/ HTTP/1.1" 200 14774 "-" "GarlikCrawler/1.2 (http://garlik.com/, crawler@garlik.com)"
54.210.20.202 - - [30/Apr/2017:06:48:02 +0000] "POST /wp-cron.php?doing_wp_cron=1493534882.7977008819580078125000 HTTP/1.1" 200 - "http://sundog-soft.com/wp-cron.php?doing_wp_cron=1493534882.7977008819580078125000" "WordPress/4.7.4; http://sundog-soft.com"
185.26.92.74 - - [30/Apr/2017:06:48:02 +0000] "GET /blog/page/5/ HTTP/1.1" 200 14724 "-" "GarlikCrawler/1.2 (http://garlik.com/, crawler@garlik.com)"
54.210.20.202 - - [30/Apr/2017:06:48:09 +0000] "POST /wp-cron.php?doing_wp_cron=1493534889.1421649456024169921875 HTTP/1.1" 200 - "http://sundog-soft.com/wp-cron.php?doing_wp_cron=1493534889.1421649456024169921875" "WordPress/4.7.4; http://sundog-soft.com"
185.26.92.74 - - [30/Apr/2017:06:48:08 +0000] "GET /blog/page/6/ HTTP/1.1" 200 14693 "-" "GarlikCrawler/1.2 (http://garlik.com/, crawler@garlik.com)"
54.210.20.202 - - [30/Apr/2017:06:48:14 +0000] "POST /wp-cron.php?doing_wp_cron=1493534894.0388219356536865234375 HTTP/1.1" 200 - "http://sundog-soft.com/wp-cron.php?doing_wp_cron=1493534894.0388219356536865234375" "WordPress/4.7.4; http://sundog-soft.com"
185.26.92.74 - - [30/Apr/2017:06:48:13 +0000] "GET /2016/08/silverlining-just-got-lot-faster/ HTTP/1.1" 200 15223 "-" "GarlikCrawler/1.2 (http://garlik.com/, crawler@garlik.com)"
54.210.20.202 - - [30/Apr/2017:06:48:20 +0000] "POST /wp-cron.php?doing_wp_cron=1493534900.8848259449005126953125 HTTP/1.1" 200 - "http://sundog-soft.com/wp-cron.php?doing_wp_cron=1493534900.8848259449005126953125" "WordPress/4.7.4; http://sundog-soft.com"
185.26.92.74 - - [30/Apr/2017:06:48:20 +0000] "GET /2016/07/made-apache-spark-scala-course/ HTTP/1.1" 200 14971 "-" "GarlikCrawler/1.2 (http://garlik.com/, crawler@garlik.com)"
54.210.20.202 - - [30/Apr/2017:06:48:26 +0000] "POST /wp-cron.php?doing_wp_cron=1493534906.7492740154266357421875 HTTP/1.1" 200 - "http://sundog-soft.com/wp-cron.php?doing_wp_cron=1493534906.7492740154266357421875" "WordPress/4.7.4; http://sundog-soft.com"
185.26.92.74 - - [30/Apr/2017:06:48:26 +0000] "GET /2016/07/openig-2-0/ HTTP/1.1" 200 14404 "-" "GarlikCrawler/1.2 (http://garlik.com/, crawler@garlik.com)"
54.210.20.202 - - [30/Apr/2017:06:48:31 +0000] "POST /wp-cron.php?doing_wp_cron=1493534911.0410299301147460937500 HTTP/1.1" 200 - "http://sundog-soft.com/wp-cron.php?doing_wp_cron=1493534911.0410299301147460937500" "WordPress/4.7.4; http://sundog-soft.com"
185.26.92.74 - - [30/Apr/2017:06:48:30 +0000] "GET /2016/07/what-is-the-matrix/ HTTP/1.1" 200 15375 "-" "GarlikCrawler/1.2 (http://garlik.com/, crawler@garlik.com)"
185.26.92.74 - - [30/Apr/2017:06:48:50 +0000] "GET /sds/2016/03/celebrating-10-years-silverlining/ HTTP/1.1" 301 273 "-" "GarlikCrawler/1.2 (http://garlik.com/, crawler@garlik.com)"
185.26.92.74 - - [30/Apr/2017:06:48:50 +0000] "GET /2016/03/celebrating-10-years-silverlining/ HTTP/1.1" 200 15114 "-" "GarlikCrawler/1.2 (http://garlik.com/, crawler@garlik.com)"
185.26.92.74 - - [30/Apr/2017:06:48:56 +0000] "GET /sds/2016/02/openig-2-0-0-features-silverlining-and-triton/ HTTP/1.1" 301 285 "-" "GarlikCrawler/1.2 (http://garlik.com/, crawler@garlik.com)"
54.210.20.202 - - [30/Apr/2017:06:48:57 +0000] "POST /wp-cron.php?doing_wp_cron=1493534937.1328229904174804687500 HTTP/1.1" 200 - "http://sundog-soft.com/wp-cron.php?doing_wp_cron=1493534937.1328229904174804687500" "WordPress/4.7.4; http://sundog-soft.com"
185.26.92.74 - - [30/Apr/2017:06:48:56 +0000] "GET /2016/02/openig-2-0-0-features-silverlining-and-triton/ HTTP/1.1" 200 14893 "-" "GarlikCrawler/1.2 (http://garlik.com/, crawler@garlik.com)"
54.210.20.202 - - [30/Apr/2017:06:49:03 +0000] "POST /wp-cron.php?doing_wp_cron=1493534943.9760870933532714843750 HTTP/1.1" 200 - "http://sundog-soft.com/wp-cron.php?doing_wp_cron=1493534943.9760870933532714843750" "WordPress/4.7.4; http://sundog-soft.com"
66.249.84.197 - - [30/Apr/2017:06:49:03 +0000] "GET /2017/04/skymaxx-pro-4-5-coming/ HTTP/1.1" 200 14702 "-" "Mozilla/5.0 (Linux; Android 5.1.1; C6903 Build/14.6.A.1.236) AppleWebKit/537.36 (KHTML, like Gecko) Chrome/59.0.3071.25 Mobile Safari/537.36"
66.249.84.197 - - [30/Apr/2017:06:49:05 +0000] "GET /wp-content/plugins/contact-form-7/includes/css/styles.css?ver=4.7 HTTP/1.1" 200 634 "http://sundog-soft.com/2017/04/skymaxx-pro-4-5-coming/" "Mozilla/5.0 (Linux; Android 5.1.1; C6903 Build/14.6.A.1.236) AppleWebKit/537.36 (KHTML, like Gecko) Chrome/59.0.3071.25 Mobile Safari/537.36"
66.249.84.199 - - [30/Apr/2017:06:49:05 +0000] "GET /wp-content/plugins/tablepress/css/default.min.css?ver=1.8 HTTP/1.1" 200 2739 "http://sundog-soft.com/2017/04/skymaxx-pro-4-5-coming/" "Mozilla/5.0 (Linux; Android 5.1.1; C6903 Build/14.6.A.1.236) AppleWebKit/537.36 (KHTML, like Gecko) Chrome/59.0.3071.25 Mobile Safari/537.36"
66.249.84.195 - - [30/Apr/2017:06:49:05 +0000] "GET /wp-content/plugins/woocommerce/assets/js/frontend/add-to-cart.min.js?ver=3.0.4 HTTP/1.1" 200 803 "http://sundog-soft.com/2017/04/skymaxx-pro-4-5-coming/" "Mozilla/5.0 (Linux; Android 5.1.1; C6903 Build/14.6.A.1.236) AppleWebKit/537.36 (KHTML, like Gecko) Chrome/59.0.3071.25 Mobile Safari/537.36"
66.249.84.195 - - [30/Apr/2017:06:49:05 +0000] "GET /wp-content/plugins/LayerSlider/static/layerslider/css/layerslider.css?ver=6.3.0 HTTP/1.1" 200 3792 "http://sundog-soft.com/2017/04/skymaxx-pro-4-5-coming/" "Mozilla/5.0 (Linux; Android 5.1.1; C6903 Build/14.6.A.1.236) AppleWebKit/537.36 (KHTML, like Gecko) Chrome/59.0.3071.25 Mobile Safari/537.36"
66.249.84.195 - - [30/Apr/2017:06:49:05 +0000] "GET /wp-content/plugins/LayerSlider/static/layerslider/js/layerslider.kreaturamedia.jquery.js?ver=6.3.0 HTTP/1.1" 200 42430 "http://sundog-soft.com/2017/04/skymaxx-pro-4-5-coming/" "Mozilla/5.0 (Linux; Android 5.1.1; C6903 Build/14.6.A.1.236) AppleWebKit/537.36 (KHTML, like Gecko) Chrome/59.0.3071.25 Mobile Safari/537.36"
66.249.84.199 - - [30/Apr/2017:06:49:05 +0000] "GET /wp-content/plugins/mailchimp-widget/js/mailchimp-widget-min.js?ver=4.7.4 HTTP/1.1" 200 587 "http://sundog-soft.com/2017/04/skymaxx-pro-4-5-coming/" "Mozilla/5.0 (Linux; Android 5.1.1; C6903 Build/14.6.A.1.236) AppleWebKit/537.36 (KHTML, like Gecko) Chrome/59.0.3071.25 Mobile Safari/537.36"
66.249.84.197 - - [30/Apr/2017:06:49:05 +0000] "GET /wp-content/plugins/revslider/public/assets/js/jquery.themepunch.tools.min.js?ver=5.4.1 HTTP/1.1" 200 37359 "http://sundog-soft.com/2017/04/skymaxx-pro-4-5-coming/" "Mozilla/5.0 (Linux; Android 5.1.1; C6903 Build/14.6.A.1.236) AppleWebKit/537.36 (KHTML, like Gecko) Chrome/59.0.3071.25 Mobile Safari/537.36"
66.249.84.197 - - [30/Apr/2017:06:49:05 +0000] "GET /wp-content/plugins/js_composer/assets/js/vendors/woocommerce-add-to-cart.js?ver=5.1.2 HTTP/1.1" 200 351 "http://sundog-soft.com/2017/04/skymaxx-pro-4-5-coming/" "Mozilla/5.0 (Linux; Android 5.1.1; C6903 Build/14.6.A.1.236) AppleWebKit/537.36 (KHTML, like Gecko) Chrome/59.0.3071.25 Mobile Safari/537.36"
66.249.84.199 - - [30/Apr/2017:06:49:05 +0000] "GET /wp-content/plugins/revslider/public/assets/css/settings.css?ver=5.4.1 HTTP/1.1" 200 7067 "http://sundog-soft.com/2017/04/skymaxx-pro-4-5-coming/" "Mozilla/5.0 (Linux; Android 5.1.1; C6903 Build/14.6.A.1.236) AppleWebKit/537.36 (KHTML, like Gecko) Chrome/59.0.3071.25 Mobile Safari/537.36"
66.249.84.197 - - [30/Apr/2017:06:49:05 +0000] "GET /wp-content/plugins/LayerSlider/static/layerslider/js/greensock.js?ver=1.19.0 HTTP/1.1" 200 39570 "http://sundog-soft.com/2017/04/skymaxx-pro-4-5-coming/" "Mozilla/5.0 (Linux; Android 5.1.1; C6903 Build/14.6.A.1.236) AppleWebKit/537.36 (KHTML, like Gecko) Chrome/59.0.3071.25 Mobile Safari/537.36"
66.249.84.195 - - [30/Apr/2017:06:49:05 +0000] "GET /wp-content/plugins/woocommerce/assets/js/frontend/cart-fragments.min.js?ver=3.0.4 HTTP/1.1" 200 925 "http://sundog-soft.com/2017/04/skymaxx-pro-4-5-coming/" "Mozilla/5.0 (Linux; Android 5.1.1; C6903 Build/14.6.A.1.236) AppleWebKit/537.36 (KHTML, like Gecko) Chrome/59.0.3071.25 Mobile Safari/537.36"
66.249.84.197 - - [30/Apr/2017:06:49:05 +0000] "GET /wp-content/plugins/revslider/public/assets/js/jquery.themepunch.revolution.min.js?ver=5.4.1 HTTP/1.1" 200 17555 "http://sundog-soft.com/2017/04/skymaxx-pro-4-5-coming/" "Mozilla/5.0 (Linux; Android 5.1.1; C6903 Build/14.6.A.1.236) AppleWebKit/537.36 (KHTML, like Gecko) Chrome/59.0.3071.25 Mobile Safari/537.36"
66.249.84.199 - - [30/Apr/2017:06:49:06 +0000] "GET /wp-includes/js/wp-emoji-release.min.js?ver=4.7.4 HTTP/1.1" 200 4230 "http://sundog-soft.com/2017/04/skymaxx-pro-4-5-coming/" "Mozilla/5.0 (Linux; Android 5.1.1; C6903 Build/14.6.A.1.236) AppleWebKit/537.36 (KHTML, like Gecko) Chrome/59.0.3071.25 Mobile Safari/537.36"
66.249.84.199 - - [30/Apr/2017:06:49:06 +0000] "GET /wp-content/plugins/contact-form-7/includes/js/scripts.js?ver=4.7 HTTP/1.1" 200 3667 "http://sundog-soft.com/2017/04/skymaxx-pro-4-5-coming/" "Mozilla/5.0 (Linux; Android 5.1.1; C6903 Build/14.6.A.1.236) AppleWebKit/537.36 (KHTML, like Gecko) Chrome/59.0.3071.25 Mobile Safari/537.36"
66.249.84.195 - - [30/Apr/2017:06:49:07 +0000] "GET /wp-content/plugins/woocommerce/assets/js/frontend/woocommerce.min.js?ver=3.0.4 HTTP/1.1" 200 291 "http://sundog-soft.com/2017/04/skymaxx-pro-4-5-coming/" "Mozilla/5.0 (Linux; Android 5.1.1; C6903 Build/14.6.A.1.236) AppleWebKit/537.36 (KHTML, like Gecko) Chrome/59.0.3071.25 Mobile Safari/537.36"
66.249.84.195 - - [30/Apr/2017:06:49:07 +0000] "GET /wp-content/plugins/contact-form-7/includes/js/jquery.form.min.js?ver=3.51.0-2014.06.20 HTTP/1.1" 200 5860 "http://sundog-soft.com/2017/04/skymaxx-pro-4-5-coming/" "Mozilla/5.0 (Linux; Android 5.1.1; C6903 Build/14.6.A.1.236) AppleWebKit/537.36 (KHTML, like Gecko) Chrome/59.0.3071.25 Mobile Safari/537.36"
66.249.84.195 - - [30/Apr/2017:06:49:08 +0000] "GET /wp-content/plugins/LayerSlider/static/layerslider/js/layerslider.transitions.js?ver=6.3.0 HTTP/1.1" 200 3396 "http://sundog-soft.com/2017/04/skymaxx-pro-4-5-coming/" "Mozilla/5.0 (Linux; Android 5.1.1; C6903 Build/14.6.A.1.236) AppleWebKit/537.36 (KHTML, like Gecko) Chrome/59.0.3071.25 Mobile Safari/537.36"
66.249.84.199 - - [30/Apr/2017:06:49:08 +0000] "GET /wp-content/plugins/woocommerce/assets/js/jquery-blockui/jquery.blockUI.min.js?ver=2.70 HTTP/1.1" 200 3547 "http://sundog-soft.com/2017/04/skymaxx-pro-4-5-coming/" "Mozilla/5.0 (Linux; Android 5.1.1; C6903 Build/14.6.A.1.236) AppleWebKit/537.36 (KHTML, like Gecko) Chrome/59.0.3071.25 Mobile Safari/537.36"
66.249.84.197 - - [30/Apr/2017:06:49:08 +0000] "GET /wp-content/plugins/js_composer/assets/lib/bower/font-awesome/css/font-awesome.min.css?ver=5.1.2 HTTP/1.1" 200 6684 "http://sundog-soft.com/2017/04/skymaxx-pro-4-5-coming/" "Mozilla/5.0 (Linux; Android 5.1.1; C6903 Build/14.6.A.1.236) AppleWebKit/537.36 (KHTML, like Gecko) Chrome/59.0.3071.25 Mobile Safari/537.36"
66.249.84.197 - - [30/Apr/2017:06:49:08 +0000] "GET /wp-content/plugins/woocommerce/assets/js/js-cookie/js.cookie.min.js?ver=2.1.4 HTTP/1.1" 200 987 "http://sundog-soft.com/2017/04/skymaxx-pro-4-5-coming/" "Mozilla/5.0 (Linux; Android 5.1.1; C6903 Build/14.6.A.1.236) AppleWebKit/537.36 (KHTML, like Gecko) Chrome/59.0.3071.25 Mobile Safari/537.36"
66.249.84.199 - - [30/Apr/2017:06:49:09 +0000] "GET /wp-content/plugins/mailchimp-for-wp/assets/css/form-basic.min.css?ver=4.1.1 HTTP/1.1" 200 697 "http://sundog-soft.com/2017/04/skymaxx-pro-4-5-coming/" "Mozilla/5.0 (Linux; Android 5.1.1; C6903 Build/14.6.A.1.236) AppleWebKit/537.36 (KHTML, like Gecko) Chrome/59.0.3071.25 Mobile Safari/537.36"
185.26.92.74 - - [30/Apr/2017:06:49:09 +0000] "GET /sds/2015/04/announcing-silverlining-4/ HTTP/1.1" 301 265 "-" "GarlikCrawler/1.2 (http://garlik.com/, crawler@garlik.com)"
::1 - - [30/Apr/2017:06:49:10 +0000] "OPTIONS * HTTP/1.0" 200 - "-" "Apache/2.4.25 (Amazon) OpenSSL/1.0.1k-fips PHP/5.6.30 (internal dummy connection)"
66.249.84.197 - - [30/Apr/2017:06:49:10 +0000] "GET /wp-content/plugins/js_composer/assets/lib/bower/font-awesome/fonts/fontawesome-webfont.woff2?v=4.6.3 HTTP/1.1" 200 71893 "http://sundog-soft.com/wp-content/plugins/js_composer/assets/lib/bower/font-awesome/css/font-awesome.min.css?ver=5.1.2" "Mozilla/5.0 (Linux; Android 5.1.1; C6903 Build/14.6.A.1.236) AppleWebKit/537.36 (KHTML, like Gecko) Chrome/59.0.3071.25 Mobile Safari/537.36"
185.26.92.74 - - [30/Apr/2017:06:49:09 +0000] "GET /2015/04/announcing-silverlining-4/ HTTP/1.1" 200 15633 "-" "GarlikCrawler/1.2 (http://garlik.com/, crawler@garlik.com)"
::1 - - [30/Apr/2017:06:49:11 +0000] "OPTIONS * HTTP/1.0" 200 - "-" "Apache/2.4.25 (Amazon) OpenSSL/1.0.1k-fips PHP/5.6.30 (internal dummy connection)"
54.210.20.202 - - [30/Apr/2017:06:49:10 +0000] "POST /wp-cron.php?doing_wp_cron=1493534950.7431650161743164062500 HTTP/1.1" 200 - "http://sundog-soft.com/wp-cron.php?doing_wp_cron=1493534950.7431650161743164062500" "WordPress/4.7.4; http://sundog-soft.com"
104.154.198.228 - - [30/Apr/2017:06:49:09 +0000] "GET /feed/ HTTP/1.1" 200 31812 "-" "Java/1.8.0_121"
::1 - - [30/Apr/2017:06:49:12 +0000] "OPTIONS * HTTP/1.0" 200 - "-" "Apache/2.4.25 (Amazon) OpenSSL/1.0.1k-fips PHP/5.6.30 (internal dummy connection)"
72.197.216.194 - - [30/Apr/2017:06:49:11 +0000] "POST /2017/04/skymaxx-pro-4-5-coming/?wc-ajax=get_refreshed_fragments HTTP/1.1" 200 255 "http://sundog-soft.com/2017/04/skymaxx-pro-4-5-coming/" "Mozilla/5.0 (Linux; Android 5.1.1; C6903 Build/14.6.A.1.236) AppleWebKit/537.36 (KHTML, like Gecko) Chrome/59.0.3071.25 Mobile Safari/537.36"
66.249.84.195 - - [30/Apr/2017:06:49:13 +0000] "GET /favicon.ico HTTP/1.1" 200 - "http://sundog-soft.com/2017/04/skymaxx-pro-4-5-coming/" "Mozilla/5.0 (Linux; Android 5.1.1; C6903 Build/14.6.A.1.236) AppleWebKit/537.36 (KHTML, like Gecko) Chrome/59.0.3071.25 Mobile Safari/537.36"
::1 - - [30/Apr/2017:06:49:13 +0000] "OPTIONS * HTTP/1.0" 200 - "-" "Apache/2.4.25 (Amazon) OpenSSL/1.0.1k-fips PHP/5.6.30 (internal dummy connection)"
::1 - - [30/Apr/2017:06:49:14 +0000] "OPTIONS * HTTP/1.0" 200 - "-" "Apache/2.4.25 (Amazon) OpenSSL/1.0.1k-fips PHP/5.6.30 (internal dummy connection)"
::1 - - [30/Apr/2017:06:49:15 +0000] "OPTIONS * HTTP/1.0" 200 - "-" "Apache/2.4.25 (Amazon) OpenSSL/1.0.1k-fips PHP/5.6.30 (internal dummy connection)"
::1 - - [30/Apr/2017:06:49:16 +0000] "OPTIONS * HTTP/1.0" 200 - "-" "Apache/2.4.25 (Amazon) OpenSSL/1.0.1k-fips PHP/5.6.30 (internal dummy connection)"
::1 - - [30/Apr/2017:06:49:17 +0000] "OPTIONS * HTTP/1.0" 200 - "-" "Apache/2.4.25 (Amazon) OpenSSL/1.0.1k-fips PHP/5.6.30 (internal dummy connection)"
::1 - - [30/Apr/2017:06:49:18 +0000] "OPTIONS * HTTP/1.0" 200 - "-" "Apache/2.4.25 (Amazon) OpenSSL/1.0.1k-fips PHP/5.6.30 (internal dummy connection)"
::1 - - [30/Apr/2017:06:49:19 +0000] "OPTIONS * HTTP/1.0" 200 - "-" "Apache/2.4.25 (Amazon) OpenSSL/1.0.1k-fips PHP/5.6.30 (internal dummy connection)"
::1 - - [30/Apr/2017:06:49:20 +0000] "OPTIONS * HTTP/1.0" 200 - "-" "Apache/2.4.25 (Amazon) OpenSSL/1.0.1k-fips PHP/5.6.30 (internal dummy connection)"
66.249.84.195 - - [30/Apr/2017:06:49:20 +0000] "GET / HTTP/1.1" 200 20503 "http://sundog-soft.com/2017/04/skymaxx-pro-4-5-coming/" "Mozilla/5.0 (Linux; Android 5.1.1; C6903 Build/14.6.A.1.236) AppleWebKit/537.36 (KHTML, like Gecko) Chrome/59.0.3071.25 Mobile Safari/537.36"
66.249.84.197 - - [30/Apr/2017:06:49:21 +0000] "GET /wp-content/plugins/js_composer/assets/css/js_composer.min.css?ver=5.1.2 HTTP/1.1" 200 44414 "http://sundog-soft.com/" "Mozilla/5.0 (Linux; Android 5.1.1; C6903 Build/14.6.A.1.236) AppleWebKit/537.36 (KHTML, like Gecko) Chrome/59.0.3071.25 Mobile Safari/537.36"
::1 - - [30/Apr/2017:06:49:21 +0000] "OPTIONS * HTTP/1.0" 200 - "-" "Apache/2.4.25 (Amazon) OpenSSL/1.0.1k-fips PHP/5.6.30 (internal dummy connection)"
66.249.84.199 - - [30/Apr/2017:06:49:21 +0000] "GET /wp-content/plugins/revslider/admin/assets/images/dummy.png HTTP/1.1" 200 73 "http://sundog-soft.com/" "Mozilla/5.0 (Linux; Android 5.1.1; C6903 Build/14.6.A.1.236) AppleWebKit/537.36 (KHTML, like Gecko) Chrome/59.0.3071.25 Mobile Safari/537.36"
66.249.84.197 - - [30/Apr/2017:06:49:21 +0000] "GET /wp-content/plugins/js_composer/assets/js/dist/js_composer_front.min.js?ver=5.1.2 HTTP/1.1" 200 6450 "http://sundog-soft.com/" "Mozilla/5.0 (Linux; Android 5.1.1; C6903 Build/14.6.A.1.236) AppleWebKit/537.36 (KHTML, like Gecko) Chrome/59.0.3071.25 Mobile Safari/537.36"
54.210.20.202 - - [30/Apr/2017:06:49:22 +0000] "POST /wp-cron.php?doing_wp_cron=1493534962.4552989006042480468750 HTTP/1.1" 200 - "http://sundog-soft.com/wp-cron.php?doing_wp_cron=1493534962.4552989006042480468750" "WordPress/4.7.4; http://sundog-soft.com"
185.26.92.74 - - [30/Apr/2017:06:49:21 +0000] "GET /2016/07/whats-new-silverlining-triton/ HTTP/1.1" 200 15111 "-" "GarlikCrawler/1.2 (http://garlik.com/, crawler@garlik.com)"
66.249.84.195 - - [30/Apr/2017:06:49:24 +0000] "GET /wp-content/plugins/revslider/public/assets/js/extensions/revolution.extension.navigation.min.js?version=5.4.1 HTTP/1.1" 200 7022 "http://sundog-soft.com/" "Mozilla/5.0 (Linux; Android 5.1.1; C6903 Build/14.6.A.1.236) AppleWebKit/537.36 (KHTML, like Gecko) Chrome/59.0.3071.25 Mobile Safari/537.36"
66.249.84.197 - - [30/Apr/2017:06:49:24 +0000] "GET /wp-content/plugins/revslider/public/assets/js/extensions/revolution.extension.slideanims.min.js?version=5.4.1 HTTP/1.1" 200 6800 "http://sundog-soft.com/" "Mozilla/5.0 (Linux; Android 5.1.1; C6903 Build/14.6.A.1.236) AppleWebKit/537.36 (KHTML, like Gecko) Chrome/59.0.3071.25 Mobile Safari/537.36"
66.249.84.195 - - [30/Apr/2017:06:49:24 +0000] "GET /wp-content/plugins/revslider/public/assets/js/extensions/revolution.extension.actions.min.js?version=5.4.1 HTTP/1.1" 200 2694 "http://sundog-soft.com/" "Mozilla/5.0 (Linux; Android 5.1.1; C6903 Build/14.6.A.1.236) AppleWebKit/537.36 (KHTML, like Gecko) Chrome/59.0.3071.25 Mobile Safari/537.36"
66.249.84.195 - - [30/Apr/2017:06:49:24 +0000] "GET /wp-content/plugins/revslider/public/assets/js/extensions/revolution.extension.layeranimation.min.js?version=5.4.1 HTTP/1.1" 200 13985 "http://sundog-soft.com/" "Mozilla/5.0 (Linux; Android 5.1.1; C6903 Build/14.6.A.1.236) AppleWebKit/537.36 (KHTML, like Gecko) Chrome/59.0.3071.25 Mobile Safari/537.36"
66.249.84.197 - - [30/Apr/2017:06:49:25 +0000] "GET /wp-content/plugins/revslider/public/assets/assets/coloredbg.png HTTP/1.1" 200 184 "http://sundog-soft.com/wp-content/plugins/revslider/public/assets/css/settings.css?ver=5.4.1" "Mozilla/5.0 (Linux; Android 5.1.1; C6903 Build/14.6.A.1.236) AppleWebKit/537.36 (KHTML, like Gecko) Chrome/59.0.3071.25 Mobile Safari/537.36"
66.249.84.195 - - [30/Apr/2017:06:49:25 +0000] "GET /wp-content/plugins/revslider/public/assets/assets/loader.gif HTTP/1.1" 200 2545 "http://sundog-soft.com/wp-content/plugins/revslider/public/assets/css/settings.css?ver=5.4.1" "Mozilla/5.0 (Linux; Android 5.1.1; C6903 Build/14.6.A.1.236) AppleWebKit/537.36 (KHTML, like Gecko) Chrome/59.0.3071.25 Mobile Safari/537.36"
66.249.84.199 - - [30/Apr/2017:06:49:25 +0000] "GET /wp-content/plugins/revslider/public/assets/fonts/revicons/revicons.woff?5510888 HTTP/1.1" 200 7491 "http://sundog-soft.com/wp-content/plugins/revslider/public/assets/css/settings.css?ver=5.4.1" "Mozilla/5.0 (Linux; Android 5.1.1; C6903 Build/14.6.A.1.236) AppleWebKit/537.36 (KHTML, like Gecko) Chrome/59.0.3071.25 Mobile Safari/537.36"
::1 - - [30/Apr/2017:06:49:30 +0000] "OPTIONS * HTTP/1.0" 200 - "-" "Apache/2.4.25 (Amazon) OpenSSL/1.0.1k-fips PHP/5.6.30 (internal dummy connection)"
::1 - - [30/Apr/2017:06:49:31 +0000] "OPTIONS * HTTP/1.0" 200 - "-" "Apache/2.4.25 (Amazon) OpenSSL/1.0.1k-fips PHP/5.6.30 (internal dummy connection)"
::1 - - [30/Apr/2017:06:49:32 +0000] "OPTIONS * HTTP/1.0" 200 - "-" "Apache/2.4.25 (Amazon) OpenSSL/1.0.1k-fips PHP/5.6.30 (internal dummy connection)"
54.210.20.202 - - [30/Apr/2017:06:49:35 +0000] "POST /wp-cron.php?doing_wp_cron=1493534975.4918849468231201171875 HTTP/1.1" 200 - "http://sundog-soft.com/wp-cron.php?doing_wp_cron=1493534975.4918849468231201171875" "WordPress/4.7.4; http://sundog-soft.com"
185.26.92.74 - - [30/Apr/2017:06:49:34 +0000] "GET /2016/07/check-new-website/ HTTP/1.1" 200 14376 "-" "GarlikCrawler/1.2 (http://garlik.com/, crawler@garlik.com)"
66.249.84.195 - - [30/Apr/2017:06:49:40 +0000] "GET /favicon.ico HTTP/1.1" 200 - "http://sundog-soft.com/" "Mozilla/5.0 (Linux; Android 5.1.1; C6903 Build/14.6.A.1.236) AppleWebKit/537.36 (KHTML, like Gecko) Chrome/59.0.3071.25 Mobile Safari/537.36"
54.210.20.202 - - [30/Apr/2017:06:49:45 +0000] "POST /wp-cron.php?doing_wp_cron=1493534985.4168200492858886718750 HTTP/1.1" 200 - "http://sundog-soft.com/wp-cron.php?doing_wp_cron=1493534985.4168200492858886718750" "WordPress/4.7.4; http://sundog-soft.com"
185.26.92.74 - - [30/Apr/2017:06:49:44 +0000] "GET /2015/12/sevo-ios-engine-launched-with-silverlining-support/ HTTP/1.1" 200 14419 "-" "GarlikCrawler/1.2 (http://garlik.com/, crawler@garlik.com)"
54.210.20.202 - - [30/Apr/2017:06:49:54 +0000] "POST /wp-cron.php?doing_wp_cron=1493534994.7186980247497558593750 HTTP/1.1" 200 - "http://sundog-soft.com/wp-cron.php?doing_wp_cron=1493534994.7186980247497558593750" "WordPress/4.7.4; http://sundog-soft.com"
185.26.92.74 - - [30/Apr/2017:06:49:54 +0000] "GET /2015/12/sundog-spotting-at-iitsec/ HTTP/1.1" 200 15158 "-" "GarlikCrawler/1.2 (http://garlik.com/, crawler@garlik.com)"
66.249.84.195 - - [30/Apr/2017:06:50:00 +0000] "GET /favicon.ico HTTP/1.1" 200 - "http://sundog-soft.com/2017/04/skymaxx-pro-4-5-coming/" "Mozilla/5.0 (Linux; Android 5.1.1; C6903 Build/14.6.A.1.236) AppleWebKit/537.36 (KHTML, like Gecko) Chrome/59.0.3071.25 Mobile Safari/537.36"
54.210.20.202 - - [30/Apr/2017:06:50:02 +0000] "POST /wp-cron.php?doing_wp_cron=1493535002.8988111019134521484375 HTTP/1.1" 200 - "http://sundog-soft.com/wp-cron.php?doing_wp_cron=1493535002.8988111019134521484375" "WordPress/4.7.4; http://sundog-soft.com"
185.26.92.74 - - [30/Apr/2017:06:50:01 +0000] "GET /blog/page/7/ HTTP/1.1" 200 14819 "-" "GarlikCrawler/1.2 (http://garlik.com/, crawler@garlik.com)"
54.210.20.202 - - [30/Apr/2017:06:50:14 +0000] "POST /wp-cron.php?doing_wp_cron=1493535014.8518469333648681640625 HTTP/1.1" 200 - "http://sundog-soft.com/wp-cron.php?doing_wp_cron=1493535014.8518469333648681640625" "WordPress/4.7.4; http://sundog-soft.com"
185.26.92.74 - - [30/Apr/2017:06:50:14 +0000] "GET /blog/page/8/ HTTP/1.1" 200 14633 "-" "GarlikCrawler/1.2 (http://garlik.com/, crawler@garlik.com)"
54.210.20.202 - - [30/Apr/2017:06:50:24 +0000] "POST /wp-cron.php?doing_wp_cron=1493535024.0712130069732666015625 HTTP/1.1" 200 - "http://sundog-soft.com/wp-cron.php?doing_wp_cron=1493535024.0712130069732666015625" "WordPress/4.7.4; http://sundog-soft.com"
180.76.15.143 - - [30/Apr/2017:06:50:23 +0000] "GET /?p=2420 HTTP/1.1" 301 - "-" "Mozilla/5.0 (compatible; Baiduspider/2.0; +http://www.baidu.com/search/spider.html)"
54.210.20.202 - - [30/Apr/2017:06:50:25 +0000] "POST /wp-cron.php?doing_wp_cron=1493535025.7782709598541259765625 HTTP/1.1" 200 - "http://sundog-soft.com/wp-cron.php?doing_wp_cron=1493535025.7782709598541259765625" "WordPress/4.7.4; http://sundog-soft.com"
180.76.15.32 - - [30/Apr/2017:06:50:25 +0000] "GET /2014/07/triton-makes-develops-top-100-tech-games/ HTTP/1.1" 200 14488 "-" "Mozilla/5.0 (compatible; Baiduspider/2.0; +http://www.baidu.com/search/spider.html)"
185.26.92.74 - - [30/Apr/2017:06:50:25 +0000] "GET /blog/page/9/ HTTP/1.1" 200 14617 "-" "GarlikCrawler/1.2 (http://garlik.com/, crawler@garlik.com)"
54.210.20.202 - - [30/Apr/2017:06:50:36 +0000] "POST /wp-cron.php?doing_wp_cron=1493535036.6770238876342773437500 HTTP/1.1" 200 - "http://sundog-soft.com/wp-cron.php?doing_wp_cron=1493535036.6770238876342773437500" "WordPress/4.7.4; http://sundog-soft.com"
185.26.92.74 - - [30/Apr/2017:06:50:36 +0000] "GET /blog/page/10/ HTTP/1.1" 200 14703 "-" "GarlikCrawler/1.2 (http://garlik.com/, crawler@garlik.com)"
54.210.20.202 - - [30/Apr/2017:06:50:42 +0000] "POST /wp-cron.php?doing_wp_cron=1493535042.6659569740295410156250 HTTP/1.1" 200 - "http://sundog-soft.com/wp-cron.php?doing_wp_cron=1493535042.6659569740295410156250" "WordPress/4.7.4; http://sundog-soft.com"
185.26.92.74 - - [30/Apr/2017:06:50:42 +0000] "GET /blog/page/11/ HTTP/1.1" 200 14807 "-" "GarlikCrawler/1.2 (http://garlik.com/, crawler@garlik.com)"
185.26.92.74 - - [30/Apr/2017:06:50:48 +0000] "GET /sds/2015/02/training-astronauts/ HTTP/1.1" 301 259 "-" "GarlikCrawler/1.2 (http://garlik.com/, crawler@garlik.com)"
185.26.92.74 - - [30/Apr/2017:06:50:48 +0000] "GET /2015/02/training-astronauts/ HTTP/1.1" 200 14915 "-" "GarlikCrawler/1.2 (http://garlik.com/, crawler@garlik.com)"
54.210.20.202 - - [30/Apr/2017:06:50:54 +0000] "POST /wp-cron.php?doing_wp_cron=1493535054.4978239536285400390625 HTTP/1.1" 200 - "http://sundog-soft.com/wp-cron.php?doing_wp_cron=1493535054.4978239536285400390625" "WordPress/4.7.4; http://sundog-soft.com"
185.26.92.74 - - [30/Apr/2017:06:50:53 +0000] "GET /2016/05/new-course-spark-streaming-scala/ HTTP/1.1" 200 14591 "-" "GarlikCrawler/1.2 (http://garlik.com/, crawler@garlik.com)"
54.210.20.202 - - [30/Apr/2017:06:51:03 +0000] "POST /wp-cron.php?doing_wp_cron=1493535063.9126820564270019531250 HTTP/1.1" 200 - "http://sundog-soft.com/wp-cron.php?doing_wp_cron=1493535063.9126820564270019531250" "WordPress/4.7.4; http://sundog-soft.com"
185.26.92.74 - - [30/Apr/2017:06:51:03 +0000] "GET /2015/11/check-that-end-of-the-year-budget/ HTTP/1.1" 200 14591 "-" "GarlikCrawler/1.2 (http://garlik.com/, crawler@garlik.com)"
54.210.20.202 - - [30/Apr/2017:06:51:11 +0000] "POST /wp-cron.php?doing_wp_cron=1493535071.1371970176696777343750 HTTP/1.1" 200 - "http://sundog-soft.com/wp-cron.php?doing_wp_cron=1493535071.1371970176696777343750" "WordPress/4.7.4; http://sundog-soft.com"
185.26.92.74 - - [30/Apr/2017:06:51:10 +0000] "GET /2015/08/sundog-software-is-a-2015-top-simulation-and-training-company/ HTTP/1.1" 200 14345 "-" "GarlikCrawler/1.2 (http://garlik.com/, crawler@garlik.com)"
54.210.20.202 - - [30/Apr/2017:06:51:24 +0000] "POST /wp-cron.php?doing_wp_cron=1493535084.3163681030273437500000 HTTP/1.1" 200 - "http://sundog-soft.com/wp-cron.php?doing_wp_cron=1493535084.3163681030273437500000" "WordPress/4.7.4; http://sundog-soft.com"
185.26.92.74 - - [30/Apr/2017:06:51:23 +0000] "GET /2015/08/silverlining-and-triton-are-openscenegraph-3-4-0-ready/ HTTP/1.1" 200 14209 "-" "GarlikCrawler/1.2 (http://garlik.com/, crawler@garlik.com)"
54.210.20.202 - - [30/Apr/2017:06:51:31 +0000] "POST /wp-cron.php?doing_wp_cron=1493535091.3921949863433837890625 HTTP/1.1" 200 - "http://sundog-soft.com/wp-cron.php?doing_wp_cron=1493535091.3921949863433837890625" "WordPress/4.7.4; http://sundog-soft.com"
185.26.92.74 - - [30/Apr/2017:06:51:30 +0000] "GET /2015/08/check-out-our-new-triton-ocean-video/ HTTP/1.1" 200 14519 "-" "GarlikCrawler/1.2 (http://garlik.com/, crawler@garlik.com)"
185.26.92.74 - - [30/Apr/2017:06:51:38 +0000] "GET /2015/07/now-supporting-visual-studio-2015-and-visual-studio-2013-update-5/ HTTP/1.1" 200 14746 "-" "GarlikCrawler/1.2 (http://garlik.com/, crawler@garlik.com)"
54.210.20.202 - - [30/Apr/2017:06:51:44 +0000] "POST /wp-cron.php?doing_wp_cron=1493535104.0024979114532470703125 HTTP/1.1" 200 - "http://sundog-soft.com/wp-cron.php?doing_wp_cron=1493535104.0024979114532470703125" "WordPress/4.7.4; http://sundog-soft.com"
185.26.92.74 - - [30/Apr/2017:06:51:43 +0000] "GET /2015/07/using-silverlining-and-triton-together-in-openscenegraph/ HTTP/1.1" 200 14464 "-" "GarlikCrawler/1.2 (http://garlik.com/, crawler@garlik.com)"
54.210.20.202 - - [30/Apr/2017:06:51:51 +0000] "POST /wp-cron.php?doing_wp_cron=1493535111.1727919578552246093750 HTTP/1.1" 200 - "http://sundog-soft.com/wp-cron.php?doing_wp_cron=1493535111.1727919578552246093750" "WordPress/4.7.4; http://sundog-soft.com"
23.23.222.65 - - [30/Apr/2017:06:51:50 +0000] "HEAD / HTTP/1.1" 301 - "-" "SiteUptime.com"
23.23.222.65 - - [30/Apr/2017:06:51:51 +0000] "HEAD / HTTP/1.1" 200 - "-" "SiteUptime.com"
54.210.20.202 - - [30/Apr/2017:06:51:55 +0000] "POST /wp-cron.php?doing_wp_cron=1493535115.9694879055023193359375 HTTP/1.1" 200 - "http://sundog-soft.com/wp-cron.php?doing_wp_cron=1493535115.9694879055023193359375" "WordPress/4.7.4; http://sundog-soft.com"
185.26.92.74 - - [30/Apr/2017:06:51:55 +0000] "GET /2015/06/accelerating-tritons-cuda-performance/ HTTP/1.1" 200 14602 "-" "GarlikCrawler/1.2 (http://garlik.com/, crawler@garlik.com)"
54.210.20.202 - - [30/Apr/2017:06:52:01 +0000] "POST /wp-cron.php?doing_wp_cron=1493535121.8966679573059082031250 HTTP/1.1" 200 - "http://sundog-soft.com/wp-cron.php?doing_wp_cron=1493535121.8966679573059082031250" "WordPress/4.7.4; http://sundog-soft.com"
185.26.92.74 - - [30/Apr/2017:06:52:01 +0000] "GET /2015/03/blueskies-pro-level-skies-and-clouds-for-unity/ HTTP/1.1" 200 14538 "-" "GarlikCrawler/1.2 (http://garlik.com/, crawler@garlik.com)"
54.210.20.202 - - [30/Apr/2017:06:52:10 +0000] "POST /wp-cron.php?doing_wp_cron=1493535130.3508970737457275390625 HTTP/1.1" 200 - "http://sundog-soft.com/wp-cron.php?doing_wp_cron=1493535130.3508970737457275390625" "WordPress/4.7.4; http://sundog-soft.com"
94.243.238.111 - - [30/Apr/2017:06:52:09 +0000] "GET /wp-login.php HTTP/1.1" 200 5226 "-" "Mozilla/5.0 (Windows NT 6.0; rv:34.0) Gecko/20100101 Firefox/34.0"
54.210.20.202 - - [30/Apr/2017:06:52:11 +0000] "POST /wp-cron.php?doing_wp_cron=1493535131.9119429588317871093750 HTTP/1.1" 200 - "http://sundog-soft.com/wp-cron.php?doing_wp_cron=1493535131.9119429588317871093750" "WordPress/4.7.4; http://sundog-soft.com"
94.243.238.111 - - [30/Apr/2017:06:52:11 +0000] "POST /wp-login.php HTTP/1.1" 200 6182 "http://sundog-soft.com/wp-login.php" "Mozilla/5.0 (Windows NT 6.0; rv:34.0) Gecko/20100101 Firefox/34.0"
54.210.20.202 - - [30/Apr/2017:06:52:18 +0000] "POST /wp-cron.php?doing_wp_cron=1493535138.8889539241790771484375 HTTP/1.1" 200 - "http://sundog-soft.com/wp-cron.php?doing_wp_cron=1493535138.8889539241790771484375" "WordPress/4.7.4; http://sundog-soft.com"
185.26.92.74 - - [30/Apr/2017:06:52:18 +0000] "GET /2014/12/sundog-software-becoming-s-corp/ HTTP/1.1" 200 14396 "-" "GarlikCrawler/1.2 (http://garlik.com/, crawler@garlik.com)"
54.210.20.202 - - [30/Apr/2017:06:52:22 +0000] "POST /wp-cron.php?doing_wp_cron=1493535142.6612880229949951171875 HTTP/1.1" 200 - "http://sundog-soft.com/wp-cron.php?doing_wp_cron=1493535142.6612880229949951171875" "WordPress/4.7.4; http://sundog-soft.com"
8.29.198.26 - - [30/Apr/2017:06:52:22 +0000] "GET /feed/ HTTP/1.1" 304 - "-" "Feedly/1.0 (+http://www.feedly.com/fetcher.html; like FeedFetcher-Google)"
54.210.20.202 - - [30/Apr/2017:06:52:26 +0000] "POST /wp-cron.php?doing_wp_cron=1493535146.7595880031585693359375 HTTP/1.1" 200 - "http://sundog-soft.com/wp-cron.php?doing_wp_cron=1493535146.7595880031585693359375" "WordPress/4.7.4; http://sundog-soft.com"
185.26.92.74 - - [30/Apr/2017:06:52:26 +0000] "GET /2015/07/i-made-a-course-on-big-data-mapreduce-and-hadoop/ HTTP/1.1" 200 14750 "-" "GarlikCrawler/1.2 (http://garlik.com/, crawler@garlik.com)"
54.210.20.202 - - [30/Apr/2017:06:52:32 +0000] "POST /wp-cron.php?doing_wp_cron=1493535152.1931359767913818359375 HTTP/1.1" 200 - "http://sundog-soft.com/wp-cron.php?doing_wp_cron=1493535152.1931359767913818359375" "WordPress/4.7.4; http://sundog-soft.com"
185.26.92.74 - - [30/Apr/2017:06:52:31 +0000] "GET /2015/07/triton-3d-oceans-for-unity-updated/ HTTP/1.1" 200 14475 "-" "GarlikCrawler/1.2 (http://garlik.com/, crawler@garlik.com)"
54.210.20.202 - - [30/Apr/2017:06:52:38 +0000] "POST /wp-cron.php?doing_wp_cron=1493535158.3978960514068603515625 HTTP/1.1" 200 - "http://sundog-soft.com/wp-cron.php?doing_wp_cron=1493535158.3978960514068603515625" "WordPress/4.7.4; http://sundog-soft.com"
185.26.92.74 - - [30/Apr/2017:06:52:37 +0000] "GET /2015/07/i-wrote-a-book-on-self-employment/ HTTP/1.1" 200 14827 "-" "GarlikCrawler/1.2 (http://garlik.com/, crawler@garlik.com)"
54.210.20.202 - - [30/Apr/2017:06:52:46 +0000] "POST /wp-cron.php?doing_wp_cron=1493535166.2019209861755371093750 HTTP/1.1" 200 - "http://sundog-soft.com/wp-cron.php?doing_wp_cron=1493535166.2019209861755371093750" "WordPress/4.7.4; http://sundog-soft.com"
185.26.92.74 - - [30/Apr/2017:06:52:45 +0000] "GET /2015/06/project-spotlight-the-golden-age-vr/ HTTP/1.1" 200 15020 "-" "GarlikCrawler/1.2 (http://garlik.com/, crawler@garlik.com)"
54.210.20.202 - - [30/Apr/2017:06:52:53 +0000] "POST /wp-cron.php?doing_wp_cron=1493535173.0078430175781250000000 HTTP/1.1" 200 - "http://sundog-soft.com/wp-cron.php?doing_wp_cron=1493535173.0078430175781250000000" "WordPress/4.7.4; http://sundog-soft.com"
185.26.92.74 - - [30/Apr/2017:06:52:52 +0000] "GET /2015/06/using-an-opengl-logarithmic-depth-buffer-in-silverlining-and-triton/ HTTP/1.1" 200 15902 "-" "GarlikCrawler/1.2 (http://garlik.com/, crawler@garlik.com)"
54.210.20.202 - - [30/Apr/2017:06:53:04 +0000] "POST /wp-cron.php?doing_wp_cron=1493535184.6482710838317871093750 HTTP/1.1" 200 - "http://sundog-soft.com/wp-cron.php?doing_wp_cron=1493535184.6482710838317871093750" "WordPress/4.7.4; http://sundog-soft.com"
185.26.92.74 - - [30/Apr/2017:06:53:04 +0000] "GET /2015/06/torque-3d-triton-ocean-integration-updated/ HTTP/1.1" 200 14973 "-" "GarlikCrawler/1.2 (http://garlik.com/, crawler@garlik.com)"
54.210.20.202 - - [30/Apr/2017:06:53:13 +0000] "POST /wp-cron.php?doing_wp_cron=1493535193.5939190387725830078125 HTTP/1.1" 200 - "http://sundog-soft.com/wp-cron.php?doing_wp_cron=1493535193.5939190387725830078125" "WordPress/4.7.4; http://sundog-soft.com"
185.26.92.74 - - [30/Apr/2017:06:53:12 +0000] "GET /2016/04/game-engine-gems-3/ HTTP/1.1" 200 14722 "-" "GarlikCrawler/1.2 (http://garlik.com/, crawler@garlik.com)"
54.210.20.202 - - [30/Apr/2017:06:53:21 +0000] "POST /wp-cron.php?doing_wp_cron=1493535201.4916260242462158203125 HTTP/1.1" 200 - "http://sundog-soft.com/wp-cron.php?doing_wp_cron=1493535201.4916260242462158203125" "WordPress/4.7.4; http://sundog-soft.com"
185.26.92.74 - - [30/Apr/2017:06:53:20 +0000] "GET /2015/11/were-pulling-our-packages-from-the-unity-asset-store/ HTTP/1.1" 200 15232 "-" "GarlikCrawler/1.2 (http://garlik.com/, crawler@garlik.com)"
185.26.92.74 - - [30/Apr/2017:06:53:32 +0000] "GET /sds/2014/07/triton-makes-develops-top-100-tech-games/ HTTP/1.1" 301 280 "-" "GarlikCrawler/1.2 (http://garlik.com/, crawler@garlik.com)"
185.26.92.74 - - [30/Apr/2017:06:53:32 +0000] "GET /2014/07/triton-makes-develops-top-100-tech-games/ HTTP/1.1" 200 14488 "-" "GarlikCrawler/1.2 (http://garlik.com/, crawler@garlik.com)"
54.210.20.202 - - [30/Apr/2017:06:53:40 +0000] "POST /wp-cron.php?doing_wp_cron=1493535220.0888218879699707031250 HTTP/1.1" 200 - "http://sundog-soft.com/wp-cron.php?doing_wp_cron=1493535220.0888218879699707031250" "WordPress/4.7.4; http://sundog-soft.com"
185.26.92.74 - - [30/Apr/2017:06:53:39 +0000] "GET /2015/06/3d-clouds-for-havok-vision-engine-2014-2/ HTTP/1.1" 200 14509 "-" "GarlikCrawler/1.2 (http://garlik.com/, crawler@garlik.com)"
54.210.20.202 - - [30/Apr/2017:06:53:46 +0000] "POST /wp-cron.php?doing_wp_cron=1493535226.1632750034332275390625 HTTP/1.1" 200 - "http://sundog-soft.com/wp-cron.php?doing_wp_cron=1493535226.1632750034332275390625" "WordPress/4.7.4; http://sundog-soft.com"
185.26.92.74 - - [30/Apr/2017:06:53:45 +0000] "GET /2015/06/triton-now-uses-cuda-6-5/ HTTP/1.1" 200 14590 "-" "GarlikCrawler/1.2 (http://garlik.com/, crawler@garlik.com)"
54.210.20.202 - - [30/Apr/2017:06:53:51 +0000] "POST /wp-cron.php?doing_wp_cron=1493535231.6906449794769287109375 HTTP/1.1" 200 - "http://sundog-soft.com/wp-cron.php?doing_wp_cron=1493535231.6906449794769287109375" "WordPress/4.7.4; http://sundog-soft.com"
8.29.198.25 - - [30/Apr/2017:06:53:51 +0000] "GET /feed/ HTTP/1.1" 304 - "-" "Feedly/1.0 (+http://www.feedly.com/fetcher.html; like FeedFetcher-Google)"
54.210.20.202 - - [30/Apr/2017:06:53:54 +0000] "POST /wp-cron.php?doing_wp_cron=1493535234.3820359706878662109375 HTTP/1.1" 200 - "http://sundog-soft.com/wp-cron.php?doing_wp_cron=1493535234.3820359706878662109375" "WordPress/4.7.4; http://sundog-soft.com"
185.26.92.74 - - [30/Apr/2017:06:53:53 +0000] "GET /2015/06/soft-clouds-with-silverlining/ HTTP/1.1" 200 17803 "-" "GarlikCrawler/1.2 (http://garlik.com/, crawler@garlik.com)"
221.141.228.57 - - [30/Apr/2017:06:53:55 +0000] "GET /sds/features/real-time-3d-clouds/?gclid=CICCqqnMy9MCFZcRvQodX4cEnQ HTTP/1.1" 301 293 "-" "Mozilla/5.0 (Windows NT 6.3; WOW64) AppleWebKit/537.36 (KHTML, like Gecko) Chrome/46.0.2490.86 Safari/537.36 Swing/3.4.3.0"
54.210.20.202 - - [30/Apr/2017:06:53:56 +0000] "POST /wp-cron.php?doing_wp_cron=1493535236.7479710578918457031250 HTTP/1.1" 200 - "http://sundog-soft.com/wp-cron.php?doing_wp_cron=1493535236.7479710578918457031250" "WordPress/4.7.4; http://sundog-soft.com"
221.141.228.57 - - [30/Apr/2017:06:53:56 +0000] "GET /features/real-time-3d-clouds/?gclid=CICCqqnMy9MCFZcRvQodX4cEnQ HTTP/1.1" 200 16538 "-" "Mozilla/5.0 (Windows NT 6.3; WOW64) AppleWebKit/537.36 (KHTML, like Gecko) Chrome/46.0.2490.86 Safari/537.36 Swing/3.4.3.0"
