221.141.228.57 - - [30/Apr/2017:06:53:58 +0000] "GET /wp-content/plugins/LayerSlider/static/layerslider/css/layerslider.css?ver=6.3.0 HTTP/1.1" 200 3792 "http://sundog-soft.com/features/real-time-3d-clouds/?gclid=CICCqqnMy9MCFZcRvQodX4cEnQ" "Mozilla/5.0 (Windows NT 6.3; WOW64) AppleWebKit/537.36 (KHTML, like Gecko) Chrome/46.0.2490.86 Safari/537.36 Swing/3.4.3.0"
221.141.228.57 - - [30/Apr/2017:06:53:58 +0000] "GET /wp-content/plugins/contact-form-7/includes/css/styles.css?ver=4.7 HTTP/1.1" 200 634 "http://sundog-soft.com/features/real-time-3d-clouds/?gclid=CICCqqnMy9MCFZcRvQodX4cEnQ" "Mozilla/5.0 (Windows NT 6.3; WOW64) AppleWebKit/537.36 (KHTML, like Gecko) Chrome/46.0.2490.86 Safari/537.36 Swing/3.4.3.0"
221.141.228.57 - - [30/Apr/2017:06:53:58 +0000] "GET /wp-content/plugins/revslider/public/assets/css/settings.css?ver=5.4.1 HTTP/1.1" 200 7067 "http://sundog-soft.com/features/real-time-3d-clouds/?gclid=CICCqqnMy9MCFZcRvQodX4cEnQ" "Mozilla/5.0 (Windows NT 6.3; WOW64) AppleWebKit/537.36 (KHTML, like Gecko) Chrome/46.0.2490.86 Safari/537.36 Swing/3.4.3.0"
221.141.228.57 - - [30/Apr/2017:06:53:58 +0000] "GET /wp-content/plugins/tablepress/css/default.min.css?ver=1.8 HTTP/1.1" 200 2739 "http://sundog-soft.com/features/real-time-3d-clouds/?gclid=CICCqqnMy9MCFZcRvQodX4cEnQ" "Mozilla/5.0 (Windows NT 6.3; WOW64) AppleWebKit/537.36 (KHTML, like Gecko) Chrome/46.0.2490.86 Safari/537.36 Swing/3.4.3.0"
221.141.228.57 - - [30/Apr/2017:06:53:58 +0000] "GET /wp-content/plugins/mailchimp-for-wp/assets/css/form-basic.min.css?ver=4.1.1 HTTP/1.1" 200 697 "http://sundog-soft.com/features/real-time-3d-clouds/?gclid=CICCqqnMy9MCFZcRvQodX4cEnQ" "Mozilla/5.0 (Windows NT 6.3; WOW64) AppleWebKit/537.36 (KHTML, like Gecko) Chrome/46.0.2490.86 Safari/537.36 Swing/3.4.3.0"
221.141.228.57 - - [30/Apr/2017:06:53:58 +0000] "GET /wp-content/plugins/js_composer/assets/lib/bower/font-awesome/css/font-awesome.min.css?ver=5.1.2 HTTP/1.1" 200 6684 "http://sundog-soft.com/features/real-time-3d-clouds/?gclid=CICCqqnMy9MCFZcRvQodX4cEnQ" "Mozilla/5.0 (Windows NT 6.3; WOW64) AppleWebKit/537.36 (KHTML, like Gecko) Chrome/46.0.2490.86 Safari/537.36 Swing/3.4.3.0"
221.141.228.57 - - [30/Apr/2017:06:53:58 +0000] "GET /wp-content/plugins/mailchimp-widget/js/mailchimp-widget-min.js?ver=4.7.4 HTTP/1.1" 200 587 "http://sundog-soft.com/features/real-time-3d-clouds/?gclid=CICCqqnMy9MCFZcRvQodX4cEnQ" "Mozilla/5.0 (Windows NT 6.3; WOW64) AppleWebKit/537.36 (KHTML, like Gecko) Chrome/46.0.2490.86 Safari/537.36 Swing/3.4.3.0"
221.141.228.57 - - [30/Apr/2017:06:53:58 +0000] "GET /wp-content/plugins/js_composer/assets/css/js_composer.min.css?ver=5.1.2 HTTP/1.1" 200 44414 "http://sundog-soft.com/features/real-time-3d-clouds/?gclid=CICCqqnMy9MCFZcRvQodX4cEnQ" "Mozilla/5.0 (Windows NT 6.3; WOW64) AppleWebKit/537.36 (KHTML, like Gecko) Chrome/46.0.2490.86 Safari/537.36 Swing/3.4.3.0"
221.141.228.57 - - [30/Apr/2017:06:53:58 +0000] "GET /wp-content/plugins/LayerSlider/static/layerslider/js/layerslider.transitions.js?ver=6.3.0 HTTP/1.1" 200 3396 "http://sundog-soft.com/features/real-time-3d-clouds/?gclid=CICCqqnMy9MCFZcRvQodX4cEnQ" "Mozilla/5.0 (Windows NT 6.3; WOW64) AppleWebKit/537.36 (KHTML, like Gecko) Chrome/46.0.2490.86 Safari/537.36 Swing/3.4.3.0"
221.141.228.57 - - [30/Apr/2017:06:53:58 +0000] "GET /wp-content/plugins/LayerSlider/static/layerslider/js/greensock.js?ver=1.19.0 HTTP/1.1" 200 39570 "http://sundog-soft.com/features/real-time-3d-clouds/?gclid=CICCqqnMy9MCFZcRvQodX4cEnQ" "Mozilla/5.0 (Windows NT 6.3; WOW64) AppleWebKit/537.36 (KHTML, like Gecko) Chrome/46.0.2490.86 Safari/537.36 Swing/3.4.3.0"
221.141.228.57 - - [30/Apr/2017:06:53:58 +0000] "GET /wp-content/plugins/LayerSlider/static/layerslider/js/layerslider.kreaturamedia.jquery.js?ver=6.3.0 HTTP/1.1" 200 42430 "http://sundog-soft.com/features/real-time-3d-clouds/?gclid=CICCqqnMy9MCFZcRvQodX4cEnQ" "Mozilla/5.0 (Windows NT 6.3; WOW64) AppleWebKit/537.36 (KHTML, like Gecko) Chrome/46.0.2490.86 Safari/537.36 Swing/3.4.3.0"
167.114.23.80 - - [30/Apr/2017:06:53:58 +0000] "GET /sds/2015/09/a-logarithmic-depth-buffer-example/ HTTP/1.1" 301 274 "http://sundog-soft.com/" "Mozilla/5.0 (Windows NT 5.1) AppleWebKit/537.36 (KHTML, like Gecko) Chrome/39.0.2171.99 Safari/537.36"
221.141.228.57 - - [30/Apr/2017:06:53:58 +0000] "GET /wp-content/plugins/woocommerce/assets/js/frontend/add-to-cart.min.js?ver=3.0.4 HTTP/1.1" 200 803 "http://sundog-soft.com/features/real-time-3d-clouds/?gclid=CICCqqnMy9MCFZcRvQodX4cEnQ" "Mozilla/5.0 (Windows NT 6.3; WOW64) AppleWebKit/537.36 (KHTML, like Gecko) Chrome/46.0.2490.86 Safari/537.36 Swing/3.4.3.0"
221.141.228.57 - - [30/Apr/2017:06:53:58 +0000] "GET /wp-content/plugins/js_composer/assets/js/vendors/woocommerce-add-to-cart.js?ver=5.1.2 HTTP/1.1" 200 351 "http://sundog-soft.com/features/real-time-3d-clouds/?gclid=CICCqqnMy9MCFZcRvQodX4cEnQ" "Mozilla/5.0 (Windows NT 6.3; WOW64) AppleWebKit/537.36 (KHTML, like Gecko) Chrome/46.0.2490.86 Safari/537.36 Swing/3.4.3.0"
221.141.228.57 - - [30/Apr/2017:06:53:58 +0000] "GET /wp-content/plugins/contact-form-7/includes/js/jquery.form.min.js?ver=3.51.0-2014.06.20 HTTP/1.1" 200 5860 "http://sundog-soft.com/features/real-time-3d-clouds/?gclid=CICCqqnMy9MCFZcRvQodX4cEnQ" "Mozilla/5.0 (Windows NT 6.3; WOW64) AppleWebKit/537.36 (KHTML, like Gecko) Chrome/46.0.2490.86 Safari/537.36 Swing/3.4.3.0"
221.141.228.57 - - [30/Apr/2017:06:53:58 +0000] "GET /wp-content/plugins/contact-form-7/includes/js/scripts.js?ver=4.7 HTTP/1.1" 200 3667 "http://sundog-soft.com/features/real-time-3d-clouds/?gclid=CICCqqnMy9MCFZcRvQodX4cEnQ" "Mozilla/5.0 (Windows NT 6.3; WOW64) AppleWebKit/537.36 (KHTML, like Gecko) Chrome/46.0.2490.86 Safari/537.36 Swing/3.4.3.0"
221.141.228.57 - - [30/Apr/2017:06:53:58 +0000] "GET /wp-content/plugins/woocommerce/assets/js/jquery-blockui/jquery.blockUI.min.js?ver=2.70 HTTP/1.1" 200 3547 "http://sundog-soft.com/features/real-time-3d-clouds/?gclid=CICCqqnMy9MCFZcRvQodX4cEnQ" "Mozilla/5.0 (Windows NT 6.3; WOW64) AppleWebKit/537.36 (KHTML, like Gecko) Chrome/46.0.2490.86 Safari/537.36 Swing/3.4.3.0"
221.141.228.57 - - [30/Apr/2017:06:53:58 +0000] "GET /wp-content/plugins/woocommerce/assets/js/js-cookie/js.cookie.min.js?ver=2.1.4 HTTP/1.1" 200 987 "http://sundog-soft.com/features/real-time-3d-clouds/?gclid=CICCqqnMy9MCFZcRvQodX4cEnQ" "Mozilla/5.0 (Windows NT 6.3; WOW64) AppleWebKit/537.36 (KHTML, like Gecko) Chrome/46.0.2490.86 Safari/537.36 Swing/3.4.3.0"
221.141.228.57 - - [30/Apr/2017:06:53:59 +0000] "GET /wp-content/plugins/woocommerce/assets/js/frontend/woocommerce.min.js?ver=3.0.4 HTTP/1.1" 200 291 "http://sundog-soft.com/features/real-time-3d-clouds/?gclid=CICCqqnMy9MCFZcRvQodX4cEnQ" "Mozilla/5.0 (Windows NT 6.3; WOW64) AppleWebKit/537.36 (KHTML, like Gecko) Chrome/46.0.2490.86 Safari/537.36 Swing/3.4.3.0"
221.141.228.57 - - [30/Apr/2017:06:53:59 +0000] "GET /wp-content/plugins/woocommerce/assets/js/frontend/cart-fragments.min.js?ver=3.0.4 HTTP/1.1" 200 925 "http://sundog-soft.com/features/real-time-3d-clouds/?gclid=CICCqqnMy9MCFZcRvQodX4cEnQ" "Mozilla/5.0 (Windows NT 6.3; WOW64) AppleWebKit/537.36 (KHTML, like Gecko) Chrome/46.0.2490.86 Safari/537.36 Swing/3.4.3.0"
221.141.228.57 - - [30/Apr/2017:06:53:59 +0000] "GET /wp-content/plugins/js_composer/assets/js/dist/js_composer_front.min.js?ver=5.1.2 HTTP/1.1" 200 6450 "http://sundog-soft.com/features/real-time-3d-clouds/?gclid=CICCqqnMy9MCFZcRvQodX4cEnQ" "Mozilla/5.0 (Windows NT 6.3; WOW64) AppleWebKit/537.36 (KHTML, like Gecko) Chrome/46.0.2490.86 Safari/537.36 Swing/3.4.3.0"
221.141.228.57 - - [30/Apr/2017:06:53:59 +0000] "GET /wp-content/plugins/revslider/public/assets/js/jquery.themepunch.tools.min.js?ver=5.4.1 HTTP/1.1" 200 37359 "http://sundog-soft.com/features/real-time-3d-clouds/?gclid=CICCqqnMy9MCFZcRvQodX4cEnQ" "Mozilla/5.0 (Windows NT 6.3; WOW64) AppleWebKit/537.36 (KHTML, like Gecko) Chrome/46.0.2490.86 Safari/537.36 Swing/3.4.3.0"
221.141.228.57 - - [30/Apr/2017:06:53:59 +0000] "GET /wp-content/plugins/revslider/public/assets/js/jquery.themepunch.revolution.min.js?ver=5.4.1 HTTP/1.1" 200 17555 "http://sundog-soft.com/features/real-time-3d-clouds/?gclid=CICCqqnMy9MCFZcRvQodX4cEnQ" "Mozilla/5.0 (Windows NT 6.3; WOW64) AppleWebKit/537.36 (KHTML, like Gecko) Chrome/46.0.2490.86 Safari/537.36 Swing/3.4.3.0"
221.141.228.57 - - [30/Apr/2017:06:53:59 +0000] "GET /wp-includes/js/wp-emoji-release.min.js?ver=4.7.4 HTTP/1.1" 200 4230 "http://sundog-soft.com/features/real-time-3d-clouds/?gclid=CICCqqnMy9MCFZcRvQodX4cEnQ" "Mozilla/5.0 (Windows NT 6.3; WOW64) AppleWebKit/537.36 (KHTML, like Gecko) Chrome/46.0.2490.86 Safari/537.36 Swing/3.4.3.0"
221.141.228.57 - - [30/Apr/2017:06:53:59 +0000] "GET /wp-content/plugins/js_composer/assets/lib/bower/font-awesome/fonts/fontawesome-webfont.woff2?v=4.6.3 HTTP/1.1" 200 71893 "http://sundog-soft.com/wp-content/plugins/js_composer/assets/lib/bower/font-awesome/css/font-awesome.min.css?ver=5.1.2" "Mozilla/5.0 (Windows NT 6.3; WOW64) AppleWebKit/537.36 (KHTML, like Gecko) Chrome/46.0.2490.86 Safari/537.36 Swing/3.4.3.0"
221.141.228.57 - - [30/Apr/2017:06:53:59 +0000] "POST /features/real-time-3d-clouds/?gclid=CICCqqnMy9MCFZcRvQodX4cEnQ&wc-ajax=get_refreshed_fragments HTTP/1.1" 200 255 "http://sundog-soft.com/features/real-time-3d-clouds/?gclid=CICCqqnMy9MCFZcRvQodX4cEnQ" "Mozilla/5.0 (Windows NT 6.3; WOW64) AppleWebKit/537.36 (KHTML, like Gecko) Chrome/46.0.2490.86 Safari/537.36 Swing/3.4.3.0"
221.141.228.57 - - [30/Apr/2017:06:54:00 +0000] "GET /favicon.ico HTTP/1.1" 200 - "http://sundog-soft.com/features/real-time-3d-clouds/?gclid=CICCqqnMy9MCFZcRvQodX4cEnQ" "Mozilla/5.0 (Windows NT 6.3; WOW64) AppleWebKit/537.36 (KHTML, like Gecko) Chrome/46.0.2490.86 Safari/537.36 Swing/3.4.3.0"
54.210.20.202 - - [30/Apr/2017:06:54:00 +0000] "POST /wp-cron.php?doing_wp_cron=1493535240.3934879302978515625000 HTTP/1.1" 200 - "http://sundog-soft.com/wp-cron.php?doing_wp_cron=1493535240.3934879302978515625000" "WordPress/4.7.4; http://sundog-soft.com"
167.114.23.80 - - [30/Apr/2017:06:53:59 +0000] "GET /2015/09/a-logarithmic-depth-buffer-example/ HTTP/1.1" 200 15095 "http://sundog-soft.com/sds/2015/09/a-logarithmic-depth-buffer-example/" "Mozilla/5.0 (Windows NT 5.1) AppleWebKit/537.36 (KHTML, like Gecko) Chrome/39.0.2171.99 Safari/537.36"
::1 - - [30/Apr/2017:06:54:06 +0000] "OPTIONS * HTTP/1.0" 200 - "-" "Apache/2.4.25 (Amazon) OpenSSL/1.0.1k-fips PHP/5.6.30 (internal dummy connection)"
::1 - - [30/Apr/2017:06:54:07 +0000] "OPTIONS * HTTP/1.0" 200 - "-" "Apache/2.4.25 (Amazon) OpenSSL/1.0.1k-fips PHP/5.6.30 (internal dummy connection)"
::1 - - [30/Apr/2017:06:54:08 +0000] "OPTIONS * HTTP/1.0" 200 - "-" "Apache/2.4.25 (Amazon) OpenSSL/1.0.1k-fips PHP/5.6.30 (internal dummy connection)"
54.210.20.202 - - [30/Apr/2017:06:54:08 +0000] "POST /wp-cron.php?doing_wp_cron=1493535248.3523209095001220703125 HTTP/1.1" 200 - "http://sundog-soft.com/wp-cron.php?doing_wp_cron=1493535248.3523209095001220703125" "WordPress/4.7.4; http://sundog-soft.com"
185.26.92.74 - - [30/Apr/2017:06:54:07 +0000] "GET /2015/05/propeller-backwash-turbulent-wake-enhancements/ HTTP/1.1" 200 15505 "-" "GarlikCrawler/1.2 (http://garlik.com/, crawler@garlik.com)"
::1 - - [30/Apr/2017:06:54:09 +0000] "OPTIONS * HTTP/1.0" 200 - "-" "Apache/2.4.25 (Amazon) OpenSSL/1.0.1k-fips PHP/5.6.30 (internal dummy connection)"
::1 - - [30/Apr/2017:06:54:10 +0000] "OPTIONS * HTTP/1.0" 200 - "-" "Apache/2.4.25 (Amazon) OpenSSL/1.0.1k-fips PHP/5.6.30 (internal dummy connection)"
::1 - - [30/Apr/2017:06:54:11 +0000] "OPTIONS * HTTP/1.0" 200 - "-" "Apache/2.4.25 (Amazon) OpenSSL/1.0.1k-fips PHP/5.6.30 (internal dummy connection)"
54.210.20.202 - - [30/Apr/2017:06:54:16 +0000] "POST /wp-cron.php?doing_wp_cron=1493535256.9291050434112548828125 HTTP/1.1" 200 - "http://sundog-soft.com/wp-cron.php?doing_wp_cron=1493535256.9291050434112548828125" "WordPress/4.7.4; http://sundog-soft.com"
185.26.92.74 - - [30/Apr/2017:06:54:16 +0000] "GET /2015/05/fog-and-haze-with-silverlining/ HTTP/1.1" 200 15732 "-" "GarlikCrawler/1.2 (http://garlik.com/, crawler@garlik.com)"
116.226.178.128 - - [30/Apr/2017:06:54:19 +0000] "GET /sds/?gclid=CJn7jZLNtLICFfFV4godLyoA2g HTTP/1.1" 301 264 "-" "Mozilla/5.0 (Macintosh; Intel Mac OS X 10_12_4) AppleWebKit/603.1.30 (KHTML, like Gecko)"
54.210.20.202 - - [30/Apr/2017:06:54:21 +0000] "POST /wp-cron.php?doing_wp_cron=1493535261.1945509910583496093750 HTTP/1.1" 200 - "http://sundog-soft.com/wp-cron.php?doing_wp_cron=1493535261.1945509910583496093750" "WordPress/4.7.4; http://sundog-soft.com"
116.226.178.128 - - [30/Apr/2017:06:54:20 +0000] "GET /?gclid=CJn7jZLNtLICFfFV4godLyoA2g HTTP/1.1" 200 20582 "-" "Mozilla/5.0 (Macintosh; Intel Mac OS X 10_12_4) AppleWebKit/603.1.30 (KHTML, like Gecko)"
54.210.20.202 - - [30/Apr/2017:06:54:24 +0000] "POST /wp-cron.php?doing_wp_cron=1493535264.2920958995819091796875 HTTP/1.1" 200 - "http://sundog-soft.com/wp-cron.php?doing_wp_cron=1493535264.2920958995819091796875" "WordPress/4.7.4; http://sundog-soft.com"
116.226.178.128 - - [30/Apr/2017:06:54:23 +0000] "GET /apple-touch-icon-precomposed.png HTTP/1.1" 404 48308 "-" "Safari/12603.1.30.0.34 CFNetwork/811.4.18 Darwin/16.5.0 (x86_64)"
116.226.178.128 - - [30/Apr/2017:06:54:26 +0000] "GET /apple-touch-icon.png HTTP/1.1" 404 48272 "-" "Safari/12603.1.30.0.34 CFNetwork/811.4.18 Darwin/16.5.0 (x86_64)"
54.210.20.202 - - [30/Apr/2017:06:54:26 +0000] "POST /wp-cron.php?doing_wp_cron=1493535266.7935988903045654296875 HTTP/1.1" 200 - "http://sundog-soft.com/wp-cron.php?doing_wp_cron=1493535266.7935988903045654296875" "WordPress/4.7.4; http://sundog-soft.com"
185.26.92.74 - - [30/Apr/2017:06:54:25 +0000] "GET /2015/05/simulated-water-refraction-using-transparency/ HTTP/1.1" 200 15687 "-" "GarlikCrawler/1.2 (http://garlik.com/, crawler@garlik.com)"
116.226.178.128 - - [30/Apr/2017:06:54:29 +0000] "GET /favicon.ico HTTP/1.1" 200 - "-" "Safari/12603.1.30.0.34 CFNetwork/811.4.18 Darwin/16.5.0 (x86_64)"
54.210.20.202 - - [30/Apr/2017:06:54:30 +0000] "POST /wp-cron.php?doing_wp_cron=1493535270.6162040233612060546875 HTTP/1.1" 200 - "http://sundog-soft.com/wp-cron.php?doing_wp_cron=1493535270.6162040233612060546875" "WordPress/4.7.4; http://sundog-soft.com"
116.226.178.128 - - [30/Apr/2017:06:54:30 +0000] "GET /apple-touch-icon-precomposed.png HTTP/1.1" 404 48308 "-" "Safari/12603.1.30.0.34 CFNetwork/811.4.18 Darwin/16.5.0 (x86_64)"
116.226.178.128 - - [30/Apr/2017:06:54:33 +0000] "GET /apple-touch-icon.png HTTP/1.1" 404 48272 "-" "Safari/12603.1.30.0.34 CFNetwork/811.4.18 Darwin/16.5.0 (x86_64)"
54.210.20.202 - - [30/Apr/2017:06:54:34 +0000] "POST /wp-cron.php?doing_wp_cron=1493535274.2176270484924316406250 HTTP/1.1" 200 - "http://sundog-soft.com/wp-cron.php?doing_wp_cron=1493535274.2176270484924316406250" "WordPress/4.7.4; http://sundog-soft.com"
185.26.92.74 - - [30/Apr/2017:06:54:33 +0000] "GET /2015/03/tuning-precipitation-effects-in-silverlining/ HTTP/1.1" 200 15603 "-" "GarlikCrawler/1.2 (http://garlik.com/, crawler@garlik.com)"
116.226.178.128 - - [30/Apr/2017:06:54:37 +0000] "GET /favicon.ico HTTP/1.1" 200 - "-" "Safari/12603.1.30.0.34 CFNetwork/811.4.18 Darwin/16.5.0 (x86_64)"
116.226.178.128 - - [30/Apr/2017:06:54:39 +0000] "GET /sds/?gclid=CJn7jZLNtLICFfFV4godLyoA2g HTTP/1.1" 301 264 "-" "Mozilla/5.0 (iPhone; CPU iPhone OS 10_0 like Mac OS X) AppleWebKit/602.1.38 (KHTML, like Gecko) Version/10.0 Mobile/14A300 Safari/602.1"
54.210.20.202 - - [30/Apr/2017:06:54:40 +0000] "POST /wp-cron.php?doing_wp_cron=1493535280.7981920242309570312500 HTTP/1.1" 200 - "http://sundog-soft.com/wp-cron.php?doing_wp_cron=1493535280.7981920242309570312500" "WordPress/4.7.4; http://sundog-soft.com"
185.26.92.74 - - [30/Apr/2017:06:54:41 +0000] "GET /2015/04/announcing-silverlining-4/ HTTP/1.1" 200 15633 "-" "GarlikCrawler/1.2 (http://garlik.com/, crawler@garlik.com)"
116.226.178.128 - - [30/Apr/2017:06:54:40 +0000] "GET /?gclid=CJn7jZLNtLICFfFV4godLyoA2g HTTP/1.1" 200 20582 "-" "Mozilla/5.0 (iPhone; CPU iPhone OS 10_0 like Mac OS X) AppleWebKit/602.1.38 (KHTML, like Gecko) Version/10.0 Mobile/14A300 Safari/602.1"
54.210.20.202 - - [30/Apr/2017:06:54:43 +0000] "POST /wp-cron.php?doing_wp_cron=1493535283.9251101016998291015625 HTTP/1.1" 200 - "http://sundog-soft.com/wp-cron.php?doing_wp_cron=1493535283.9251101016998291015625" "WordPress/4.7.4; http://sundog-soft.com"
116.226.178.128 - - [30/Apr/2017:06:54:43 +0000] "GET /apple-touch-icon-precomposed.png HTTP/1.1" 404 48308 "-" "Safari/12603.1.30.0.34 CFNetwork/811.4.18 Darwin/16.5.0 (x86_64)"
54.210.20.202 - - [30/Apr/2017:06:54:47 +0000] "POST /wp-cron.php?doing_wp_cron=1493535287.0590479373931884765625 HTTP/1.1" 200 - "http://sundog-soft.com/wp-cron.php?doing_wp_cron=1493535287.0590479373931884765625" "WordPress/4.7.4; http://sundog-soft.com"
116.226.178.128 - - [30/Apr/2017:06:54:46 +0000] "GET /apple-touch-icon.png HTTP/1.1" 404 48272 "-" "Safari/12603.1.30.0.34 CFNetwork/811.4.18 Darwin/16.5.0 (x86_64)"
116.226.178.128 - - [30/Apr/2017:06:54:49 +0000] "GET /favicon.ico HTTP/1.1" 200 - "-" "Safari/12603.1.30.0.34 CFNetwork/811.4.18 Darwin/16.5.0 (x86_64)"
185.26.92.74 - - [30/Apr/2017:06:54:49 +0000] "GET /2015/03/triton-3d-water-updated-for-unity-5/ HTTP/1.1" 200 14523 "-" "GarlikCrawler/1.2 (http://garlik.com/, crawler@garlik.com)"
54.210.20.202 - - [30/Apr/2017:06:54:50 +0000] "POST /wp-cron.php?doing_wp_cron=1493535290.4287650585174560546875 HTTP/1.1" 200 - "http://sundog-soft.com/wp-cron.php?doing_wp_cron=1493535290.4287650585174560546875" "WordPress/4.7.4; http://sundog-soft.com"
116.226.178.128 - - [30/Apr/2017:06:54:49 +0000] "GET /apple-touch-icon-precomposed.png HTTP/1.1" 404 48308 "-" "Safari/12603.1.30.0.34 CFNetwork/811.4.18 Darwin/16.5.0 (x86_64)"
54.210.20.202 - - [30/Apr/2017:06:54:53 +0000] "POST /wp-cron.php?doing_wp_cron=1493535293.2161459922790527343750 HTTP/1.1" 200 - "http://sundog-soft.com/wp-cron.php?doing_wp_cron=1493535293.2161459922790527343750" "WordPress/4.7.4; http://sundog-soft.com"
116.226.178.128 - - [30/Apr/2017:06:54:52 +0000] "GET /apple-touch-icon.png HTTP/1.1" 404 48272 "-" "Safari/12603.1.30.0.34 CFNetwork/811.4.18 Darwin/16.5.0 (x86_64)"
116.226.178.128 - - [30/Apr/2017:06:54:56 +0000] "GET /favicon.ico HTTP/1.1" 200 - "-" "Safari/12603.1.30.0.34 CFNetwork/811.4.18 Darwin/16.5.0 (x86_64)"
54.210.20.202 - - [30/Apr/2017:06:54:57 +0000] "POST /wp-cron.php?doing_wp_cron=1493535297.8537330627441406250000 HTTP/1.1" 200 - "http://sundog-soft.com/wp-cron.php?doing_wp_cron=1493535297.8537330627441406250000" "WordPress/4.7.4; http://sundog-soft.com"
51.255.65.68 - - [30/Apr/2017:06:54:57 +0000] "GET /2012/09/hitting-300-fps-with-triton-1-51/ HTTP/1.1" 200 15215 "-" "Mozilla/5.0 (compatible; AhrefsBot/5.2; +http://ahrefs.com/robot/)"
54.210.20.202 - - [30/Apr/2017:06:55:02 +0000] "POST /wp-cron.php?doing_wp_cron=1493535302.4275789260864257812500 HTTP/1.1" 200 - "http://sundog-soft.com/wp-cron.php?doing_wp_cron=1493535302.4275789260864257812500" "WordPress/4.7.4; http://sundog-soft.com"
185.26.92.74 - - [30/Apr/2017:06:55:01 +0000] "GET /2016/04/check-new-silverlining-skymaxx-pro-fan-video/ HTTP/1.1" 200 14264 "-" "GarlikCrawler/1.2 (http://garlik.com/, crawler@garlik.com)"
185.26.92.74 - - [30/Apr/2017:06:55:09 +0000] "GET /2016/04/real-weather-connector-x-plane-launched/ HTTP/1.1" 200 15253 "-" "GarlikCrawler/1.2 (http://garlik.com/, crawler@garlik.com)"
::1 - - [30/Apr/2017:06:55:16 +0000] "OPTIONS * HTTP/1.0" 200 - "-" "Apache/2.4.25 (Amazon) OpenSSL/1.0.1k-fips PHP/5.6.30 (internal dummy connection)"
54.210.20.202 - - [30/Apr/2017:06:55:17 +0000] "POST /wp-cron.php?doing_wp_cron=1493535317.7758510112762451171875 HTTP/1.1" 200 - "http://sundog-soft.com/wp-cron.php?doing_wp_cron=1493535317.7758510112762451171875" "WordPress/4.7.4; http://sundog-soft.com"
185.26.92.74 - - [30/Apr/2017:06:55:17 +0000] "GET /2016/04/skymaxx-pro-3-1-x-plane-released/ HTTP/1.1" 200 14597 "-" "GarlikCrawler/1.2 (http://garlik.com/, crawler@garlik.com)"
185.26.92.74 - - [30/Apr/2017:06:55:24 +0000] "GET /2016/03/celebrating-10-years-silverlining/ HTTP/1.1" 200 15114 "-" "GarlikCrawler/1.2 (http://garlik.com/, crawler@garlik.com)"
54.210.20.202 - - [30/Apr/2017:06:55:31 +0000] "POST /wp-cron.php?doing_wp_cron=1493535331.6078960895538330078125 HTTP/1.1" 200 - "http://sundog-soft.com/wp-cron.php?doing_wp_cron=1493535331.6078960895538330078125" "WordPress/4.7.4; http://sundog-soft.com"
185.26.92.74 - - [30/Apr/2017:06:55:31 +0000] "GET /2016/03/avoiding-pipeline-stalls-silverlining-triton/ HTTP/1.1" 200 15058 "-" "GarlikCrawler/1.2 (http://garlik.com/, crawler@garlik.com)"
54.210.20.202 - - [30/Apr/2017:06:55:37 +0000] "POST /wp-cron.php?doing_wp_cron=1493535337.4284269809722900390625 HTTP/1.1" 200 - "http://sundog-soft.com/wp-cron.php?doing_wp_cron=1493535337.4284269809722900390625" "WordPress/4.7.4; http://sundog-soft.com"
185.26.92.74 - - [30/Apr/2017:06:55:36 +0000] "GET /2015/10/quirky-cloud-layers/ HTTP/1.1" 200 15815 "-" "GarlikCrawler/1.2 (http://garlik.com/, crawler@garlik.com)"
185.26.92.74 - - [30/Apr/2017:06:55:42 +0000] "GET /2016/02/openig-2-0-0-features-silverlining-and-triton/ HTTP/1.1" 200 14893 "-" "GarlikCrawler/1.2 (http://garlik.com/, crawler@garlik.com)"
54.210.20.202 - - [30/Apr/2017:06:55:49 +0000] "POST /wp-cron.php?doing_wp_cron=1493535349.4153718948364257812500 HTTP/1.1" 200 - "http://sundog-soft.com/wp-cron.php?doing_wp_cron=1493535349.4153718948364257812500" "WordPress/4.7.4; http://sundog-soft.com"
185.26.92.74 - - [30/Apr/2017:06:55:48 +0000] "GET /2016/02/volumetric-decals-on-3d-water/ HTTP/1.1" 200 15325 "-" "GarlikCrawler/1.2 (http://garlik.com/, crawler@garlik.com)"
54.210.20.202 - - [30/Apr/2017:06:55:58 +0000] "POST /wp-cron.php?doing_wp_cron=1493535358.7288250923156738281250 HTTP/1.1" 200 - "http://sundog-soft.com/wp-cron.php?doing_wp_cron=1493535358.7288250923156738281250" "WordPress/4.7.4; http://sundog-soft.com"
185.26.92.74 - - [30/Apr/2017:06:55:58 +0000] "GET /2016/02/integrating-reflections-with-tritons-ocean/ HTTP/1.1" 200 15592 "-" "GarlikCrawler/1.2 (http://garlik.com/, crawler@garlik.com)"
54.210.20.202 - - [30/Apr/2017:06:56:06 +0000] "POST /wp-cron.php?doing_wp_cron=1493535366.6098489761352539062500 HTTP/1.1" 200 - "http://sundog-soft.com/wp-cron.php?doing_wp_cron=1493535366.6098489761352539062500" "WordPress/4.7.4; http://sundog-soft.com"
185.26.92.74 - - [30/Apr/2017:06:56:06 +0000] "GET /2016/02/handling-multiple-viewports-with-silverlining-and-triton/ HTTP/1.1" 200 15499 "-" "GarlikCrawler/1.2 (http://garlik.com/, crawler@garlik.com)"
54.210.20.202 - - [30/Apr/2017:06:56:13 +0000] "POST /wp-cron.php?doing_wp_cron=1493535373.8044440746307373046875 HTTP/1.1" 200 - "http://sundog-soft.com/wp-cron.php?doing_wp_cron=1493535373.8044440746307373046875" "WordPress/4.7.4; http://sundog-soft.com"
185.26.92.74 - - [30/Apr/2017:06:56:13 +0000] "GET /2016/02/check-out-my-new-course-on-data-science-and-machine-learning-with-python/ HTTP/1.1" 200 14711 "-" "GarlikCrawler/1.2 (http://garlik.com/, crawler@garlik.com)"
54.210.20.202 - - [30/Apr/2017:06:56:23 +0000] "POST /wp-cron.php?doing_wp_cron=1493535383.2116110324859619140625 HTTP/1.1" 200 - "http://sundog-soft.com/wp-cron.php?doing_wp_cron=1493535383.2116110324859619140625" "WordPress/4.7.4; http://sundog-soft.com"
185.26.92.74 - - [30/Apr/2017:06:56:22 +0000] "GET /2016/01/eddies-and-tidal-streams-with-triton/ HTTP/1.1" 200 14585 "-" "GarlikCrawler/1.2 (http://garlik.com/, crawler@garlik.com)"
54.210.20.202 - - [30/Apr/2017:06:56:36 +0000] "POST /wp-cron.php?doing_wp_cron=1493535396.0153050422668457031250 HTTP/1.1" 200 - "http://sundog-soft.com/wp-cron.php?doing_wp_cron=1493535396.0153050422668457031250" "WordPress/4.7.4; http://sundog-soft.com"
185.26.92.74 - - [30/Apr/2017:06:56:35 +0000] "GET /2016/01/thanks-for-a-great-2015/ HTTP/1.1" 200 15394 "-" "GarlikCrawler/1.2 (http://garlik.com/, crawler@garlik.com)"
54.210.20.202 - - [30/Apr/2017:06:56:46 +0000] "POST /wp-cron.php?doing_wp_cron=1493535406.4652349948883056640625 HTTP/1.1" 200 - "http://sundog-soft.com/wp-cron.php?doing_wp_cron=1493535406.4652349948883056640625" "WordPress/4.7.4; http://sundog-soft.com"
185.26.92.74 - - [30/Apr/2017:06:56:45 +0000] "GET /2014/12/per-pixel-prop-wash-triton-3-05/ HTTP/1.1" 200 14505 "-" "GarlikCrawler/1.2 (http://garlik.com/, crawler@garlik.com)"
54.210.20.202 - - [30/Apr/2017:06:56:54 +0000] "POST /wp-cron.php?doing_wp_cron=1493535414.3727390766143798828125 HTTP/1.1" 200 - "http://sundog-soft.com/wp-cron.php?doing_wp_cron=1493535414.3727390766143798828125" "WordPress/4.7.4; http://sundog-soft.com"
185.26.92.74 - - [30/Apr/2017:06:56:53 +0000] "GET /2015/12/3092/ HTTP/1.1" 200 17257 "-" "GarlikCrawler/1.2 (http://garlik.com/, crawler@garlik.com)"
54.210.20.202 - - [30/Apr/2017:06:57:04 +0000] "POST /wp-cron.php?doing_wp_cron=1493535424.7437050342559814453125 HTTP/1.1" 200 - "http://sundog-soft.com/wp-cron.php?doing_wp_cron=1493535424.7437050342559814453125" "WordPress/4.7.4; http://sundog-soft.com"
185.26.92.74 - - [30/Apr/2017:06:57:04 +0000] "GET /2015/12/more-silverlining-performance-tips/ HTTP/1.1" 200 15051 "-" "GarlikCrawler/1.2 (http://garlik.com/, crawler@garlik.com)"
54.210.20.202 - - [30/Apr/2017:06:57:06 +0000] "POST /wp-cron.php?doing_wp_cron=1493535426.7855050563812255859375 HTTP/1.1" 200 - "http://sundog-soft.com/wp-cron.php?doing_wp_cron=1493535426.7855050563812255859375" "WordPress/4.7.4; http://sundog-soft.com"
104.154.198.228 - - [30/Apr/2017:06:57:06 +0000] "GET /feed/ HTTP/1.1" 200 31812 "-" "Java/1.8.0_121"
54.210.20.202 - - [30/Apr/2017:06:57:13 +0000] "POST /wp-cron.php?doing_wp_cron=1493535433.9543049335479736328125 HTTP/1.1" 200 - "http://sundog-soft.com/wp-cron.php?doing_wp_cron=1493535433.9543049335479736328125" "WordPress/4.7.4; http://sundog-soft.com"
185.26.92.74 - - [30/Apr/2017:06:57:13 +0000] "GET /2015/12/reverse-depth-buffer-with-triton-and-silverlining/ HTTP/1.1" 200 15301 "-" "GarlikCrawler/1.2 (http://garlik.com/, crawler@garlik.com)"
54.210.20.202 - - [30/Apr/2017:06:57:23 +0000] "POST /wp-cron.php?doing_wp_cron=1493535443.5988268852233886718750 HTTP/1.1" 200 - "http://sundog-soft.com/wp-cron.php?doing_wp_cron=1493535443.5988268852233886718750" "WordPress/4.7.4; http://sundog-soft.com"
185.26.92.74 - - [30/Apr/2017:06:57:22 +0000] "GET /2015/12/thanks-for-a-great-iitsec-2015/ HTTP/1.1" 200 14726 "-" "GarlikCrawler/1.2 (http://garlik.com/, crawler@garlik.com)"
89.234.157.254 - - [30/Apr/2017:06:57:29 +0000] "GET / HTTP/1.1" 301 - "-" "Mozilla/5.0 (Windows NT 5.1; rv:7.0.1) Gecko/20100101 Firefox/7.0.1"
54.210.20.202 - - [30/Apr/2017:06:57:30 +0000] "POST /wp-cron.php?doing_wp_cron=1493535450.1009750366210937500000 HTTP/1.1" 200 - "http://sundog-soft.com/wp-cron.php?doing_wp_cron=1493535450.1009750366210937500000" "WordPress/4.7.4; http://sundog-soft.com"
185.26.92.74 - - [30/Apr/2017:06:57:30 +0000] "GET /2015/03/triton-ocean-sdk-performance-tips/ HTTP/1.1" 200 16371 "-" "GarlikCrawler/1.2 (http://garlik.com/, crawler@garlik.com)"
89.234.157.254 - - [30/Apr/2017:06:57:31 +0000] "GET / HTTP/1.1" 200 20503 "-" "Mozilla/5.0 (Windows NT 5.1; rv:7.0.1) Gecko/20100101 Firefox/7.0.1"
54.210.20.202 - - [30/Apr/2017:06:57:34 +0000] "POST /wp-cron.php?doing_wp_cron=1493535454.1649320125579833984375 HTTP/1.1" 200 - "http://sundog-soft.com/wp-cron.php?doing_wp_cron=1493535454.1649320125579833984375" "WordPress/4.7.4; http://sundog-soft.com"
89.234.157.254 - - [30/Apr/2017:06:57:33 +0000] "GET / HTTP/1.1" 301 - "http://sundogsoft.com/" "Mozilla/5.0 (Windows NT 5.1; rv:7.0.1) Gecko/20100101 Firefox/7.0.1"
54.210.20.202 - - [30/Apr/2017:06:57:39 +0000] "POST /wp-cron.php?doing_wp_cron=1493535459.4366140365600585937500 HTTP/1.1" 200 - "http://sundog-soft.com/wp-cron.php?doing_wp_cron=1493535459.4366140365600585937500" "WordPress/4.7.4; http://sundog-soft.com"
185.26.92.74 - - [30/Apr/2017:06:57:38 +0000] "GET /2015/03/about-silverlining-skies-3d-clouds-for-unity/ HTTP/1.1" 200 15120 "-" "GarlikCrawler/1.2 (http://garlik.com/, crawler@garlik.com)"
128.52.128.105 - - [30/Apr/2017:06:57:47 +0000] "GET / HTTP/1.1" 200 20503 "http://sundogsoft.com/" "Mozilla/5.0 (Windows NT 5.1; rv:7.0.1) Gecko/20100101 Firefox/7.0.1"
54.210.20.202 - - [30/Apr/2017:06:57:46 +0000] "POST /wp-cron.php?doing_wp_cron=1493535466.7010850906372070312500 HTTP/1.1" 200 - "http://sundog-soft.com/wp-cron.php?doing_wp_cron=1493535466.7010850906372070312500" "WordPress/4.7.4; http://sundog-soft.com"
185.26.92.74 - - [30/Apr/2017:06:57:46 +0000] "GET /2015/02/silverlining-performance-tips/ HTTP/1.1" 200 15942 "-" "GarlikCrawler/1.2 (http://garlik.com/, crawler@garlik.com)"
185.26.92.74 - - [30/Apr/2017:06:57:53 +0000] "GET /2015/02/training-astronauts/ HTTP/1.1" 200 14915 "-" "GarlikCrawler/1.2 (http://garlik.com/, crawler@garlik.com)"
54.210.20.202 - - [30/Apr/2017:06:57:58 +0000] "POST /wp-cron.php?doing_wp_cron=1493535478.9874360561370849609375 HTTP/1.1" 200 - "http://sundog-soft.com/wp-cron.php?doing_wp_cron=1493535478.9874360561370849609375" "WordPress/4.7.4; http://sundog-soft.com"
185.26.92.74 - - [30/Apr/2017:06:57:58 +0000] "GET /2015/10/intersection-tests-with-cumulus-clouds-in-silverlining/ HTTP/1.1" 200 14365 "-" "GarlikCrawler/1.2 (http://garlik.com/, crawler@garlik.com)"
185.26.92.74 - - [30/Apr/2017:06:58:08 +0000] "GET /sds/features/ocean-and-water-rendering-with-triton/ HTTP/1.1" 301 278 "-" "GarlikCrawler/1.2 (http://garlik.com/, crawler@garlik.com)"
185.26.92.74 - - [30/Apr/2017:06:58:08 +0000] "GET /features/ocean-and-water-rendering-with-triton/ HTTP/1.1" 200 16609 "-" "GarlikCrawler/1.2 (http://garlik.com/, crawler@garlik.com)"
54.210.20.202 - - [30/Apr/2017:06:58:12 +0000] "POST /wp-cron.php?doing_wp_cron=1493535492.9707849025726318359375 HTTP/1.1" 200 - "http://sundog-soft.com/wp-cron.php?doing_wp_cron=1493535492.9707849025726318359375" "WordPress/4.7.4; http://sundog-soft.com"
199.21.99.207 - - [30/Apr/2017:06:58:12 +0000] "GET /2014/04/better-swells-spray-whitecaps-triton-2-78/ HTTP/1.1" 200 15719 "-" "Mozilla/5.0 (compatible; YandexBot/3.0; +http://yandex.com/bots)"
54.210.20.202 - - [30/Apr/2017:06:58:14 +0000] "POST /wp-cron.php?doing_wp_cron=1493535494.5514400005340576171875 HTTP/1.1" 200 - "http://sundog-soft.com/wp-cron.php?doing_wp_cron=1493535494.5514400005340576171875" "WordPress/4.7.4; http://sundog-soft.com"
185.26.92.74 - - [30/Apr/2017:06:58:13 +0000] "GET /2015/02/check-latest-demo-reel/ HTTP/1.1" 200 14094 "-" "GarlikCrawler/1.2 (http://garlik.com/, crawler@garlik.com)"
46.52.255.18 - - [30/Apr/2017:06:58:22 +0000] "GET /wp-login.php HTTP/1.1" 200 5226 "-" "Mozilla/5.0 (Windows NT 6.0; rv:34.0) Gecko/20100101 Firefox/34.0"
54.210.20.202 - - [30/Apr/2017:06:58:23 +0000] "POST /wp-cron.php?doing_wp_cron=1493535503.4941549301147460937500 HTTP/1.1" 200 - "http://sundog-soft.com/wp-cron.php?doing_wp_cron=1493535503.4941549301147460937500" "WordPress/4.7.4; http://sundog-soft.com"
185.26.92.74 - - [30/Apr/2017:06:58:23 +0000] "GET /2015/01/new-x-plane-video-featuring-silverlinings-clouds/ HTTP/1.1" 200 14235 "-" "GarlikCrawler/1.2 (http://garlik.com/, crawler@garlik.com)"
54.210.20.202 - - [30/Apr/2017:06:58:25 +0000] "POST /wp-cron.php?doing_wp_cron=1493535505.7555160522460937500000 HTTP/1.1" 200 - "http://sundog-soft.com/wp-cron.php?doing_wp_cron=1493535505.7555160522460937500000" "WordPress/4.7.4; http://sundog-soft.com"
46.52.255.18 - - [30/Apr/2017:06:58:24 +0000] "POST /wp-login.php HTTP/1.1" 200 6182 "http://sundog-soft.com/wp-login.php" "Mozilla/5.0 (Windows NT 6.0; rv:34.0) Gecko/20100101 Firefox/34.0"
54.210.20.202 - - [30/Apr/2017:06:58:32 +0000] "POST /wp-cron.php?doing_wp_cron=1493535512.0189518928527832031250 HTTP/1.1" 200 - "http://sundog-soft.com/wp-cron.php?doing_wp_cron=1493535512.0189518928527832031250" "WordPress/4.7.4; http://sundog-soft.com"
185.26.92.74 - - [30/Apr/2017:06:58:31 +0000] "GET /2015/01/breaking-waves-enhanced-triton-3-06/ HTTP/1.1" 200 14462 "-" "GarlikCrawler/1.2 (http://garlik.com/, crawler@garlik.com)"
185.26.92.74 - - [30/Apr/2017:06:58:38 +0000] "GET /2015/01/sundog-revenue-27-2014/ HTTP/1.1" 200 14847 "-" "GarlikCrawler/1.2 (http://garlik.com/, crawler@garlik.com)"
70.39.246.37 - - [30/Apr/2017:06:58:43 +0000] "GET /sds/feed/ HTTP/1.1" 301 236 "-" "Mozilla/5.0 Moreover/5.1 (+http://www.moreover.com; webmaster@moreover.com)"
54.210.20.202 - - [30/Apr/2017:06:58:43 +0000] "POST /wp-cron.php?doing_wp_cron=1493535523.1096489429473876953125 HTTP/1.1" 200 - "http://sundog-soft.com/wp-cron.php?doing_wp_cron=1493535523.1096489429473876953125" "WordPress/4.7.4; http://sundog-soft.com"
185.26.92.74 - - [30/Apr/2017:06:58:42 +0000] "GET /2015/11/whos-going-to-iitsec/ HTTP/1.1" 200 14391 "-" "GarlikCrawler/1.2 (http://garlik.com/, crawler@garlik.com)"
70.39.246.37 - - [30/Apr/2017:06:58:43 +0000] "GET /feed/ HTTP/1.1" 200 31812 "-" "Mozilla/5.0 Moreover/5.1 (+http://www.moreover.com; webmaster@moreover.com)"
54.210.20.202 - - [30/Apr/2017:06:58:52 +0000] "POST /wp-cron.php?doing_wp_cron=1493535532.3734970092773437500000 HTTP/1.1" 200 - "http://sundog-soft.com/wp-cron.php?doing_wp_cron=1493535532.3734970092773437500000" "WordPress/4.7.4; http://sundog-soft.com"
185.26.92.74 - - [30/Apr/2017:06:58:51 +0000] "GET /2014/12/ephemeris-model-improved-silverlining/ HTTP/1.1" 200 15012 "-" "GarlikCrawler/1.2 (http://garlik.com/, crawler@garlik.com)"
220.181.108.183 - - [30/Apr/2017:06:58:54 +0000] "GET /docs/triton/gettingstarted.html HTTP/1.1" 200 11386 "-" "Mozilla/5.0 (compatible; Baiduspider/2.0; +http://www.baidu.com/search/spider.html)"
185.26.92.74 - - [30/Apr/2017:06:59:01 +0000] "GET /our-software-licensing-agreement/ HTTP/1.1" 200 15952 "-" "GarlikCrawler/1.2 (http://garlik.com/, crawler@garlik.com)"
54.210.20.202 - - [30/Apr/2017:06:59:07 +0000] "POST /wp-cron.php?doing_wp_cron=1493535547.0948610305786132812500 HTTP/1.1" 200 - "http://sundog-soft.com/wp-cron.php?doing_wp_cron=1493535547.0948610305786132812500" "WordPress/4.7.4; http://sundog-soft.com"
185.26.92.74 - - [30/Apr/2017:06:59:06 +0000] "GET /2015/11/field-of-view-triton-and-you/ HTTP/1.1" 200 14768 "-" "GarlikCrawler/1.2 (http://garlik.com/, crawler@garlik.com)"
54.210.20.202 - - [30/Apr/2017:06:59:09 +0000] "POST /wp-cron.php?doing_wp_cron=1493535549.5413401126861572265625 HTTP/1.1" 200 - "http://sundog-soft.com/wp-cron.php?doing_wp_cron=1493535549.5413401126861572265625" "WordPress/4.7.4; http://sundog-soft.com"
194.60.244.185 - - [30/Apr/2017:06:59:08 +0000] "GET /wp-login.php HTTP/1.1" 200 5226 "-" "Mozilla/5.0 (Windows NT 6.0; rv:34.0) Gecko/20100101 Firefox/34.0"
54.210.20.202 - - [30/Apr/2017:06:59:11 +0000] "POST /wp-cron.php?doing_wp_cron=1493535551.0476779937744140625000 HTTP/1.1" 200 - "http://sundog-soft.com/wp-cron.php?doing_wp_cron=1493535551.0476779937744140625000" "WordPress/4.7.4; http://sundog-soft.com"
194.60.244.185 - - [30/Apr/2017:06:59:10 +0000] "POST /wp-login.php HTTP/1.1" 200 6182 "http://sundog-soft.com/wp-login.php" "Mozilla/5.0 (Windows NT 6.0; rv:34.0) Gecko/20100101 Firefox/34.0"
185.26.92.74 - - [30/Apr/2017:06:59:15 +0000] "GET /2015/10/skymaxx-pro-3-is-a-success/ HTTP/1.1" 200 14873 "-" "GarlikCrawler/1.2 (http://garlik.com/, crawler@garlik.com)"
54.210.20.202 - - [30/Apr/2017:06:59:22 +0000] "POST /wp-cron.php?doing_wp_cron=1493535562.1744649410247802734375 HTTP/1.1" 200 - "http://sundog-soft.com/wp-cron.php?doing_wp_cron=1493535562.1744649410247802734375" "WordPress/4.7.4; http://sundog-soft.com"
185.26.92.74 - - [30/Apr/2017:06:59:21 +0000] "GET /2015/10/skymaxx-pro-3-for-x-plane-is-out/ HTTP/1.1" 200 14207 "-" "GarlikCrawler/1.2 (http://garlik.com/, crawler@garlik.com)"
54.210.20.202 - - [30/Apr/2017:06:59:31 +0000] "POST /wp-cron.php?doing_wp_cron=1493535571.6407859325408935546875 HTTP/1.1" 200 - "http://sundog-soft.com/wp-cron.php?doing_wp_cron=1493535571.6407859325408935546875" "WordPress/4.7.4; http://sundog-soft.com"
185.26.92.74 - - [30/Apr/2017:06:59:31 +0000] "GET /2015/10/opengl-vs-directx-fight/ HTTP/1.1" 200 16292 "-" "GarlikCrawler/1.2 (http://garlik.com/, crawler@garlik.com)"
185.26.92.74 - - [30/Apr/2017:06:59:42 +0000] "GET /2015/10/silverlining-now-supports-directx-11-1-2/ HTTP/1.1" 200 14929 "-" "GarlikCrawler/1.2 (http://garlik.com/, crawler@garlik.com)"
54.210.20.202 - - [30/Apr/2017:06:59:43 +0000] "GET /sitemap_index.xml HTTP/1.1" 200 389 "http://sundog-soft.com/sitemap_index.xml" "W3 Total Cache"
54.210.20.202 - - [30/Apr/2017:06:59:44 +0000] "GET /post-sitemap.xml HTTP/1.1" 200 13654 "http://sundog-soft.com/post-sitemap.xml" "W3 Total Cache"
54.210.20.202 - - [30/Apr/2017:06:59:45 +0000] "GET /page-sitemap.xml HTTP/1.1" 200 2198 "http://sundog-soft.com/page-sitemap.xml" "W3 Total Cache"
54.210.20.202 - - [30/Apr/2017:06:59:45 +0000] "GET /product-sitemap.xml HTTP/1.1" 200 555 "http://sundog-soft.com/product-sitemap.xml" "W3 Total Cache"
54.210.20.202 - - [30/Apr/2017:06:59:46 +0000] "GET /creativo_portfolio-sitemap.xml HTTP/1.1" 200 658 "http://sundog-soft.com/creativo_portfolio-sitemap.xml" "W3 Total Cache"
54.210.20.202 - - [30/Apr/2017:06:59:47 +0000] "GET /clients-sitemap.xml HTTP/1.1" 200 3298 "http://sundog-soft.com/clients-sitemap.xml" "W3 Total Cache"
54.210.20.202 - - [30/Apr/2017:06:59:47 +0000] "GET /category-sitemap.xml HTTP/1.1" 200 411 "http://sundog-soft.com/category-sitemap.xml" "W3 Total Cache"
54.210.20.202 - - [30/Apr/2017:06:59:48 +0000] "GET /portfolio_category-sitemap.xml HTTP/1.1" 200 337 "http://sundog-soft.com/portfolio_category-sitemap.xml" "W3 Total Cache"
54.210.20.202 - - [30/Apr/2017:06:59:49 +0000] "GET /author-sitemap.xml HTTP/1.1" 200 347 "http://sundog-soft.com/author-sitemap.xml" "W3 Total Cache"
54.210.20.202 - - [30/Apr/2017:06:59:50 +0000] "GET /clients/vianova/ HTTP/1.1" 200 13307 "http://sundog-soft.com/clients/vianova/" "WordPress"
54.210.20.202 - - [30/Apr/2017:06:59:50 +0000] "GET /clients/urs/ HTTP/1.1" 200 13293 "http://sundog-soft.com/clients/urs/" "WordPress"
54.210.20.202 - - [30/Apr/2017:06:59:51 +0000] "GET /clients/visionscape/ HTTP/1.1" 200 13305 "http://sundog-soft.com/clients/visionscape/" "WordPress"
54.210.20.202 - - [30/Apr/2017:06:59:52 +0000] "GET /clients/vizerra/ HTTP/1.1" 200 13305 "http://sundog-soft.com/clients/vizerra/" "WordPress"
54.210.20.202 - - [30/Apr/2017:06:59:53 +0000] "GET /clients/wsp/ HTTP/1.1" 200 13309 "http://sundog-soft.com/clients/wsp/" "WordPress"
185.26.92.74 - - [30/Apr/2017:06:59:54 +0000] "GET /2014/12/3d-water-oculus-rift/ HTTP/1.1" 200 15247 "-" "GarlikCrawler/1.2 (http://garlik.com/, crawler@garlik.com)"
54.210.20.202 - - [30/Apr/2017:06:59:54 +0000] "GET /clients/uhk/ HTTP/1.1" 200 13291 "http://sundog-soft.com/clients/uhk/" "WordPress"
54.210.20.202 - - [30/Apr/2017:06:59:55 +0000] "GET /clients/tree-c/ HTTP/1.1" 200 13311 "http://sundog-soft.com/clients/tree-c/" "WordPress"
54.210.20.202 - - [30/Apr/2017:06:59:56 +0000] "GET /clients/tern-systems/ HTTP/1.1" 200 13325 "http://sundog-soft.com/clients/tern-systems/" "WordPress"
54.210.20.202 - - [30/Apr/2017:06:59:57 +0000] "GET /clients/thales/ HTTP/1.1" 200 13307 "http://sundog-soft.com/clients/thales/" "WordPress"
54.210.20.202 - - [30/Apr/2017:06:59:57 +0000] "GET /clients/think-kui/ HTTP/1.1" 200 13324 "http://sundog-soft.com/clients/think-kui/" "WordPress"
54.210.20.202 - - [30/Apr/2017:06:59:42 +0000] "POST /wp-cron.php?doing_wp_cron=1493535582.9232220649719238281250 HTTP/1.1" 200 - "http://sundog-soft.com/wp-cron.php?doing_wp_cron=1493535582.9232220649719238281250" "WordPress/4.7.4; http://sundog-soft.com"
54.210.20.202 - - [30/Apr/2017:07:00:01 +0000] "POST /wp-cron.php?doing_wp_cron=1493535601.3233089447021484375000 HTTP/1.1" 200 - "http://sundog-soft.com/wp-cron.php?doing_wp_cron=1493535601.3233089447021484375000" "WordPress/4.7.4; http://sundog-soft.com"
188.234.246.104 - - [30/Apr/2017:07:00:00 +0000] "GET /wp-login.php HTTP/1.1" 200 5226 "-" "Mozilla/5.0 (Windows NT 6.0; rv:34.0) Gecko/20100101 Firefox/34.0"
54.210.20.202 - - [30/Apr/2017:07:00:03 +0000] "POST /wp-cron.php?doing_wp_cron=1493535603.4672040939331054687500 HTTP/1.1" 200 - "http://sundog-soft.com/wp-cron.php?doing_wp_cron=1493535603.4672040939331054687500" "WordPress/4.7.4; http://sundog-soft.com"
188.234.246.104 - - [30/Apr/2017:07:00:02 +0000] "POST /wp-login.php HTTP/1.1" 200 6182 "http://sundog-soft.com/wp-login.php" "Mozilla/5.0 (Windows NT 6.0; rv:34.0) Gecko/20100101 Firefox/34.0"
185.26.92.74 - - [30/Apr/2017:07:00:04 +0000] "GET /2014/10/sandstorm-simulation-now-silverlining/ HTTP/1.1" 200 14527 "-" "GarlikCrawler/1.2 (http://garlik.com/, crawler@garlik.com)"
54.210.20.202 - - [30/Apr/2017:07:00:13 +0000] "POST /wp-cron.php?doing_wp_cron=1493535613.0245020389556884765625 HTTP/1.1" 200 - "http://sundog-soft.com/wp-cron.php?doing_wp_cron=1493535613.0245020389556884765625" "WordPress/4.7.4; http://sundog-soft.com"
185.26.92.74 - - [30/Apr/2017:07:00:12 +0000] "GET /2014/10/3000ads-line-defense-features-sundog-environmental-fx/ HTTP/1.1" 200 14608 "-" "GarlikCrawler/1.2 (http://garlik.com/, crawler@garlik.com)"
54.210.20.202 - - [30/Apr/2017:07:00:23 +0000] "POST /wp-cron.php?doing_wp_cron=1493535623.6281199455261230468750 HTTP/1.1" 200 - "http://sundog-soft.com/wp-cron.php?doing_wp_cron=1493535623.6281199455261230468750" "WordPress/4.7.4; http://sundog-soft.com"
185.26.92.74 - - [30/Apr/2017:07:00:23 +0000] "GET /2014/10/sundog-gets-involved-space-research/ HTTP/1.1" 200 15101 "-" "GarlikCrawler/1.2 (http://garlik.com/, crawler@garlik.com)"
54.210.20.202 - - [30/Apr/2017:07:00:33 +0000] "POST /wp-cron.php?doing_wp_cron=1493535633.7639269828796386718750 HTTP/1.1" 200 - "http://sundog-soft.com/wp-cron.php?doing_wp_cron=1493535633.7639269828796386718750" "WordPress/4.7.4; http://sundog-soft.com"
185.26.92.74 - - [30/Apr/2017:07:00:33 +0000] "GET /2014/10/triton-3d-water-unity-pro-updated/ HTTP/1.1" 200 14416 "-" "GarlikCrawler/1.2 (http://garlik.com/, crawler@garlik.com)"
199.21.99.207 - - [30/Apr/2017:07:00:42 +0000] "GET /docs/triton/_mem_alloc_8h.html HTTP/1.1" 200 2835 "-" "Mozilla/5.0 (compatible; YandexBot/3.0; +http://yandex.com/bots)"
185.26.92.74 - - [30/Apr/2017:07:00:42 +0000] "GET /2014/10/train-simulator-2015-gets-3d-weather-silverlining/ HTTP/1.1" 200 14510 "-" "GarlikCrawler/1.2 (http://garlik.com/, crawler@garlik.com)"
54.210.20.202 - - [30/Apr/2017:07:00:48 +0000] "POST /wp-cron.php?doing_wp_cron=1493535648.4658260345458984375000 HTTP/1.1" 200 - "http://sundog-soft.com/wp-cron.php?doing_wp_cron=1493535648.4658260345458984375000" "WordPress/4.7.4; http://sundog-soft.com"
185.26.92.74 - - [30/Apr/2017:07:00:47 +0000] "GET /2014/10/3d-clouds-water-ogre-1-9/ HTTP/1.1" 200 14946 "-" "GarlikCrawler/1.2 (http://garlik.com/, crawler@garlik.com)"
54.210.20.202 - - [30/Apr/2017:07:00:56 +0000] "POST /wp-cron.php?doing_wp_cron=1493535656.2798299789428710937500 HTTP/1.1" 200 - "http://sundog-soft.com/wp-cron.php?doing_wp_cron=1493535656.2798299789428710937500" "WordPress/4.7.4; http://sundog-soft.com"
185.26.92.74 - - [30/Apr/2017:07:00:55 +0000] "GET /2015/10/i-launched-an-apache-spark-course/ HTTP/1.1" 200 14651 "-" "GarlikCrawler/1.2 (http://garlik.com/, crawler@garlik.com)"
54.210.20.202 - - [30/Apr/2017:07:01:05 +0000] "POST /wp-cron.php?doing_wp_cron=1493535665.6527719497680664062500 HTTP/1.1" 200 - "http://sundog-soft.com/wp-cron.php?doing_wp_cron=1493535665.6527719497680664062500" "WordPress/4.7.4; http://sundog-soft.com"
185.26.92.74 - - [30/Apr/2017:07:01:05 +0000] "GET /2015/10/tritons-ocean-spray-improved/ HTTP/1.1" 200 14411 "-" "GarlikCrawler/1.2 (http://garlik.com/, crawler@garlik.com)"
54.210.20.202 - - [30/Apr/2017:07:01:15 +0000] "POST /wp-cron.php?doing_wp_cron=1493535675.9111959934234619140625 HTTP/1.1" 200 - "http://sundog-soft.com/wp-cron.php?doing_wp_cron=1493535675.9111959934234619140625" "WordPress/4.7.4; http://sundog-soft.com"
185.26.92.74 - - [30/Apr/2017:07:01:15 +0000] "GET /2015/09/skymaxx-pro-3-is-coming/ HTTP/1.1" 200 14192 "-" "GarlikCrawler/1.2 (http://garlik.com/, crawler@garlik.com)"
54.210.20.202 - - [30/Apr/2017:07:01:24 +0000] "POST /wp-cron.php?doing_wp_cron=1493535684.2587380409240722656250 HTTP/1.1" 200 - "http://sundog-soft.com/wp-cron.php?doing_wp_cron=1493535684.2587380409240722656250" "WordPress/4.7.4; http://sundog-soft.com"
185.26.92.74 - - [30/Apr/2017:07:01:23 +0000] "GET /2015/09/check-out-our-new-silverlining-promo-video/ HTTP/1.1" 200 14176 "-" "GarlikCrawler/1.2 (http://garlik.com/, crawler@garlik.com)"
185.26.92.74 - - [30/Apr/2017:07:01:32 +0000] "GET /2015/09/a-logarithmic-depth-buffer-example/ HTTP/1.1" 200 15095 "-" "GarlikCrawler/1.2 (http://garlik.com/, crawler@garlik.com)"
54.210.20.202 - - [30/Apr/2017:07:01:40 +0000] "POST /wp-cron.php?doing_wp_cron=1493535700.2209970951080322265625 HTTP/1.1" 200 - "http://sundog-soft.com/wp-cron.php?doing_wp_cron=1493535700.2209970951080322265625" "WordPress/4.7.4; http://sundog-soft.com"
185.26.92.74 - - [30/Apr/2017:07:01:39 +0000] "GET /2015/09/triton-oceans-for-unity-updated/ HTTP/1.1" 200 14758 "-" "GarlikCrawler/1.2 (http://garlik.com/, crawler@garlik.com)"
54.210.20.202 - - [30/Apr/2017:07:01:47 +0000] "POST /wp-cron.php?doing_wp_cron=1493535707.1321599483489990234375 HTTP/1.1" 200 - "http://sundog-soft.com/wp-cron.php?doing_wp_cron=1493535707.1321599483489990234375" "WordPress/4.7.4; http://sundog-soft.com"
185.26.92.74 - - [30/Apr/2017:07:01:46 +0000] "GET /2015/09/which-way-does-the-moon-face/ HTTP/1.1" 200 14871 "-" "GarlikCrawler/1.2 (http://garlik.com/, crawler@garlik.com)"
54.210.20.202 - - [30/Apr/2017:07:01:53 +0000] "POST /wp-cron.php?doing_wp_cron=1493535713.6784150600433349609375 HTTP/1.1" 200 - "http://sundog-soft.com/wp-cron.php?doing_wp_cron=1493535713.6784150600433349609375" "WordPress/4.7.4; http://sundog-soft.com"
185.26.92.74 - - [30/Apr/2017:07:01:53 +0000] "GET /2015/09/tiny-bubbles-in-the-ocean/ HTTP/1.1" 200 14493 "-" "GarlikCrawler/1.2 (http://garlik.com/, crawler@garlik.com)"
216.244.66.246 - - [30/Apr/2017:07:02:32 +0000] "GET /sds/2013/03/triton-ocean-sdk-2-0-adds-shorelines-rotor-wash-impacts-more/ HTTP/1.1" 301 300 "-" "Mozilla/5.0 (compatible; DotBot/1.1; http://www.opensiteexplorer.org/dotbot, help@moz.com)"
66.249.64.249 - - [30/Apr/2017:07:03:16 +0000] "GET /robots.txt HTTP/1.1" 200 67 "-" "Mozilla/5.0 (compatible; Googlebot/2.1; +http://www.google.com/bot.html)"
66.249.64.194 - - [30/Apr/2017:07:03:18 +0000] "GET /wp-content/plugins/woocommerce/assets/js/js-cookie/js.cookie.min.js?ver=2.1.3 HTTP/1.1" 200 987 "http://sundog-soft.com/features/ocean-and-water-rendering-with-triton/unity-water-effects-with-triton-for-unity-pro/" "Mozilla/5.0 (compatible; Googlebot/2.1; +http://www.google.com/bot.html)"
54.210.20.202 - - [30/Apr/2017:07:03:16 +0000] "POST /wp-cron.php?doing_wp_cron=1493535796.7656910419464111328125 HTTP/1.1" 200 - "http://sundog-soft.com/wp-cron.php?doing_wp_cron=1493535796.7656910419464111328125" "WordPress/4.7.4; http://sundog-soft.com"
157.55.39.63 - - [30/Apr/2017:07:03:16 +0000] "GET /features/ocean-and-water-rendering-with-triton/unity-water-effects-with-triton-for-unity-pro/ HTTP/1.1" 200 16358 "-" "Mozilla/5.0 (compatible; bingbot/2.0; +http://www.bing.com/bingbot.htm)"
54.210.20.202 - - [30/Apr/2017:07:03:32 +0000] "POST /wp-cron.php?doing_wp_cron=1493535812.1461501121520996093750 HTTP/1.1" 200 - "http://sundog-soft.com/wp-cron.php?doing_wp_cron=1493535812.1461501121520996093750" "WordPress/4.7.4; http://sundog-soft.com"
108.171.129.169 - - [30/Apr/2017:07:03:31 +0000] "GET /feed/ HTTP/1.1" 200 31812 "-" "Mozilla/5.0 (Windows NT 6.1; Win64; x64; rv:53.0) Gecko/20100101 Firefox/53.0"
54.210.20.202 - - [30/Apr/2017:07:04:23 +0000] "POST /wp-cron.php?doing_wp_cron=1493535863.0665709972381591796875 HTTP/1.1" 200 - "http://sundog-soft.com/wp-cron.php?doing_wp_cron=1493535863.0665709972381591796875" "WordPress/4.7.4; http://sundog-soft.com"
178.161.150.185 - - [30/Apr/2017:07:04:22 +0000] "GET /wp-login.php HTTP/1.1" 200 5226 "-" "Mozilla/5.0 (Windows NT 6.0; rv:34.0) Gecko/20100101 Firefox/34.0"
54.210.20.202 - - [30/Apr/2017:07:04:24 +0000] "POST /wp-cron.php?doing_wp_cron=1493535864.6614348888397216796875 HTTP/1.1" 200 - "http://sundog-soft.com/wp-cron.php?doing_wp_cron=1493535864.6614348888397216796875" "WordPress/4.7.4; http://sundog-soft.com"
178.161.150.185 - - [30/Apr/2017:07:04:24 +0000] "POST /wp-login.php HTTP/1.1" 200 6182 "http://sundog-soft.com/wp-login.php" "Mozilla/5.0 (Windows NT 6.0; rv:34.0) Gecko/20100101 Firefox/34.0"
100.43.90.9 - - [30/Apr/2017:07:05:13 +0000] "GET /wp-content/gallery/triton/confused-best.jpg HTTP/1.1" 200 446908 "-" "Mozilla/5.0 (compatible; YandexBot/3.0; +http://yandex.com/bots)"
54.210.20.202 - - [30/Apr/2017:07:06:06 +0000] "POST /wp-cron.php?doing_wp_cron=1493535966.1909410953521728515625 HTTP/1.1" 200 - "http://sundog-soft.com/wp-cron.php?doing_wp_cron=1493535966.1909410953521728515625" "WordPress/4.7.4; http://sundog-soft.com"
104.154.198.228 - - [30/Apr/2017:07:06:05 +0000] "GET /feed/ HTTP/1.1" 200 31812 "-" "Java/1.8.0_121"
216.244.66.246 - - [30/Apr/2017:07:06:30 +0000] "GET /sds/2013/10/triton-ocean-unity-pro-mac-os-x/ HTTP/1.1" 301 271 "-" "Mozilla/5.0 (compatible; DotBot/1.1; http://www.opensiteexplorer.org/dotbot, help@moz.com)"
216.244.66.246 - - [30/Apr/2017:07:06:33 +0000] "GET /2014/12/per-pixel-prop-wash-triton-3-05/ HTTP/1.1" 200 61230 "-" "Mozilla/5.0 (compatible; DotBot/1.1; http://www.opensiteexplorer.org/dotbot, help@moz.com)"
54.210.20.202 - - [30/Apr/2017:07:06:33 +0000] "POST /wp-cron.php?doing_wp_cron=1493535993.5773749351501464843750 HTTP/1.1" 200 - "http://sundog-soft.com/wp-cron.php?doing_wp_cron=1493535993.5773749351501464843750" "WordPress/4.7.4; http://sundog-soft.com"
216.244.66.246 - - [30/Apr/2017:07:06:32 +0000] "GET /2013/11/visual-studio-2013-support-silverlining-triton/ HTTP/1.1" 200 61647 "-" "Mozilla/5.0 (compatible; DotBot/1.1; http://www.opensiteexplorer.org/dotbot, help@moz.com)"
